--------- beginning of system
05-09 19:02:46.387  1203  3717 W ActivityManager: Foreground service started from background can not have location/camera/microphone access: service com.nisargjhaveri.netspeed/.IndicatorService
--------- beginning of main
05-09 19:02:46.388  1610 17819 D SecFgsManagerControllerImpl: onForegroundStateChanged: dialogShown:false, isForeground:true, packageName:com.nisargjhaveri.netspeed , token:android.os.BinderProxy@4ec2826, userId:0
05-09 19:02:46.391  1203  1258 D ApplicationPolicy: isStatusBarNotificationAllowedAsUser: packageName = com.nisargjhaveri.netspeed,userId = 0
05-09 19:02:46.393  1203  1258 D ApplicationPolicy: isStatusBarNotificationAllowedAsUser: packageName = com.nisargjhaveri.netspeed,userId = 0
05-09 19:02:46.496 22763 22763 I wpa_supplicant: Heartbeat 2086
05-09 19:02:46.557  1765 22776 D ApfFilter: (wlan0): Ignoring RA RA fe80::1 -> ff02::1 0s DNS 4294967295s fe80::1  which matches RA fe80::1 -> ff02::1 0s DNS 4294967295s fe80::1 
05-09 19:02:46.604  1203  1203 I Telecom:SamsungTelecomServiceImpl: isInManagedCall - callingPackage : android
05-09 19:02:46.611  1203  1203 D EdgeLightingManager: isCallingUserSupported : callingUserId=0, mUserId=0, isDualAppId=false, isKnoxId=false
05-09 19:02:46.612  1203  1203 D EdgeLightingManager: showForNotification : isInteractive=true, isHeadUp=true, color=0, canBypassDnd=false, sbn = StatusBarNotification(pkg=com.nisargjhaveri.netspeed user=UserHandle{0} id=1 tag=null key=0|com.nisargjhaveri.netspeed|1|null|10130: Notification(channel=NetSpeedIndicator shortcut=null contentView=com.nisargjhaveri.netspeed/0x7f0c002a vibrate=null sound=null defaults=0x0 flags=0x16a color=0x00000000 category=status vis=PRIVATE semFlags=0x0 semPriority=0 semMissedCount=0))
05-09 19:02:46.612  1203  1203 D EdgeLightingClientManager: isAvailableEdgeLighting: condition=1 mCondition=3 mIsConnected=false0
05-09 19:02:46.612  1203  1203 D EdgeLightingManager: showForNotificationScreenOn : return false by isAvailableEdgeLighting.
05-09 19:02:46.624  1610  1610 D BubblesManager: onEntryUpdated : shouldBubbleUp=false ,key=0|com.nisargjhaveri.netspeed|1|null|10130
05-09 19:02:46.642  3826  3826 I Routine@Core[4.2.00.52]: PreloadNotificationListenerService: onNotificationPosted: - begin  - ($)
05-09 19:02:46.642  3826  3826 I Routine@Core[4.2.00.52]: PreloadNotificationListenerService: isScreenedOut: not interested:  - ($)
05-09 19:02:46.642  2018  2018 I Launcher.NotificationListener: onNotificationPosted : com.nisargjhaveri.netspeed number : 0
05-09 19:02:46.643  2018  2263 I Launcher.NotificationListener: notificationIsValidForUI : com.nisargjhaveri.netspeed missingTitleAndText : true isGroupHeader : false
05-09 19:02:46.650  3550  4069 D KnoxHelper: getActivityList callingUserId: 0, target user: 0
05-09 19:02:46.673  1610  1610 I FaceWidgetPositionAlgorithm: getClockContainerHeight() supplier = 462, bottom margin = 0, real height = 525
05-09 19:02:46.673  1610  1610 I FaceWidgetPositionAlgorithm: getClockContainerHeight() supplier = 462, bottom margin = 63, real height = 525
05-09 19:02:46.673  1610  1610 I FaceWidgetPositionAlgorithm: getMediaContainerHeight() height = 456 container Visibility = 8, isValid = false, mIsDozing = false, fraction = 1.0, source = 0, target = 0
05-09 19:02:46.674  1610  1610 I FaceWidgetPositionAlgorithm: getMediaContainerHeight() supplier = 0
05-09 19:02:46.695   918   918 I SurfaceFlinger: SFWD update time=213058659642222
05-09 19:02:46.783  1610  1610 I FaceWidgetPositionAlgorithm: getClockContainerHeight() supplier = 462, bottom margin = 0, real height = 525
05-09 19:02:46.783  1610  1610 I FaceWidgetPositionAlgorithm: getClockContainerHeight() supplier = 462, bottom margin = 63, real height = 525
05-09 19:02:46.784  1610  1610 I FaceWidgetPositionAlgorithm: getMediaContainerHeight() height = 456 container Visibility = 8, isValid = false, mIsDozing = false, fraction = 1.0, source = 0, target = 0
05-09 19:02:46.784  1610  1610 I FaceWidgetPositionAlgorithm: getMediaContainerHeight() supplier = 0
05-09 19:02:46.826 14718 14718 I ResourceOverlayService_0: waitAndQuit called
05-09 19:02:46.828 14718 14718 I ResourceOverlayService_0: activity user id 0 process id 0
05-09 19:02:47.116  1203 29011 D SemWifiUsabilityStatsMonitor: onWifiUsabilityStats - seqNum 28179, isSameBssidAndFreq true
05-09 19:02:47.121  1203  1518 I SemWifiLinkQualityMonitor: Link Qos Query: 1.600 ms / 5.000 Mbps (5 / 0.000 / 1.000)
05-09 19:02:47.122  1610  1610 D NetworkController.WifiSignalController: notifyListener: visible=true, connected=true, inetCondition=1, isDefault=true, wifiTestReported=true, receivedInetCondition=-1, hideDuringMobileSwitching=false
05-09 19:02:47.124  1610  1745 D Tile.WifiTile: handleUpdateState isTransient=false transientEnabling =false cb.isTransient=false state.state = 2 mStateBeforeClick.value =false enabled =true
05-09 19:02:47.172  3661  4502 I SDHMS:D : SIOP:: AP:276 BAT:223 USB:233 CHG:266 PA:279 WIFI:284 BLK:0 SKIN:259 SKINF:259 SKINB:259 LRP:259 LRF:259 LRB:259 
05-09 19:02:47.407  1203  3641 W ActivityManager: Foreground service started from background can not have location/camera/microphone access: service com.nisargjhaveri.netspeed/.IndicatorService
05-09 19:02:47.409  1610 17819 D SecFgsManagerControllerImpl: onForegroundStateChanged: dialogShown:false, isForeground:true, packageName:com.nisargjhaveri.netspeed , token:android.os.BinderProxy@4ec2826, userId:0
05-09 19:02:47.411  1203  1258 D ApplicationPolicy: isStatusBarNotificationAllowedAsUser: packageName = com.nisargjhaveri.netspeed,userId = 0
05-09 19:02:47.413  1203  1258 D ApplicationPolicy: isStatusBarNotificationAllowedAsUser: packageName = com.nisargjhaveri.netspeed,userId = 0
05-09 19:02:47.414  1203  1389 D ActivityTaskManager: SafeActivityOptions created, mOriginalCallingPid=1203, mOriginalCallingUid=1000, options=ActivityOptions(71320421), mPackageName=null, mAnimationType=-1, mStartX=0, mStartY=0, mWidth=0, mHeight=0, caller=com.android.server.am.PendingIntentRecord.sendInner:486 com.android.server.am.ActivityManagerService.sendIntentSender:6624 com.android.server.am.ActivityManagerService.sendIntentSender:6613 android.app.PendingIntent.sendAndReturnResult:1029 android.app.PendingIntent.send:1000 com.android.server.alarm.AlarmManagerService$DeliveryTracker.deliverLocked:6377 com.android.server.alarm.AlarmManagerService.deliverAlarmsLocked:5218 
05-09 19:02:47.418  1203  1389 D ActivityManager: Received BROADCAST intent 0xdf38b57 Key{broadcastIntent pkg=android intent=act=NotificationHistoryDatabase.CLEANUP dat=delete:/... flg=0x10000000 flags=0x4000000 u=0} requestCode=1 sent=0 from uid 1000
05-09 19:02:47.628  1203  1203 I Telecom:SamsungTelecomServiceImpl: isInManagedCall - callingPackage : android
05-09 19:02:47.631  1203  1203 D EdgeLightingManager: isCallingUserSupported : callingUserId=0, mUserId=0, isDualAppId=false, isKnoxId=false
05-09 19:02:47.631  1203  1203 D EdgeLightingManager: showForNotification : isInteractive=true, isHeadUp=true, color=0, canBypassDnd=false, sbn = StatusBarNotification(pkg=com.nisargjhaveri.netspeed user=UserHandle{0} id=1 tag=null key=0|com.nisargjhaveri.netspeed|1|null|10130: Notification(channel=NetSpeedIndicator shortcut=null contentView=com.nisargjhaveri.netspeed/0x7f0c002a vibrate=null sound=null defaults=0x0 flags=0x16a color=0x00000000 category=status vis=PRIVATE semFlags=0x0 semPriority=0 semMissedCount=0))
05-09 19:02:47.632  1203  1203 D EdgeLightingClientManager: isAvailableEdgeLighting: condition=1 mCondition=3 mIsConnected=false0
05-09 19:02:47.632  1203  1203 D EdgeLightingManager: showForNotificationScreenOn : return false by isAvailableEdgeLighting.
05-09 19:02:47.637  2018  2018 I Launcher.NotificationListener: onNotificationPosted : com.nisargjhaveri.netspeed number : 0
05-09 19:02:47.637  2018  2263 I Launcher.NotificationListener: notificationIsValidForUI : com.nisargjhaveri.netspeed missingTitleAndText : true isGroupHeader : false
05-09 19:02:47.639  3550  4069 D KnoxHelper: getActivityList callingUserId: 0, target user: 0
05-09 19:02:47.642  1610  1610 D BubblesManager: onEntryUpdated : shouldBubbleUp=false ,key=0|com.nisargjhaveri.netspeed|1|null|10130
05-09 19:02:47.644  3826  3826 I Routine@Core[4.2.00.52]: PreloadNotificationListenerService: onNotificationPosted: - begin  - ($)
05-09 19:02:47.644  3826  3826 I Routine@Core[4.2.00.52]: PreloadNotificationListenerService: isScreenedOut: not interested:  - ($)
05-09 19:02:47.682  1610  1610 I FaceWidgetPositionAlgorithm: getClockContainerHeight() supplier = 462, bottom margin = 0, real height = 525
05-09 19:02:47.686  1610  1610 I FaceWidgetPositionAlgorithm: getClockContainerHeight() supplier = 462, bottom margin = 63, real height = 525
05-09 19:02:47.686  1610  1610 I FaceWidgetPositionAlgorithm: getMediaContainerHeight() height = 456 container Visibility = 8, isValid = false, mIsDozing = false, fraction = 1.0, source = 0, target = 0
05-09 19:02:47.686  1610  1610 I FaceWidgetPositionAlgorithm: getMediaContainerHeight() supplier = 0
05-09 19:02:47.745   603   603 D io_stats: !@   8,0 r 14959141 271552348 w 10957558 137242208 d 0 0 f 0 0 iot 7470820 0 th 0 0 0 pt 0 inp 0 0 213059.710
05-09 19:02:47.795  1610  1610 I FaceWidgetPositionAlgorithm: getClockContainerHeight() supplier = 462, bottom margin = 0, real height = 525
05-09 19:02:47.796  1610  1610 I FaceWidgetPositionAlgorithm: getClockContainerHeight() supplier = 462, bottom margin = 63, real height = 525
05-09 19:02:47.796  1610  1610 I FaceWidgetPositionAlgorithm: getMediaContainerHeight() height = 456 container Visibility = 8, isValid = false, mIsDozing = false, fraction = 1.0, source = 0, target = 0
05-09 19:02:47.796  1610  1610 I FaceWidgetPositionAlgorithm: getMediaContainerHeight() supplier = 0
05-09 19:02:47.830 14718 14718 I ResourceOverlayService_0: waitAndQuit called
05-09 19:02:47.831 14718 14718 I ResourceOverlayService_0: activity user id 0 process id 0
05-09 19:02:48.425  1203  3727 W ActivityManager: Foreground service started from background can not have location/camera/microphone access: service com.nisargjhaveri.netspeed/.IndicatorService
05-09 19:02:48.427  1610 17819 D SecFgsManagerControllerImpl: onForegroundStateChanged: dialogShown:false, isForeground:true, packageName:com.nisargjhaveri.netspeed , token:android.os.BinderProxy@4ec2826, userId:0
05-09 19:02:48.430  1203  1258 D ApplicationPolicy: isStatusBarNotificationAllowedAsUser: packageName = com.nisargjhaveri.netspeed,userId = 0
05-09 19:02:48.431  1203  1258 D ApplicationPolicy: isStatusBarNotificationAllowedAsUser: packageName = com.nisargjhaveri.netspeed,userId = 0
05-09 19:02:48.644  1203  1203 I Telecom:SamsungTelecomServiceImpl: isInManagedCall - callingPackage : android
05-09 19:02:48.650  1203  1203 D EdgeLightingManager: isCallingUserSupported : callingUserId=0, mUserId=0, isDualAppId=false, isKnoxId=false
05-09 19:02:48.651  1203  1203 D EdgeLightingManager: showForNotification : isInteractive=true, isHeadUp=true, color=0, canBypassDnd=false, sbn = StatusBarNotification(pkg=com.nisargjhaveri.netspeed user=UserHandle{0} id=1 tag=null key=0|com.nisargjhaveri.netspeed|1|null|10130: Notification(channel=NetSpeedIndicator shortcut=null contentView=com.nisargjhaveri.netspeed/0x7f0c002a vibrate=null sound=null defaults=0x0 flags=0x16a color=0x00000000 category=status vis=PRIVATE semFlags=0x0 semPriority=0 semMissedCount=0))
05-09 19:02:48.651  1203  1203 D EdgeLightingClientManager: isAvailableEdgeLighting: condition=1 mCondition=3 mIsConnected=false0
05-09 19:02:48.652  1203  1203 D EdgeLightingManager: showForNotificationScreenOn : return false by isAvailableEdgeLighting.
05-09 19:02:48.664  3550  4069 D KnoxHelper: getActivityList callingUserId: 0, target user: 0
05-09 19:02:48.684  3826  3826 I Routine@Core[4.2.00.52]: PreloadNotificationListenerService: onNotificationPosted: - begin  - ($)
05-09 19:02:48.684  3826  3826 I Routine@Core[4.2.00.52]: PreloadNotificationListenerService: isScreenedOut: not interested:  - ($)
05-09 19:02:48.688  2018  2018 I Launcher.NotificationListener: onNotificationPosted : com.nisargjhaveri.netspeed number : 0
05-09 19:02:48.689  2018  2263 I Launcher.NotificationListener: notificationIsValidForUI : com.nisargjhaveri.netspeed missingTitleAndText : true isGroupHeader : false
05-09 19:02:48.697  1610  1610 D BubblesManager: onEntryUpdated : shouldBubbleUp=false ,key=0|com.nisargjhaveri.netspeed|1|null|10130
05-09 19:02:48.734  1610  1610 I FaceWidgetPositionAlgorithm: getClockContainerHeight() supplier = 462, bottom margin = 0, real height = 525
05-09 19:02:48.739  1610  1610 I FaceWidgetPositionAlgorithm: getClockContainerHeight() supplier = 462, bottom margin = 63, real height = 525
05-09 19:02:48.739  1610  1610 I FaceWidgetPositionAlgorithm: getMediaContainerHeight() height = 456 container Visibility = 8, isValid = false, mIsDozing = false, fraction = 1.0, source = 0, target = 0
05-09 19:02:48.739  1610  1610 I FaceWidgetPositionAlgorithm: getMediaContainerHeight() supplier = 0
05-09 19:02:48.834 14718 14718 I ResourceOverlayService_0: waitAndQuit called
05-09 19:02:48.835 14718 14718 I ResourceOverlayService_0: activity user id 0 process id 0
05-09 19:02:48.842  1610  1610 I FaceWidgetPositionAlgorithm: getClockContainerHeight() supplier = 462, bottom margin = 0, real height = 525
05-09 19:02:48.843  1610  1610 I FaceWidgetPositionAlgorithm: getClockContainerHeight() supplier = 462, bottom margin = 63, real height = 525
05-09 19:02:48.843  1610  1610 I FaceWidgetPositionAlgorithm: getMediaContainerHeight() height = 456 container Visibility = 8, isValid = false, mIsDozing = false, fraction = 1.0, source = 0, target = 0
05-09 19:02:48.843  1610  1610 I FaceWidgetPositionAlgorithm: getMediaContainerHeight() supplier = 0
05-09 19:02:48.869  1203  3748 D BatteryService: Sending ACTION_BATTERY_CHANGED: level:46, status:2, health:2, ac:false, usb:true, wireless:false, pogo:false, misc:0x20000, charge_type:1, charger_type:0, voltage:3909, temperature:222, online:4, current_avg:378, ps:false, hvc:false, capacity:280000, current_event:0x10000, current_now:346, mcc:0, mcv:0, cc:2027680, present:true, scale:100, technology:Li-ion
05-09 19:02:48.871   868   868 E sehhealth-service: Could not open /sys/class/power_supply/battery/lrp
05-09 19:02:48.877  1203  1408 D MotionRecognitionService: [SAR]  onReceive : ACTION_BATTERY_CHANGED, Plugged: 2
05-09 19:02:48.877  1203  1203 E PocketModeEvent: PocketModeSetting is off 
05-09 19:02:48.877  1203  1203 D PhoneWindowManagerExt: ACTION_BATTERY_CHANGED - Level=46, status=2
05-09 19:02:48.881  1203  1551 I DeviceBatteryInfoService: action: android.intent.action.BATTERY_CHANGED
05-09 19:02:48.881  1203  1551 I DeviceBatteryInfoService: phone battery level: 46
05-09 19:02:48.881  1203  1551 I DeviceBatteryInfoService: phone battery status: 2
05-09 19:02:48.882  1203  1203 D AdaptiveBrightnessLongtermModelBuilder: Received android.intent.action.BATTERY_CHANGED
05-09 19:02:48.882  1203  1203 D SemWifiApBroadcastReceiver: Received : android.intent.action.BATTERY_CHANGED
05-09 19:02:48.885  1593  1593 D SemBigDataInfoController: Intent: android.intent.action.BATTERY_CHANGED
05-09 19:02:48.885  1610  1610 D KeyguardUpdateMonitor: received broadcast android.intent.action.BATTERY_CHANGED
05-09 19:02:48.885  1610  1610 I PowerUI : mBootCompleted = true |  mFullyConnected = true
05-09 19:02:48.885  1610  1610 I PowerUI : BATTERY_HEALTH_CHECK extraHealth=2 mBatteryMiscEvent=131072
05-09 19:02:48.886  1593  1593 D SemBigDataInfoController: Intent: android.intent.action.BATTERY_CHANGED
05-09 19:02:48.886  1610  3476 D SecPowerUI.Notification: dismissing low battery warning: level=46
05-09 19:02:48.886  1610  3476 D SecPowerUI.Notification: updateNotification mWarning=false mPlaySound=false
05-09 19:02:48.886  1610  3476 D SecPowerUI.Notification: SecBatteryStatsSnapshot{batteryLevel=46, currentBatteryMode=0, chargingTime=12844000, chargingType=11, batteryHealth=2, automaticTestMode=false, isHiccupState=false}
05-09 19:02:48.890  1610  3476 D SecPowerUI.Notification: 1. restoreScreenTimeOut - saved_value : :
05-09 19:02:48.890  1610  3476 E SecPowerUI.Notification: no saved value, so we do nothing !!
05-09 19:02:48.891  1610  1610 W PowerUI : Plug reason
05-09 19:02:48.891  1610  1610 W PowerUI : Skip charging animation - by plug status
05-09 19:02:48.891  1610  1610 D PowerUI : priorPlugType = 2 mPlugType = 2 priorBatteryStatus = 2 mBatteryStatus = 2
05-09 19:02:48.891  1610  1610 W PowerUI : Plug reason
05-09 19:02:48.892  1610  1610 W PowerUI : Skip charging sound - by plug status
05-09 19:02:48.892  1610  1610 I PowerUI : oldMisalign : false, curMisalign : false
05-09 19:02:48.893  1610  1610 D SecPowerUI.Notification: showChargingNotice oldChargingType : 11 / currentChargingType : 11, oldChargingTime : 12844000 / mChargingTime : 12844000
05-09 19:02:48.893  1610  1610 D SecPowerUI.Notification: There is no change about charging status, so return!
05-09 19:02:48.893  1610  1610 D PowerUI : Battery swelling mode - priorBatterySwellingMode = 0 mBatterySwellingMode = 0 mBatteryStatus = 2
05-09 19:02:48.893  1610  1610 I PowerUI : mBatteryMiscEvent = 131072
05-09 19:02:48.894 10233 10233 I [SCPMV2][SystemMonitorReceiver]: onReceive: android.intent.action.BATTERY_CHANGED
05-09 19:02:48.895  1610  1610 I PowerUI : checkShouldTurnOffProtectBattery : 0, Scheduling start ? : false
05-09 19:02:48.895  1610  1610 I PowerUI : Clear time
05-09 19:02:48.896  1203  3748 D SettingsProvider: isChangeAllowed() : name = charger_connected_time
05-09 19:02:48.896  1203  3748 D SettingsProvider: edmUri: content://com.sec.knox.provider/RestrictionPolicy3
05-09 19:02:48.896  1203  3748 D SettingsProvider: projectionArgs: isSettingsChangesAllowed
05-09 19:02:48.896  1203  3748 D SettingsProvider: selectionArgs: false
05-09 19:02:48.896  1203  3748 D SettingsProvider: selectionArgs: 10053
05-09 19:02:48.897  1203  3748 D SecContentProvider: query(), uri = 17 selection = isSettingsChangesAllowed
05-09 19:02:48.897  1203  3748 D SecContentProvider: called from android.uid.systemui:10053
05-09 19:02:48.897  1203  3748 D RestrictionPolicy: isSettingsChangesAllowedAsUser, userId 0 : true
05-09 19:02:48.897  1203  3748 D SettingsProvider: ret = 1
05-09 19:02:48.899  1610  1610 D SamsungBatteryMeterDrawable: onBatteryLevelChanged isSomethingChanged: false
05-09 19:02:48.899  1610  1610 D SamsungBatteryMeterDrawable: onBatteryLevelChanged isSomethingChanged: false
05-09 19:02:48.900  1610  1610 D SamsungBatteryMeterDrawable: onBatteryLevelChanged isSomethingChanged: false
05-09 19:02:48.900  1610  1610 D SamsungBatteryMeterDrawable: onBatteryLevelChanged isSomethingChanged: false
05-09 19:02:48.900  1610  1610 D KeyguardUpdateMonitor: handleBatteryUpdate
05-09 19:02:48.902  1610  1610 I AODBatteryManager: updateBatteryData: ACTION_BATTERY_CHANGED
05-09 19:02:48.903  1610  1610 I AODBatteryManager: saveBatteryData : AOD BatteryData [mBatteryLevel=46, mBatteryStatus=CHARGING, mBatteryPlugType=USB, mBatteryPlugged=true, mRemainingChargeTime=12844000, mBatteryChargingType=1, mBatteryChargerType=NORMAL, mBatteryOnline=USB, mBatterySwellingMode=NONE, mBatteryProtectMode=false]
05-09 19:02:48.971   815   815 E audit   : type=1400 audit(1746806568.965:92681): avc:  denied  { getattr } for  pid=10715 comm="roid.myservices" path="/dev/pmsg0" dev="tmpfs" ino=14572 scontext=u:r:untrusted_app:s0:c95,c257,c512,c768 tcontext=u:object_r:pmsg_device:s0 tclass=chr_file permissive=0 SEPF_SM-N770F_13_0001 audit_filtered
05-09 19:02:48.971   815   815 E audit   : type=1300 audit(1746806568.965:92681): arch=c00000b7 syscall=80 success=no exit=-13 a0=4 a1=7ff3147720 a2=7ff3148240 a3=4 items=0 ppid=837 pid=10715 auid=4294967295 uid=10351 gid=10351 euid=10351 suid=10351 fsuid=10351 egid=10351 sgid=10351 fsgid=10351 tty=(none) ses=4294967295 comm="roid.myservices" exe="/system/bin/app_process64" subj=u:r:untrusted_app:s0:c95,c257,c512,c768 key=(null)
05-09 19:02:48.971   815   815 E audit   : type=1327 audit(1746806568.965:92681): proctitle="com.emeint.android.myservices"
05-09 19:02:49.409   815   815 E audit   : type=1400 audit(1746806569.405:92682): avc:  denied  { read } for  pid=10715 comm="roid.myservices" name="current_tracer" dev="tracefs" ino=4430 scontext=u:r:untrusted_app:s0:c95,c257,c512,c768 tcontext=u:object_r:debugfs_tracing_debug:s0 tclass=file permissive=0 SEPF_SM-N770F_13_0001 audit_filtered
05-09 19:02:49.433  1203  3748 W ActivityManager: Foreground service started from background can not have location/camera/microphone access: service com.nisargjhaveri.netspeed/.IndicatorService
05-09 19:02:49.434  1610 17819 D SecFgsManagerControllerImpl: onForegroundStateChanged: dialogShown:false, isForeground:true, packageName:com.nisargjhaveri.netspeed , token:android.os.BinderProxy@4ec2826, userId:0
05-09 19:02:49.435  1203  1258 D ApplicationPolicy: isStatusBarNotificationAllowedAsUser: packageName = com.nisargjhaveri.netspeed,userId = 0
05-09 19:02:49.436  1203  1258 D ApplicationPolicy: isStatusBarNotificationAllowedAsUser: packageName = com.nisargjhaveri.netspeed,userId = 0
05-09 19:02:49.642  1203  1203 I Telecom:SamsungTelecomServiceImpl: isInManagedCall - callingPackage : android
05-09 19:02:49.653  1203  1203 D EdgeLightingManager: isCallingUserSupported : callingUserId=0, mUserId=0, isDualAppId=false, isKnoxId=false
05-09 19:02:49.653  1203  1203 D EdgeLightingManager: showForNotification : isInteractive=true, isHeadUp=true, color=0, canBypassDnd=false, sbn = StatusBarNotification(pkg=com.nisargjhaveri.netspeed user=UserHandle{0} id=1 tag=null key=0|com.nisargjhaveri.netspeed|1|null|10130: Notification(channel=NetSpeedIndicator shortcut=null contentView=com.nisargjhaveri.netspeed/0x7f0c002a vibrate=null sound=null defaults=0x0 flags=0x16a color=0x00000000 category=status vis=PRIVATE semFlags=0x0 semPriority=0 semMissedCount=0))
05-09 19:02:49.654  1203  1203 D EdgeLightingClientManager: isAvailableEdgeLighting: condition=1 mCondition=3 mIsConnected=false0
05-09 19:02:49.654  1203  1203 D EdgeLightingManager: showForNotificationScreenOn : return false by isAvailableEdgeLighting.
05-09 19:02:49.664  1610  1610 D BubblesManager: onEntryUpdated : shouldBubbleUp=false ,key=0|com.nisargjhaveri.netspeed|1|null|10130
05-09 19:02:49.683  2018  2018 I Launcher.NotificationListener: onNotificationPosted : com.nisargjhaveri.netspeed number : 0
05-09 19:02:49.684  2018  2263 I Launcher.NotificationListener: notificationIsValidForUI : com.nisargjhaveri.netspeed missingTitleAndText : true isGroupHeader : false
05-09 19:02:49.690  3550  4069 D KnoxHelper: getActivityList callingUserId: 0, target user: 0
05-09 19:02:49.692  3826  3826 I Routine@Core[4.2.00.52]: PreloadNotificationListenerService: onNotificationPosted: - begin  - ($)
05-09 19:02:49.692  3826  3826 I Routine@Core[4.2.00.52]: PreloadNotificationListenerService: isScreenedOut: not interested:  - ($)
05-09 19:02:49.723  1610  1610 I FaceWidgetPositionAlgorithm: getClockContainerHeight() supplier = 462, bottom margin = 0, real height = 525
05-09 19:02:49.724  1610  1610 I FaceWidgetPositionAlgorithm: getClockContainerHeight() supplier = 462, bottom margin = 63, real height = 525
05-09 19:02:49.724  1610  1610 I FaceWidgetPositionAlgorithm: getMediaContainerHeight() height = 456 container Visibility = 8, isValid = false, mIsDozing = false, fraction = 1.0, source = 0, target = 0
05-09 19:02:49.724  1610  1610 I FaceWidgetPositionAlgorithm: getMediaContainerHeight() supplier = 0
05-09 19:02:49.746   603   603 D io_stats: !@   8,0 r 14959141 271552348 w 10957573 137242288 d 0 0 f 0 0 iot 7470836 0 th 0 0 0 pt 0 inp 0 0 213061.711
05-09 19:02:49.828  1610  1610 I FaceWidgetPositionAlgorithm: getClockContainerHeight() supplier = 462, bottom margin = 0, real height = 525
05-09 19:02:49.829  1610  1610 I FaceWidgetPositionAlgorithm: getClockContainerHeight() supplier = 462, bottom margin = 63, real height = 525
05-09 19:02:49.829  1610  1610 I FaceWidgetPositionAlgorithm: getMediaContainerHeight() height = 456 container Visibility = 8, isValid = false, mIsDozing = false, fraction = 1.0, source = 0, target = 0
05-09 19:02:49.829  1610  1610 I FaceWidgetPositionAlgorithm: getMediaContainerHeight() supplier = 0
05-09 19:02:49.837 14718 14718 I ResourceOverlayService_0: waitAndQuit called
05-09 19:02:49.845 14718 14718 I ResourceOverlayService_0: activity user id 0 process id 0
05-09 19:02:50.234  1203 29011 D SemWifiUsabilityStatsMonitor: onWifiUsabilityStats - seqNum 28180, isSameBssidAndFreq true
05-09 19:02:50.235  1203  1466 D ConnectivityService: notifyType CALLBACK_CAP_CHANGED for [185 WIFI]
05-09 19:02:50.241  1610  1610 D NetworkController.WifiSignalController: notifyListener: visible=true, connected=true, inetCondition=1, isDefault=true, wifiTestReported=true, receivedInetCondition=-1, hideDuringMobileSwitching=false
05-09 19:02:50.244  1203  1518 I SemWifiLinkQualityMonitor: Link Qos Query: 1.600 ms / 5.000 Mbps (5 / 0.000 / 1.000)
05-09 19:02:50.255  1610  1745 D Tile.WifiTile: handleUpdateState isTransient=false transientEnabling =false cb.isTransient=false state.state = 2 mStateBeforeClick.value =false enabled =true
05-09 19:02:50.272  1203  1493 D SemWifiSwitchForIndividualAppsService: stopTCPMonitoring : already stopped
05-09 19:02:50.273  1203  1493 I WifiConnectivityMonitor.NCC: sNetworkCallback(oCC) FULL : 185(true/false)[ Transports: WIFI Capabilities: NOT_METERED&INTERNET&NOT_RESTRICTED&TRUSTED&NOT_VPN&VALIDATED&NOT_ROAMING&FOREGROUND&NOT_CONGESTED&NOT_SUSPENDED&NOT_VCN_MANAGED LinkUpBandwidth>=10000Kbps LinkDnBandwidth>=3464Kbps TransportInfo: <SSID: <unknown ssid>, BSSID: 02:00:00:**:**:00, MAC: 02:00:00:**:**:00, IP: /192.168.100.2, Security type: 2, Supplicant state: COMPLETED, Wi-Fi standard: 4, RSSI: -76, Link speed: 5Mbps, Tx Link speed: 5Mbps, Max Supported Tx Link speed: 300Mbps, Rx Link speed: 6Mbps, Max Supported Rx Link speed: 300Mbps, Frequency: 2462MHz, Net ID: -1, Metered hint: false, score: 60, isUsable: true, CarrierMerged: false, SubscriptionId: -1, IsPrimary: 1, Trusted: true, Restricted: false, Ephemeral: false, OEM paid: false, OEM private: false, OSU AP: false, FQDN: <none>, Provider friendly name: <none>, Requesting package name: <none><none>MLO Information: , AP MLD Address: <none>, AP MLO Link Id: <none>, AP MLO Affiliated links: <none>> SignalStrength: -76 AdminUids: [1000] SSID: "WE_8BDC3E" UnderlyingNetworks: Null]
05-09 19:02:50.275  1203  1536 I WifiConnectivityMonitor: current mode : 1
05-09 19:02:50.276  1203  1536 D OpenNetworkQos[4.00]: updateBssidNoInternet: mBssidNoInternet = false
05-09 19:02:50.276  1203  1536 D OpenNetworkQos[4.00]: getOpenNetworkQosNoInternetStatus: false[Private DNS is active. Result is ignored.]
05-09 19:02:50.276  1203  1536 D OpenNetworkQos[4.00]: getOpenNetworkQosScores: 26 26 26 [Private DNS is active. Result is ignored.]
05-09 19:02:50.276  1203  1536 I WifiProfileShare: network QoS data was changed (internet), updateQoSData networkType: true, qosData: false
05-09 19:02:50.276  1203  2783 D WifiProfileShare: nearby scanning settings stop
05-09 19:02:50.277  1203  2783 V WifiProfileShare.Caster: checkAndGetShareData - nearby scanning
05-09 19:02:50.301 14174 14385 I HBD     : g onCapabilitiesChanged network : 185 current network state : wifi 
05-09 19:02:50.318 28146 28433 D WM-NetworkStateTracker: Network capabilities changed: [ Transports: WIFI Capabilities: NOT_METERED&INTERNET&NOT_RESTRICTED&TRUSTED&NOT_VPN&VALIDATED&NOT_ROAMING&FOREGROUND&NOT_CONGESTED&NOT_SUSPENDED&NOT_VCN_MANAGED LinkUpBandwidth>=10000Kbps LinkDnBandwidth>=3464Kbps TransportInfo: <SSID: <unknown ssid>, BSSID: 02:00:00:00:00:00, MAC: 02:00:00:00:00:00, IP: /192.168.100.2, Security type: 2, Supplicant state: COMPLETED, Wi-Fi standard: 4, RSSI: -76, Link speed: 5Mbps, Tx Link speed: 5Mbps, Max Supported Tx Link speed: 300Mbps, Rx Link speed: 6Mbps, Max Supported Rx Link speed: 300Mbps, Frequency: 2462MHz, Net ID: -1, Metered hint: false, score: 60, isUsable: true, CarrierMerged: false, SubscriptionId: -1, IsPrimary: -1, Trusted: true, Restricted: false, Ephemeral: false, OEM paid: false, OEM private: false, OSU AP: false, FQDN: <none>, Provider friendly name: <none>, Requesting package name: <none><none>MLO Information: , AP MLD Address: <none>, AP MLO Link Id: <none>, AP MLO Affiliated links: <none>> SignalStrength: -76 UnderlyingNetworks: Null]
05-09 19:02:50.324  1610  1745 D NetworkController.WifiSignalController: notifyListener: visible=true, connected=true, inetCondition=1, isDefault=true, wifiTestReported=true, receivedInetCondition=-1, hideDuringMobileSwitching=false
05-09 19:02:50.324  1610  1745 D Tile.WifiTile: handleUpdateState isTransient=false transientEnabling =false cb.isTransient=false state.state = 2 mStateBeforeClick.value =false enabled =true
05-09 19:02:50.325  1942  2019 I PdnController<0>: onCapabilitiesChanged: network 185 networkCapabilities [ Transports: WIFI Capabilities: NOT_METERED&INTERNET&NOT_RESTRICTED&TRUSTED&NOT_VPN&VALIDATED&NOT_ROAMING&FOREGROUND&NOT_CONGESTED&NOT_SUSPENDED&NOT_VCN_MANAGED LinkUpBandwidth>=10000Kbps LinkDnBandwidth>=3464Kbps TransportInfo: <SSID: <unknown ssid>, BSSID: 02:00:00:00:00:00, MAC: 02:00:00:00:00:00, IP: /192.168.100.2, Security type: 2, Supplicant state: COMPLETED, Wi-Fi standard: 4, RSSI: -76, Link speed: 5Mbps, Tx Link speed: 5Mbps, Max Supported Tx Link speed: 300Mbps, Rx Link speed: 6Mbps, Max Supported Rx Link speed: 300Mbps, Frequency: 2462MHz, Net ID: -1, Metered hint: false, score: 60, isUsable: true, CarrierMerged: false, SubscriptionId: -1, IsPrimary: 1, Trusted: true, Restricted: false, Ephemeral: false, OEM paid: false, OEM private: false, OSU AP: false, FQDN: <none>, Provider friendly name: <none>, Requesting package name: <none><none>MLO Information: , AP MLD Address: <none>, AP MLO Link Id: <none>, AP MLO Affiliated links: <none>> SignalStrength: -76 AdminUids: [1000] SSID: "WE_8BDC3E" UnderlyingNetworks: Null]
05-09 19:02:50.405 14174 14174 I HBD     : g onCapabilityChanged  setNetworkState currentNetworkState : wifi 
05-09 19:02:50.450  1203  3805 W ActivityManager: Foreground service started from background can not have location/camera/microphone access: service com.nisargjhaveri.netspeed/.IndicatorService
05-09 19:02:50.451  1610  3420 D SecFgsManagerControllerImpl: onForegroundStateChanged: dialogShown:false, isForeground:true, packageName:com.nisargjhaveri.netspeed , token:android.os.BinderProxy@4ec2826, userId:0
05-09 19:02:50.454  1203  1258 D ApplicationPolicy: isStatusBarNotificationAllowedAsUser: packageName = com.nisargjhaveri.netspeed,userId = 0
05-09 19:02:50.456  1203  1258 D ApplicationPolicy: isStatusBarNotificationAllowedAsUser: packageName = com.nisargjhaveri.netspeed,userId = 0
05-09 19:02:50.668  1203  1203 I Telecom:SamsungTelecomServiceImpl: isInManagedCall - callingPackage : android
05-09 19:02:50.674  1203  1203 D EdgeLightingManager: isCallingUserSupported : callingUserId=0, mUserId=0, isDualAppId=false, isKnoxId=false
05-09 19:02:50.675  1203  1203 D EdgeLightingManager: showForNotification : isInteractive=true, isHeadUp=true, color=0, canBypassDnd=false, sbn = StatusBarNotification(pkg=com.nisargjhaveri.netspeed user=UserHandle{0} id=1 tag=null key=0|com.nisargjhaveri.netspeed|1|null|10130: Notification(channel=NetSpeedIndicator shortcut=null contentView=com.nisargjhaveri.netspeed/0x7f0c002a vibrate=null sound=null defaults=0x0 flags=0x16a color=0x00000000 category=status vis=PRIVATE semFlags=0x0 semPriority=0 semMissedCount=0))
05-09 19:02:50.675  1203  1203 D EdgeLightingClientManager: isAvailableEdgeLighting: condition=1 mCondition=3 mIsConnected=false0
05-09 19:02:50.675  1203  1203 D EdgeLightingManager: showForNotificationScreenOn : return false by isAvailableEdgeLighting.
05-09 19:02:50.687  1610  1610 D BubblesManager: onEntryUpdated : shouldBubbleUp=false ,key=0|com.nisargjhaveri.netspeed|1|null|10130
05-09 19:02:50.700  3826  3826 I Routine@Core[4.2.00.52]: PreloadNotificationListenerService: onNotificationPosted: - begin  - ($)
05-09 19:02:50.701  3826  3826 I Routine@Core[4.2.00.52]: PreloadNotificationListenerService: isScreenedOut: not interested:  - ($)
05-09 19:02:50.720  3550  4069 D KnoxHelper: getActivityList callingUserId: 0, target user: 0
05-09 19:02:50.720  2018  2018 I Launcher.NotificationListener: onNotificationPosted : com.nisargjhaveri.netspeed number : 0
05-09 19:02:50.721  2018  2263 I Launcher.NotificationListener: notificationIsValidForUI : com.nisargjhaveri.netspeed missingTitleAndText : true isGroupHeader : false
05-09 19:02:50.734  1610  1610 I FaceWidgetPositionAlgorithm: getClockContainerHeight() supplier = 462, bottom margin = 0, real height = 525
05-09 19:02:50.735  1610  1610 I FaceWidgetPositionAlgorithm: getClockContainerHeight() supplier = 462, bottom margin = 63, real height = 525
05-09 19:02:50.735  1610  1610 I FaceWidgetPositionAlgorithm: getMediaContainerHeight() height = 456 container Visibility = 8, isValid = false, mIsDozing = false, fraction = 1.0, source = 0, target = 0
05-09 19:02:50.735  1610  1610 I FaceWidgetPositionAlgorithm: getMediaContainerHeight() supplier = 0
05-09 19:02:50.822 15453 27684 I NearbySharing: Network state changed: NetworkState(isRestricted=false, isOnline=true, isCongested=false, isMetered=false, isWifiConnected=true)
05-09 19:02:50.847 14718 14718 I ResourceOverlayService_0: waitAndQuit called
05-09 19:02:50.848 14718 14718 I ResourceOverlayService_0: activity user id 0 process id 0
05-09 19:02:50.851  1610  1610 I FaceWidgetPositionAlgorithm: getClockContainerHeight() supplier = 462, bottom margin = 0, real height = 525
05-09 19:02:50.852  1610  1610 I FaceWidgetPositionAlgorithm: getClockContainerHeight() supplier = 462, bottom margin = 63, real height = 525
05-09 19:02:50.852  1610  1610 I FaceWidgetPositionAlgorithm: getMediaContainerHeight() height = 456 container Visibility = 8, isValid = false, mIsDozing = false, fraction = 1.0, source = 0, target = 0
05-09 19:02:50.852  1610  1610 I FaceWidgetPositionAlgorithm: getMediaContainerHeight() supplier = 0
05-09 19:02:51.469  1203  3805 W ActivityManager: Foreground service started from background can not have location/camera/microphone access: service com.nisargjhaveri.netspeed/.IndicatorService
05-09 19:02:51.471  1610  3420 D SecFgsManagerControllerImpl: onForegroundStateChanged: dialogShown:false, isForeground:true, packageName:com.nisargjhaveri.netspeed , token:android.os.BinderProxy@4ec2826, userId:0
05-09 19:02:51.473  1203  1258 D ApplicationPolicy: isStatusBarNotificationAllowedAsUser: packageName = com.nisargjhaveri.netspeed,userId = 0
05-09 19:02:51.474  1203  1258 D ApplicationPolicy: isStatusBarNotificationAllowedAsUser: packageName = com.nisargjhaveri.netspeed,userId = 0
05-09 19:02:51.685  1203  1203 I Telecom:SamsungTelecomServiceImpl: isInManagedCall - callingPackage : android
05-09 19:02:51.692  1203  1203 D EdgeLightingManager: isCallingUserSupported : callingUserId=0, mUserId=0, isDualAppId=false, isKnoxId=false
05-09 19:02:51.692  1203  1203 D EdgeLightingManager: showForNotification : isInteractive=true, isHeadUp=true, color=0, canBypassDnd=false, sbn = StatusBarNotification(pkg=com.nisargjhaveri.netspeed user=UserHandle{0} id=1 tag=null key=0|com.nisargjhaveri.netspeed|1|null|10130: Notification(channel=NetSpeedIndicator shortcut=null contentView=com.nisargjhaveri.netspeed/0x7f0c002a vibrate=null sound=null defaults=0x0 flags=0x16a color=0x00000000 category=status vis=PRIVATE semFlags=0x0 semPriority=0 semMissedCount=0))
05-09 19:02:51.692  1203  1203 D EdgeLightingClientManager: isAvailableEdgeLighting: condition=1 mCondition=3 mIsConnected=false0
05-09 19:02:51.692  1203  1203 D EdgeLightingManager: showForNotificationScreenOn : return false by isAvailableEdgeLighting.
05-09 19:02:51.718  2018  2018 I Launcher.NotificationListener: onNotificationPosted : com.nisargjhaveri.netspeed number : 0
05-09 19:02:51.719  2018  2263 I Launcher.NotificationListener: notificationIsValidForUI : com.nisargjhaveri.netspeed missingTitleAndText : true isGroupHeader : false
05-09 19:02:51.725  3826  3826 I Routine@Core[4.2.00.52]: PreloadNotificationListenerService: onNotificationPosted: - begin  - ($)
05-09 19:02:51.725  3826  3826 I Routine@Core[4.2.00.52]: PreloadNotificationListenerService: isScreenedOut: not interested:  - ($)
05-09 19:02:51.730  3550  4069 D KnoxHelper: getActivityList callingUserId: 0, target user: 0
05-09 19:02:51.745  1610  1610 D BubblesManager: onEntryUpdated : shouldBubbleUp=false ,key=0|com.nisargjhaveri.netspeed|1|null|10130
05-09 19:02:51.747   603   603 D io_stats: !@   8,0 r 14959141 271552348 w 10957577 137242304 d 0 0 f 0 0 iot 7470840 0 th 0 0 0 pt 0 inp 0 0 213063.711
05-09 19:02:51.781  1610  1610 I FaceWidgetPositionAlgorithm: getClockContainerHeight() supplier = 462, bottom margin = 0, real height = 525
05-09 19:02:51.781  1610  1610 I FaceWidgetPositionAlgorithm: getClockContainerHeight() supplier = 462, bottom margin = 63, real height = 525
05-09 19:02:51.781  1610  1610 I FaceWidgetPositionAlgorithm: getMediaContainerHeight() height = 456 container Visibility = 8, isValid = false, mIsDozing = false, fraction = 1.0, source = 0, target = 0
05-09 19:02:51.781  1610  1610 I FaceWidgetPositionAlgorithm: getMediaContainerHeight() supplier = 0
05-09 19:02:51.850 14718 14718 I ResourceOverlayService_0: waitAndQuit called
05-09 19:02:51.851 14718 14718 I ResourceOverlayService_0: activity user id 0 process id 0
05-09 19:02:51.889  1610  1610 I FaceWidgetPositionAlgorithm: getClockContainerHeight() supplier = 462, bottom margin = 0, real height = 525
05-09 19:02:51.889  1610  1610 I FaceWidgetPositionAlgorithm: getClockContainerHeight() supplier = 462, bottom margin = 63, real height = 525
05-09 19:02:51.889  1610  1610 I FaceWidgetPositionAlgorithm: getMediaContainerHeight() height = 456 container Visibility = 8, isValid = false, mIsDozing = false, fraction = 1.0, source = 0, target = 0
05-09 19:02:51.889  1610  1610 I FaceWidgetPositionAlgorithm: getMediaContainerHeight() supplier = 0
05-09 19:02:52.487  1203  3805 W ActivityManager: Foreground service started from background can not have location/camera/microphone access: service com.nisargjhaveri.netspeed/.IndicatorService
05-09 19:02:52.489  1610  3420 D SecFgsManagerControllerImpl: onForegroundStateChanged: dialogShown:false, isForeground:true, packageName:com.nisargjhaveri.netspeed , token:android.os.BinderProxy@4ec2826, userId:0
05-09 19:02:52.491  1203  1258 D ApplicationPolicy: isStatusBarNotificationAllowedAsUser: packageName = com.nisargjhaveri.netspeed,userId = 0
05-09 19:02:52.492  1203  1258 D ApplicationPolicy: isStatusBarNotificationAllowedAsUser: packageName = com.nisargjhaveri.netspeed,userId = 0
05-09 19:02:52.704  1203  1203 I Telecom:SamsungTelecomServiceImpl: isInManagedCall - callingPackage : android
05-09 19:02:52.710  1203  1203 D EdgeLightingManager: isCallingUserSupported : callingUserId=0, mUserId=0, isDualAppId=false, isKnoxId=false
05-09 19:02:52.711  1203  1203 D EdgeLightingManager: showForNotification : isInteractive=true, isHeadUp=true, color=0, canBypassDnd=false, sbn = StatusBarNotification(pkg=com.nisargjhaveri.netspeed user=UserHandle{0} id=1 tag=null key=0|com.nisargjhaveri.netspeed|1|null|10130: Notification(channel=NetSpeedIndicator shortcut=null contentView=com.nisargjhaveri.netspeed/0x7f0c002a vibrate=null sound=null defaults=0x0 flags=0x16a color=0x00000000 category=status vis=PRIVATE semFlags=0x0 semPriority=0 semMissedCount=0))
05-09 19:02:52.711  1203  1203 D EdgeLightingClientManager: isAvailableEdgeLighting: condition=1 mCondition=3 mIsConnected=false0
05-09 19:02:52.711  1203  1203 D EdgeLightingManager: showForNotificationScreenOn : return false by isAvailableEdgeLighting.
05-09 19:02:52.744  3826  3826 I Routine@Core[4.2.00.52]: PreloadNotificationListenerService: onNotificationPosted: - begin  - ($)
05-09 19:02:52.744  3826  3826 I Routine@Core[4.2.00.52]: PreloadNotificationListenerService: isScreenedOut: not interested:  - ($)
05-09 19:02:52.747  3550  4069 D KnoxHelper: getActivityList callingUserId: 0, target user: 0
05-09 19:02:52.751  2018  2018 I Launcher.NotificationListener: onNotificationPosted : com.nisargjhaveri.netspeed number : 0
05-09 19:02:52.751  2018  2263 I Launcher.NotificationListener: notificationIsValidForUI : com.nisargjhaveri.netspeed missingTitleAndText : true isGroupHeader : false
05-09 19:02:52.757  1610  1610 D BubblesManager: onEntryUpdated : shouldBubbleUp=false ,key=0|com.nisargjhaveri.netspeed|1|null|10130
05-09 19:02:52.794  1610  1610 I FaceWidgetPositionAlgorithm: getClockContainerHeight() supplier = 462, bottom margin = 0, real height = 525
05-09 19:02:52.796  1610  1610 I FaceWidgetPositionAlgorithm: getClockContainerHeight() supplier = 462, bottom margin = 63, real height = 525
05-09 19:02:52.802  1610  1610 I FaceWidgetPositionAlgorithm: getMediaContainerHeight() height = 456 container Visibility = 8, isValid = false, mIsDozing = false, fraction = 1.0, source = 0, target = 0
05-09 19:02:52.802  1610  1610 I FaceWidgetPositionAlgorithm: getMediaContainerHeight() supplier = 0
05-09 19:02:52.853 14718 14718 I ResourceOverlayService_0: waitAndQuit called
05-09 19:02:52.854 14718 14718 I ResourceOverlayService_0: activity user id 0 process id 0
05-09 19:02:52.935  1610  1610 I FaceWidgetPositionAlgorithm: getClockContainerHeight() supplier = 462, bottom margin = 0, real height = 525
05-09 19:02:52.936  1610  1610 I FaceWidgetPositionAlgorithm: getClockContainerHeight() supplier = 462, bottom margin = 63, real height = 525
05-09 19:02:52.936  1610  1610 I FaceWidgetPositionAlgorithm: getMediaContainerHeight() height = 456 container Visibility = 8, isValid = false, mIsDozing = false, fraction = 1.0, source = 0, target = 0
05-09 19:02:52.936  1610  1610 I FaceWidgetPositionAlgorithm: getMediaContainerHeight() supplier = 0
05-09 19:02:53.266 27821 27955 W bt_stack: pause_registered_clients()
05-09 19:02:53.267 27821 27955 W bt_stack: le_scanning_manager :: OnPause()
05-09 19:02:53.267 27821 27955 W bt_stack: Stop LeSetScanEnable
05-09 19:02:53.267 27821 27955 W bt_stack: le_scanning_manager :: OnPause() - call AckPause
05-09 19:02:53.267 27821 27955 W bt_stack: le_impl :: OnPause()
05-09 19:02:53.267 27821 27955 W bt_stack: le_impl :: ConnectabilityState is DISARMED. Call AckPause()
05-09 19:02:53.270 27821 27955 W bt_stack: le_address_manager :: ack_pause()
05-09 19:02:53.270 27821 27955 W bt_stack: le_address_manager :: ack_pause() - make sure all client paused. Return
05-09 19:02:53.270 27821 27955 W bt_stack: le_address_manager :: ack_pause()
05-09 19:02:53.270 27821 27955 W bt_stack: le_address_manager :: ack_pause() - handle_next_command
05-09 19:02:53.271 27821 27955 W bt_stack: handle_next_command()
05-09 19:02:53.283 27821 27955 W bt_stack: Received command complete with op_code LE_SET_RANDOM_ADDRESS
05-09 19:02:53.283 27821 27955 W bt_stack: le_scanning_manager :: OnResume()
05-09 19:02:53.283 27821 27955 W bt_stack: Start LeSetScan
05-09 19:02:53.284 27821 27955 W bt_stack: le_scanning_manager :: OnResume() - call AckResume
05-09 19:02:53.284 27821 27955 W bt_stack: le_impl :: OnResume()
05-09 19:02:53.284 27821 27955 W bt_stack: le_impl :: check_for_unregister()
05-09 19:02:53.284 27821 27955 W bt_stack: le_address_manager :: ack_resume()
05-09 19:02:53.286 27821 27955 W bt_stack: le_address_manager :: ack_resume()
05-09 19:02:53.320  1203 29011 D SemWifiUsabilityStatsMonitor: onWifiUsabilityStats - seqNum 28181, isSameBssidAndFreq true
05-09 19:02:53.321  1203  1466 D ConnectivityService: notifyType CALLBACK_CAP_CHANGED for [185 WIFI]
05-09 19:02:53.326  1610  1610 D NetworkController.WifiSignalController: notifyListener: visible=true, connected=true, inetCondition=1, isDefault=true, wifiTestReported=true, receivedInetCondition=-1, hideDuringMobileSwitching=false
05-09 19:02:53.331  1203  1518 I SemWifiLinkQualityMonitor: Link Qos Query: 1.600 ms / 5.000 Mbps (5 / 0.000 / 1.000)
05-09 19:02:53.338  1610  1745 D Tile.WifiTile: handleUpdateState isTransient=false transientEnabling =false cb.isTransient=false state.state = 2 mStateBeforeClick.value =false enabled =true
05-09 19:02:53.341  1203  1493 D SemWifiSwitchForIndividualAppsService: stopTCPMonitoring : already stopped
05-09 19:02:53.342  1203  1493 I WifiConnectivityMonitor.NCC: sNetworkCallback(oCC) FULL : 185(true/false)[ Transports: WIFI Capabilities: NOT_METERED&INTERNET&NOT_RESTRICTED&TRUSTED&NOT_VPN&VALIDATED&NOT_ROAMING&FOREGROUND&NOT_CONGESTED&NOT_SUSPENDED&NOT_VCN_MANAGED LinkUpBandwidth>=1195Kbps LinkDnBandwidth>=3524Kbps TransportInfo: <SSID: <unknown ssid>, BSSID: 02:00:00:**:**:00, MAC: 02:00:00:**:**:00, IP: /192.168.100.2, Security type: 2, Supplicant state: COMPLETED, Wi-Fi standard: 4, RSSI: -73, Link speed: 5Mbps, Tx Link speed: 5Mbps, Max Supported Tx Link speed: 300Mbps, Rx Link speed: 6Mbps, Max Supported Rx Link speed: 300Mbps, Frequency: 2462MHz, Net ID: -1, Metered hint: false, score: 60, isUsable: true, CarrierMerged: false, SubscriptionId: -1, IsPrimary: 1, Trusted: true, Restricted: false, Ephemeral: false, OEM paid: false, OEM private: false, OSU AP: false, FQDN: <none>, Provider friendly name: <none>, Requesting package name: <none><none>MLO Information: , AP MLD Address: <none>, AP MLO Link Id: <none>, AP MLO Affiliated links: <none>> SignalStrength: -73 AdminUids: [1000] SSID: "WE_8BDC3E" UnderlyingNetworks: Null]
05-09 19:02:53.343  1203  1536 I WifiConnectivityMonitor: current mode : 1
05-09 19:02:53.344  1203  1536 D OpenNetworkQos[4.00]: updateBssidNoInternet: mBssidNoInternet = false
05-09 19:02:53.344  1203  1536 D OpenNetworkQos[4.00]: getOpenNetworkQosNoInternetStatus: false[Private DNS is active. Result is ignored.]
05-09 19:02:53.344  1203  1536 D OpenNetworkQos[4.00]: getOpenNetworkQosScores: 26 26 26 [Private DNS is active. Result is ignored.]
05-09 19:02:53.344  1203  1536 I WifiProfileShare: network QoS data was changed (internet), updateQoSData networkType: true, qosData: false
05-09 19:02:53.345  1203  2783 D WifiProfileShare: nearby scanning settings stop
05-09 19:02:53.345  1203  2783 V WifiProfileShare.Caster: checkAndGetShareData - nearby scanning
05-09 19:02:53.377  1610  1745 D NetworkController.WifiSignalController: notifyListener: visible=true, connected=true, inetCondition=1, isDefault=true, wifiTestReported=true, receivedInetCondition=-1, hideDuringMobileSwitching=false
05-09 19:02:53.378 14174 14385 I HBD     : g onCapabilitiesChanged network : 185 current network state : wifi 
05-09 19:02:53.393  1610  1745 D Tile.WifiTile: handleUpdateState isTransient=false transientEnabling =false cb.isTransient=false state.state = 2 mStateBeforeClick.value =false enabled =true
05-09 19:02:53.394  1942  2019 I PdnController<0>: onCapabilitiesChanged: network 185 networkCapabilities [ Transports: WIFI Capabilities: NOT_METERED&INTERNET&NOT_RESTRICTED&TRUSTED&NOT_VPN&VALIDATED&NOT_ROAMING&FOREGROUND&NOT_CONGESTED&NOT_SUSPENDED&NOT_VCN_MANAGED LinkUpBandwidth>=1195Kbps LinkDnBandwidth>=3524Kbps TransportInfo: <SSID: <unknown ssid>, BSSID: 02:00:00:00:00:00, MAC: 02:00:00:00:00:00, IP: /192.168.100.2, Security type: 2, Supplicant state: COMPLETED, Wi-Fi standard: 4, RSSI: -73, Link speed: 5Mbps, Tx Link speed: 5Mbps, Max Supported Tx Link speed: 300Mbps, Rx Link speed: 6Mbps, Max Supported Rx Link speed: 300Mbps, Frequency: 2462MHz, Net ID: -1, Metered hint: false, score: 60, isUsable: true, CarrierMerged: false, SubscriptionId: -1, IsPrimary: 1, Trusted: true, Restricted: false, Ephemeral: false, OEM paid: false, OEM private: false, OSU AP: false, FQDN: <none>, Provider friendly name: <none>, Requesting package name: <none><none>MLO Information: , AP MLD Address: <none>, AP MLO Link Id: <none>, AP MLO Affiliated links: <none>> SignalStrength: -73 AdminUids: [1000] SSID: "WE_8BDC3E" UnderlyingNetworks: Null]
05-09 19:02:53.403 28146 28433 D WM-NetworkStateTracker: Network capabilities changed: [ Transports: WIFI Capabilities: NOT_METERED&INTERNET&NOT_RESTRICTED&TRUSTED&NOT_VPN&VALIDATED&NOT_ROAMING&FOREGROUND&NOT_CONGESTED&NOT_SUSPENDED&NOT_VCN_MANAGED LinkUpBandwidth>=1195Kbps LinkDnBandwidth>=3524Kbps TransportInfo: <SSID: <unknown ssid>, BSSID: 02:00:00:00:00:00, MAC: 02:00:00:00:00:00, IP: /192.168.100.2, Security type: 2, Supplicant state: COMPLETED, Wi-Fi standard: 4, RSSI: -73, Link speed: 5Mbps, Tx Link speed: 5Mbps, Max Supported Tx Link speed: 300Mbps, Rx Link speed: 6Mbps, Max Supported Rx Link speed: 300Mbps, Frequency: 2462MHz, Net ID: -1, Metered hint: false, score: 60, isUsable: true, CarrierMerged: false, SubscriptionId: -1, IsPrimary: -1, Trusted: true, Restricted: false, Ephemeral: false, OEM paid: false, OEM private: false, OSU AP: false, FQDN: <none>, Provider friendly name: <none>, Requesting package name: <none><none>MLO Information: , AP MLD Address: <none>, AP MLO Link Id: <none>, AP MLO Affiliated links: <none>> SignalStrength: -73 UnderlyingNetworks: Null]
05-09 19:02:53.482 14174 14174 I HBD     : g onCapabilityChanged  setNetworkState currentNetworkState : wifi 
05-09 19:02:53.505  1203  5040 W ActivityManager: Foreground service started from background can not have location/camera/microphone access: service com.nisargjhaveri.netspeed/.IndicatorService
05-09 19:02:53.506  1610  3420 D SecFgsManagerControllerImpl: onForegroundStateChanged: dialogShown:false, isForeground:true, packageName:com.nisargjhaveri.netspeed , token:android.os.BinderProxy@4ec2826, userId:0
05-09 19:02:53.509  1203  1258 D ApplicationPolicy: isStatusBarNotificationAllowedAsUser: packageName = com.nisargjhaveri.netspeed,userId = 0
05-09 19:02:53.510  1203  1258 D ApplicationPolicy: isStatusBarNotificationAllowedAsUser: packageName = com.nisargjhaveri.netspeed,userId = 0
