05-09 19:03:09.328  1203  1249 I GestureDetector: obtain mCurrentDownEvent. id: 1064326205 caller: com.android.server.wm.SystemGesturesPointerEventListener.onPointerEvent:203 com.android.server.wm.PointerEventDispatcher.onInputEvent:53 android.view.InputEventReceiver.dispatchInputEvent:285 
05-09 19:03:09.328  1610  1610 D SecPanelLogger: PanelView.dispatchTouchEvent() MotionEvent { action=ACTION_DOWN, actionButton=0, id[0]=0, x[0]=523.3887, y[0]=984.375, toolType[0]=TOOL_TYPE_FINGER, buttonState=0, classification=NONE, metaState=0, flags=0x0, edgeFlags=0x0, pointerCount=1, historySize=0, eventTime=213081288, downTime=213081291, deviceId=3, source=0x1002, displayId=0, eventId=1064326205 } |  StatusBarState:SHADE
05-09 19:03:09.328  1610  1610 D SecPanelLogger: NPVC InterceptTouch(ACTION_DOWN) (mQsExpansionEnabledPolicy:true && mQsExpansionEnabledAmbient:true && !isRemoteInputActive:true) |  StatusBarState:SHADE
05-09 19:03:09.328  1203  1249 I GestureDetector: obtain mCurrentDownEvent. id: 1064326205 caller: com.android.server.wm.SystemPerformancePointerEventListener.onPointerEvent:89 com.android.server.wm.PointerEventDispatcher.onInputEvent:53 android.view.InputEventReceiver.dispatchInputEvent:285 
05-09 19:03:09.329  1610  1610 D KeyguardTouchAnimator: intercepted: action=0 mQsExpanded=false, mQsFullyExpanded=false
05-09 19:03:09.329  1610  1610 D SecPanelLogger:  PVC InterceptTouch(ACTION_DOWN)  |  StatusBarState:SHADE
05-09 19:03:09.329  1610  1610 D SecPanelLogger: NotificationsQuickSettingsContainer InterceptTouch(ACTION_DOWN)  |  StatusBarState:SHADE
05-09 19:03:09.329  1610  1610 D SecPanelLogger: StackScrollerController InterceptTouch(ACTION_DOWN)  |  StatusBarState:SHADE
05-09 19:03:09.330  1610  1610 I GestureDetector: obtain mCurrentDownEvent. id: 1064326205 caller: android.view.ScaleGestureDetector.onTouchEvent:275 com.android.systemui.ExpandHelper.onInterceptTouchEvent:302 com.android.systemui.statusbar.notification.stack.NotificationStackScrollLayoutController$TouchHandler.onInterceptTouchEvent:2011 
05-09 19:03:09.353  1203  3805 D BatteryService: Sending ACTION_BATTERY_CHANGED: level:46, status:2, health:2, ac:false, usb:true, wireless:false, pogo:false, misc:0x20000, charge_type:1, charger_type:0, voltage:3868, temperature:221, online:4, current_avg:346, ps:false, hvc:false, capacity:280000, current_event:0x10000, current_now:344, mcc:0, mcv:0, cc:2032050, present:true, scale:100, technology:Li-ion
05-09 19:03:09.353   868   868 E sehhealth-service: Could not open /sys/class/power_supply/battery/lrp
05-09 19:03:09.354  1203  1408 D MotionRecognitionService: [SAR]  onReceive : ACTION_BATTERY_CHANGED, Plugged: 2
05-09 19:03:09.354  1203  1551 I DeviceBatteryInfoService: action: android.intent.action.BATTERY_CHANGED
05-09 19:03:09.354  1203  1551 I DeviceBatteryInfoService: phone battery level: 46
05-09 19:03:09.354  1203  1551 I DeviceBatteryInfoService: phone battery status: 2
05-09 19:03:09.354  1203  1203 E PocketModeEvent: PocketModeSetting is off 
05-09 19:03:09.355  1203  1203 D PhoneWindowManagerExt: ACTION_BATTERY_CHANGED - Level=46, status=2
05-09 19:03:09.355  1610  1610 D KeyguardUpdateMonitor: received broadcast android.intent.action.BATTERY_CHANGED
05-09 19:03:09.355  1610  1610 I PowerUI : mBootCompleted = true |  mFullyConnected = true
05-09 19:03:09.355  1610  1610 I PowerUI : BATTERY_HEALTH_CHECK extraHealth=2 mBatteryMiscEvent=131072
05-09 19:03:09.355  1610  1610 W PowerUI : Plug reason
05-09 19:03:09.355  1610  1610 W PowerUI : Skip charging animation - by plug status
05-09 19:03:09.355  1610  1610 D PowerUI : priorPlugType = 2 mPlugType = 2 priorBatteryStatus = 2 mBatteryStatus = 2
05-09 19:03:09.355  1610  1610 W PowerUI : Plug reason
05-09 19:03:09.355  1610  1610 W PowerUI : Skip charging sound - by plug status
05-09 19:03:09.355  1610  1610 I PowerUI : oldMisalign : false, curMisalign : false
05-09 19:03:09.355  1610  2430 D SecPowerUI.Notification: dismissing low battery warning: level=46
05-09 19:03:09.355  1610  2430 D SecPowerUI.Notification: updateNotification mWarning=false mPlaySound=false
05-09 19:03:09.356  1610  2430 D SecPowerUI.Notification: SecBatteryStatsSnapshot{batteryLevel=46, currentBatteryMode=0, chargingTime=12811000, chargingType=11, batteryHealth=2, automaticTestMode=false, isHiccupState=false}
05-09 19:03:09.356  1203  1203 D AdaptiveBrightnessLongtermModelBuilder: Received android.intent.action.BATTERY_CHANGED
05-09 19:03:09.356  1203  1203 D SemWifiApBroadcastReceiver: Received : android.intent.action.BATTERY_CHANGED
05-09 19:03:09.356  1610  2430 D SecPowerUI.Notification: 1. restoreScreenTimeOut - saved_value : :
05-09 19:03:09.356  1610  2430 E SecPowerUI.Notification: no saved value, so we do nothing !!
05-09 19:03:09.357  1203  1203 I GestureDetector: obtain mCurrentMotionEventRaw. action: 2 id: 135805932
05-09 19:03:09.358 10233 10233 I [SCPMV2][SystemMonitorReceiver]: onReceive: android.intent.action.BATTERY_CHANGED
05-09 19:03:09.358  1203  1249 I GestureDetector: obtain mCurrentMotionEventRaw. action: 2 id: 135805932
05-09 19:03:09.358  1203  1249 I GestureDetector: obtain mCurrentMotionEventRaw. action: 2 id: 135805932
05-09 19:03:09.358  1610  1610 D SecPowerUI.Notification: showChargingNotice oldChargingType : 11 / currentChargingType : 11, oldChargingTime : 12811000 / mChargingTime : 12811000
05-09 19:03:09.358  1610  1610 D SecPowerUI.Notification: There is no change about charging status, so return!
05-09 19:03:09.358  1610  1610 D PowerUI : Battery swelling mode - priorBatterySwellingMode = 0 mBatterySwellingMode = 0 mBatteryStatus = 2
05-09 19:03:09.358  1610  1610 I PowerUI : mBatteryMiscEvent = 131072
05-09 19:03:09.359  1610  1610 I PowerUI : checkShouldTurnOffProtectBattery : 0, Scheduling start ? : false
05-09 19:03:09.359  1610  1610 I PowerUI : Clear time
05-09 19:03:09.359  1593  1593 D SemBigDataInfoController: Intent: android.intent.action.BATTERY_CHANGED
05-09 19:03:09.359  1203  3805 D SettingsProvider: isChangeAllowed() : name = charger_connected_time
05-09 19:03:09.359  1203  3805 D SettingsProvider: edmUri: content://com.sec.knox.provider/RestrictionPolicy3
05-09 19:03:09.359  1203  3805 D SettingsProvider: projectionArgs: isSettingsChangesAllowed
05-09 19:03:09.359  1203  3805 D SettingsProvider: selectionArgs: false
05-09 19:03:09.359  1203  3805 D SettingsProvider: selectionArgs: 10053
05-09 19:03:09.360  1593  1593 D SemBigDataInfoController: Intent: android.intent.action.BATTERY_CHANGED
05-09 19:03:09.360  1203  3805 D SecContentProvider: query(), uri = 17 selection = isSettingsChangesAllowed
05-09 19:03:09.360  1203  3805 D SecContentProvider: called from android.uid.systemui:10053
05-09 19:03:09.360  1203  3805 D RestrictionPolicy: isSettingsChangesAllowedAsUser, userId 0 : true
05-09 19:03:09.360  1203  3805 D SettingsProvider: ret = 1
05-09 19:03:09.361  1610  1610 D SamsungBatteryMeterDrawable: onBatteryLevelChanged isSomethingChanged: false
05-09 19:03:09.361  1610  1610 D SamsungBatteryMeterDrawable: onBatteryLevelChanged isSomethingChanged: false
05-09 19:03:09.362  1610  1610 D SamsungBatteryMeterDrawable: onBatteryLevelChanged isSomethingChanged: false
05-09 19:03:09.362  1610  1610 D SamsungBatteryMeterDrawable: onBatteryLevelChanged isSomethingChanged: false
05-09 19:03:09.362  1610  1610 D KeyguardUpdateMonitor: handleBatteryUpdate
05-09 19:03:09.363  1610  1610 I AODBatteryManager: updateBatteryData: ACTION_BATTERY_CHANGED
05-09 19:03:09.363  1610  1610 I AODBatteryManager: saveBatteryData : AOD BatteryData [mBatteryLevel=46, mBatteryStatus=CHARGING, mBatteryPlugType=USB, mBatteryPlugged=true, mRemainingChargeTime=12811000, mBatteryChargingType=1, mBatteryChargerType=NORMAL, mBatteryOnline=USB, mBatterySwellingMode=NONE, mBatteryProtectMode=false]
05-09 19:03:09.378  1610  1610 D SecPanelLogger: PanelView.dispatchTouchEvent() MotionEvent { action=ACTION_MOVE, actionButton=0, id[0]=0, x[0]=543.627, y[0]=978.8338, toolType[0]=TOOL_TYPE_FINGER, buttonState=0, classification=NONE, metaState=0, flags=0x0, edgeFlags=0x0, pointerCount=1, historySize=2, eventTime=213081336, downTime=213081291, deviceId=3, source=0x1002, displayId=0, eventId=135805932 } |  StatusBarState:SHADE
05-09 19:03:09.378  1610  1610 D SecPanelLogger: NPVC InterceptTouch(ACTION_MOVE) (mQsExpansionEnabledPolicy:true && mQsExpansionEnabledAmbient:true && !isRemoteInputActive:true) |  StatusBarState:SHADE
05-09 19:03:09.378  1610  1610 D SecPanelLogger:  PVC InterceptTouch(ACTION_MOVE)  |  StatusBarState:SHADE
05-09 19:03:09.378  1610  1610 D SecPanelLogger: NotificationsQuickSettingsContainer InterceptTouch(ACTION_MOVE)  |  StatusBarState:SHADE
05-09 19:03:09.378  1610  1610 D SecPanelLogger: StackScrollerController InterceptTouch(ACTION_MOVE)  |  StatusBarState:SHADE
05-09 19:03:09.378  1610  1610 I GestureDetector: obtain mCurrentMotionEventRaw. action: 2 id: 135805932
05-09 19:03:09.411  1610  1610 D SecPanelLogger: StackScrollerController onTouch(ACTION_MOVE)  |  StatusBarState:SHADE
05-09 19:03:09.429  1610  1610 I FaceWidgetPositionAlgorithm: getClockContainerHeight() supplier = 462, bottom margin = 0, real height = 525
05-09 19:03:09.429  1610  1610 I FaceWidgetPositionAlgorithm: getClockContainerHeight() supplier = 462, bottom margin = 63, real height = 525
05-09 19:03:09.429  1610  1610 I FaceWidgetPositionAlgorithm: getMediaContainerHeight() height = 456 container Visibility = 8, isValid = false, mIsDozing = false, fraction = 1.0, source = 0, target = 0
05-09 19:03:09.429  1610  1610 I FaceWidgetPositionAlgorithm: getMediaContainerHeight() supplier = 0
05-09 19:03:09.470   815   815 E audit   : type=1400 audit(1746806589.465:92685): avc:  denied  { getattr } for  pid=10715 comm="roid.myservices" path="/dev/pmsg0" dev="tmpfs" ino=14572 scontext=u:r:untrusted_app:s0:c95,c257,c512,c768 tcontext=u:object_r:pmsg_device:s0 tclass=chr_file permissive=0 SEPF_SM-N770F_13_0001 audit_filtered
05-09 19:03:09.470   815   815 E audit   : type=1300 audit(1746806589.465:92685): arch=c00000b7 syscall=80 success=no exit=-13 a0=4 a1=7ff3147720 a2=7ff3148240 a3=4 items=0 ppid=837 pid=10715 auid=4294967295 uid=10351 gid=10351 euid=10351 suid=10351 fsuid=10351 egid=10351 sgid=10351 fsgid=10351 tty=(none) ses=4294967295 comm="roid.myservices" exe="/system/bin/app_process64" subj=u:r:untrusted_app:s0:c95,c257,c512,c768 key=(null)
05-09 19:03:09.470   815   815 E audit   : type=1327 audit(1746806589.465:92685): proctitle="com.emeint.android.myservices"
05-09 19:03:09.513  1203  1419 D InputReader: Btn_touch(10): value=0 when=213081.478245
05-09 19:03:09.513  1203  1419 I InputReader: Touch event's action is 0x1 (id=3, t=0) [pCnt=1, s=] when=213081.478245
05-09 19:03:09.514  1203  1203 D InputDispatcher: Inject motion (0/0): action=0x1, time=213081478245000, f=0x0, d=0 dsdx=1.000000 dtdx=0.000000
05-09 19:03:09.515  1203  1418 I InputDispatcher: Delivering touch to (1610): action: 0x1, f=0x0, d=0, 'f79ac62', t=1 
05-09 19:03:09.515  1610  1610 I ViewRootImpl@19fa582[NotificationShade]: ViewPostIme pointer 1
05-09 19:03:09.516  1610  1610 D SecPanelLogger: PanelView.dispatchTouchEvent() MotionEvent { action=ACTION_UP, actionButton=0, id[0]=0, x[0]=1033.0664, y[0]=903.5156, toolType[0]=TOOL_TYPE_FINGER, buttonState=0, classification=NONE, metaState=0, flags=0x0, edgeFlags=0x0, pointerCount=1, historySize=0, eventTime=213081478, downTime=213081291, deviceId=3, source=0x1002, displayId=0, eventId=84542322 } |  StatusBarState:SHADE
05-09 19:03:09.516  1610  1610 D SecPanelLogger: StackScrollerController onTouch(ACTION_UP)  |  StatusBarState:SHADE
05-09 19:03:09.516  1203  1203 D SGM:GameManager: identifyGamePackage. com.sec.android.app.launcher, mCurrentUserId: 0, callerUserId: 0, callingMethodInfo: com.android.server.ssrm.fgapps.GameAppUtils.isGame(GameAppUtils.java:84)
05-09 19:03:09.516  1203  1203 D SGM:PkgDataHelper: getGamePkgData(). com.sec.android.app.launcher
05-09 19:03:09.516  1203  1203 I SemDvfsHyPerManager: acquire hyper - GESTURE_DETECTED_HRR/1203@28, type = -999
05-09 19:03:09.516  1610  1610 D NotificationSwipeHelper: handleSwipeFromClosedState start
05-09 19:03:09.517   863   896 I HYPER-HAL: [RequestManager.cpp]acquire(): Acquired ID : 758324  [1203 / 28]    HINT : GESTURE_DETECTED_HRR    list : [TIMEOUT / 1872] 
05-09 19:03:09.517  1203  3805 D PhoneWindowManagerExt: f.b. a=false id=50065 he=false ksno=false uid=10053 callingPackage=com.android.systemui reason=null Caller=com.android.server.policy.PhoneWindowManager.performHapticFeedback:6534 com.android.server.wm.Session.performHapticFeedback:322 android.view.IWindowSession$Stub.onTransact:909 com.android.server.wm.Session.onTransact:188 android.os.Binder.execTransactInternal:1321 
05-09 19:03:09.517  1203  3805 D PhoneWindowManagerExt: haptic disabled by policy
05-09 19:03:09.518  1203  1203 D SGM:GameManager: identifyGamePackage. com.sec.android.app.launcher, mCurrentUserId: 0, callerUserId: 0, callingMethodInfo: com.android.server.ssrm.fgapps.GameAppUtils.isGame(GameAppUtils.java:84)
05-09 19:03:09.518  1203  1203 D SGM:PkgDataHelper: getGamePkgData(). com.sec.android.app.launcher
05-09 19:03:09.518  1203  1203 I SemDvfsHyPerManager: acquire hyper - GESTURE_DETECTED_HRR/1203@28, type = -999
05-09 19:03:09.518   863   896 I HYPER-HAL: [RequestManager.cpp]acquire(): Acquired ID : 758324  [1203 / 28]    HINT : GESTURE_DETECTED_HRR    list : [TIMEOUT / 1872] 
05-09 19:03:09.519  1203  1203 D SGM:GameManager: identifyGamePackage. com.sec.android.app.launcher, mCurrentUserId: 0, callerUserId: 0, callingMethodInfo: com.android.server.ssrm.fgapps.GameAppUtils.isGame(GameAppUtils.java:84)
05-09 19:03:09.519  1203  1203 D SGM:PkgDataHelper: getGamePkgData(). com.sec.android.app.launcher
05-09 19:03:09.520  1203  1203 I SemDvfsHyPerManager: acquire hyper - GESTURE_DETECTED_HRR/1203@28, type = -999
05-09 19:03:09.520  1610  1610 D ExpandableNotifRow: try performDismiss : 0|com.samsung.android.lool|2000|null|1000
05-09 19:03:09.520  1203  1203 I SemDvfsHyPerManager: acquire hyper - SMOOTH_SCROLL/1203@22, type = -999
05-09 19:03:09.520   863   896 I HYPER-HAL: [RequestManager.cpp]acquire(): Acquired ID : 758324  [1203 / 28]    HINT : GESTURE_DETECTED_HRR    list : [TIMEOUT / 1872] 
05-09 19:03:09.520   863   896 I HYPER-HAL: [RequestManager.cpp]acquire(): Acquired ID : 750947  [1203 / 22]    HINT : SMOOTH_SCROLL    list : 
05-09 19:03:09.522   863   896 I HYPER-HAL: [RequestManager.cpp]releaseLocked(): Released ID : 750947
05-09 19:03:09.522  1610  1610 D SystemUIAnalytics: sendEventLog , , type, normal, priority, alert, information, com.samsung.android.lool ; 2000 ; BATTERY ; null ; 3
05-09 19:03:09.522  1203  1203 D EdgeLightingManager: isCallingUserSupported : callingUserId=0, mUserId=0, isDualAppId=false, isKnoxId=false
05-09 19:03:09.522  1203  1203 D EdgeLightingManager: hideForNotification : packageName = com.samsung.android.lool
05-09 19:03:09.522  1203  1203 D EdgeLightingPolicyManager:NotificationGroup: remove : sbn : StatusBarNotification(pkg=com.samsung.android.lool user=UserHandle{0} id=2000 tag=null key=0|com.samsung.android.lool|2000|null|1000: Notification(channel=BATTERY shortcut=null contentView=null vibrate=null sound=null defaults=0x0 flags=0x110 color=0xff00a88c vis=PRIVATE semFlags=0x0 semPriority=0 semMissedCount=0))
05-09 19:03:09.522  1203  1203 D EdgeLightingManager: hideForNotification : isOngoing is false
05-09 19:03:09.529  1203  1203 D CompatibilityChangeReporter: Compat change id reported: 175319604; UID 10053; state: ENABLED
05-09 19:03:09.529  1610  1610 D PluginInstanceManager: stopListening
05-09 19:03:09.529  1203  1203 D CompatibilityChangeReporter: Compat change id reported: 195579280; UID 10053; state: ENABLED
05-09 19:03:09.529  1610  8067 D SamsungAnalytics605033: SendLog Result = 0
05-09 19:03:09.530  1610  1610 D PluginInstanceManager: startListening
05-09 19:03:09.530  1610  1799 D PluginInstanceManager: queryAll com.android.systemui.action.PLUGIN_NOTIFICATION_MENU_ROW
05-09 19:03:09.531  1610  1799 D PluginInstanceManager: Found 0 plugins
05-09 19:03:09.533  3550  4069 D KnoxHelper: getActivityList callingUserId: 0, target user: 0
05-09 19:03:09.533  1610  1610 D SecQSFragmentAnimator_QSCinema: [panelExpansionDragDownPxAmount:1153] qsExpanded:false, qsFullyExpanded:false, qsExpansionPosition:0, qsExpandImmediate:false, qsCollapsingWhilePanelClosing:false &&&  panelExpansionFraction:1, panelExpansionDragDownPxAmount:1551 ***   panelExpanded:true, panelExpanding:false %%%   barState:0, overScrolling:false, userId:-1, isRunningPanelOnHeightAnimation:false
05-09 19:03:09.533  1610  1610 I FaceWidgetPositionAlgorithm: getClockContainerHeight() supplier = 462, bottom margin = 0, real height = 525
05-09 19:03:09.534  1610  1610 I FaceWidgetPositionAlgorithm: getClockContainerHeight() supplier = 462, bottom margin = 63, real height = 525
05-09 19:03:09.534  1610  1610 I FaceWidgetPositionAlgorithm: getMediaContainerHeight() height = 456 container Visibility = 8, isValid = false, mIsDozing = false, fraction = 1.0, source = 0, target = 0
05-09 19:03:09.534  1610  1610 I FaceWidgetPositionAlgorithm: getMediaContainerHeight() supplier = 0
05-09 19:03:09.536  1203  1203 D NotificationReminder: removeFromNotiList record com.samsung.android.lool
05-09 19:03:09.548  1610  1610 D BubblesManager: setupNotifPipeline(), onEntryRemoved : reason=2
05-09 19:03:09.629  1610  1610 D PluginInstanceManager: stopListening
05-09 19:03:09.748  1203  3748 W ActivityManager: Foreground service started from background can not have location/camera/microphone access: service com.nisargjhaveri.netspeed/.IndicatorService
05-09 19:03:09.748  1610  2564 D SecFgsManagerControllerImpl: onForegroundStateChanged: dialogShown:false, isForeground:true, packageName:com.nisargjhaveri.netspeed , token:android.os.BinderProxy@4ec2826, userId:0
05-09 19:03:09.749  1203  1258 D ApplicationPolicy: isStatusBarNotificationAllowedAsUser: packageName = com.nisargjhaveri.netspeed,userId = 0
05-09 19:03:09.749  1203  1258 D ApplicationPolicy: isStatusBarNotificationAllowedAsUser: packageName = com.nisargjhaveri.netspeed,userId = 0
05-09 19:03:09.759   603   603 D io_stats: !@   8,0 r 14959141 271552348 w 10957661 137242712 d 0 0 f 0 0 iot 7470932 0 th 0 0 0 pt 0 inp 0 0 213081.723
05-09 19:03:09.940 14718 14718 I ResourceOverlayService_0: waitAndQuit called
05-09 19:03:09.940 14718 14718 I ResourceOverlayService_0: activity user id 0 process id 0
05-09 19:03:09.949  1203  1419 D InputReader: Btn_touch(10): value=1 when=213081.913460
05-09 19:03:09.949  1203  1419 I InputReader: Touch event's action is 0x0 (id=3, t=0) [pCnt=1, s=0.37287 ] when=213081.913460
05-09 19:03:09.949   815   815 E audit   : type=1400 audit(1746806589.945:92686): avc:  denied  { read } for  pid=10715 comm="roid.myservices" name="current_tracer" dev="tracefs" ino=4430 scontext=u:r:untrusted_app:s0:c95,c257,c512,c768 tcontext=u:object_r:debugfs_tracing_debug:s0 tclass=file permissive=0 SEPF_SM-N770F_13_0001 audit_filtered
05-09 19:03:09.950  1203  1203 I GestureDetector: obtain mCurrentDownEvent. id: 883592940 caller: com.android.server.accessibility.magnification.FullScreenMagnificationGestureHandler.handleEventWith:205 com.android.server.accessibility.magnification.FullScreenMagnificationGestureHandler.onMotionEventInternal:199 com.android.server.accessibility.magnification.MagnificationGestureHandler.onMotionEvent:119 
05-09 19:03:09.950  1203  1203 I GestureDetector: obtain mCurrentMotionEventRaw. action: 0 id: 883592940
05-09 19:03:09.950  1203  1203 I GestureDetector: obtain mCurrentDownEvent. id: 883592940 caller: com.android.server.accessibility.magnification.FullScreenMagnificationGestureHandler.handleEventWith:205 com.android.server.accessibility.magnification.FullScreenMagnificationGestureHandler.-$$Nest$mhandleEventWith:0 com.android.server.accessibility.magnification.FullScreenMagnificationGestureHandler$DetectingState.sendDelayedMotionEvents:892 
05-09 19:03:09.950  1203  1203 D InputDispatcher: Inject motion (0/0): action=0x0, time=213081913460000, f=0x0, d=0 dsdx=1.000000 dtdx=0.000000
05-09 19:03:09.951  1203  1418 I InputDispatcher: Delivering touch to (1610): action: 0x4, f=0x0, d=0, '4b5d54c', t=1 
05-09 19:03:09.951  1203  1418 I InputDispatcher: Delivering touch to (1610): action: 0x0, f=0x0, d=0, 'f79ac62', t=1 
05-09 19:03:09.951  1610  1610 I ViewRootImpl@19fa582[NotificationShade]: ViewPostIme pointer 0
05-09 19:03:09.951  1610  1610 D SecPanelLogger: PanelView.dispatchTouchEvent() MotionEvent { action=ACTION_DOWN, actionButton=0, id[0]=0, x[0]=663.39844, y[0]=1427.3438, toolType[0]=TOOL_TYPE_FINGER, buttonState=0, classification=NONE, metaState=0, flags=0x0, edgeFlags=0x0, pointerCount=1, historySize=0, eventTime=213081913, downTime=213081915, deviceId=3, source=0x1002, displayId=0, eventId=883592940 } |  StatusBarState:SHADE
05-09 19:03:09.951  1610  1610 D SecPanelLogger: NPVC InterceptTouch(ACTION_DOWN) (mQsExpansionEnabledPolicy:true && mQsExpansionEnabledAmbient:true && !isRemoteInputActive:true) |  StatusBarState:SHADE
05-09 19:03:09.952  1203  1249 I GestureDetector: obtain mCurrentDownEvent. id: 883592940 caller: com.android.server.wm.SystemGesturesPointerEventListener.onPointerEvent:203 com.android.server.wm.PointerEventDispatcher.onInputEvent:53 android.view.InputEventReceiver.dispatchInputEvent:285 
05-09 19:03:09.952  1610  1610 D KeyguardTouchAnimator: intercepted: action=0 mQsExpanded=false, mQsFullyExpanded=false
05-09 19:03:09.952  1610  1610 D SecPanelLogger:  PVC InterceptTouch(ACTION_DOWN)  |  StatusBarState:SHADE
05-09 19:03:09.952  1610  1610 D SecPanelLogger: NotificationsQuickSettingsContainer InterceptTouch(ACTION_DOWN)  |  StatusBarState:SHADE
05-09 19:03:09.952  1610  1610 D SecPanelLogger: StackScrollerController InterceptTouch(ACTION_DOWN)  |  StatusBarState:SHADE
05-09 19:03:09.953  1203  1249 I GestureDetector: obtain mCurrentDownEvent. id: 883592940 caller: com.android.server.wm.SystemPerformancePointerEventListener.onPointerEvent:89 com.android.server.wm.PointerEventDispatcher.onInputEvent:53 android.view.InputEventReceiver.dispatchInputEvent:285 
05-09 19:03:09.953  1610  1610 I GestureDetector: obtain mCurrentDownEvent. id: 883592940 caller: android.view.ScaleGestureDetector.onTouchEvent:275 com.android.systemui.ExpandHelper.onInterceptTouchEvent:302 com.android.systemui.statusbar.notification.stack.NotificationStackScrollLayoutController$TouchHandler.onInterceptTouchEvent:2011 
05-09 19:03:09.953  1610  1610 D SecPanelLogger: StackScrollerController onTouch(ACTION_DOWN)  |  StatusBarState:SHADE
05-09 19:03:09.953  1610  1610 I GestureDetector: obtain mCurrentMotionEventRaw. action: 0 id: 883592940
05-09 19:03:09.953  1610  1610 I GestureDetector: obtain mCurrentDownEvent. id: 883592940 caller: android.view.ScaleGestureDetector.onTouchEvent:275 com.android.systemui.ExpandHelper.onTouchEvent:442 com.android.systemui.statusbar.notification.stack.NotificationStackScrollLayoutController$TouchHandler.onTouchEvent:2077 
05-09 19:03:09.953  1203  1203 I Telecom:SamsungTelecomServiceImpl: isInManagedCall - callingPackage : android
05-09 19:03:09.953  1610  1610 D SecPanelLogger: NotificationsQuickSettingsContainer onTouch(ACTION_DOWN)  |  StatusBarState:SHADE
05-09 19:03:09.953  1610  1610 D SecPanelLogger: NPVC onTouch(ACTION_DOWN)  |  StatusBarState:SHADE
05-09 19:03:09.954  1610  1610 D SecPanelLogger:  PVC onTouch(ACTION_DOWN)  |  StatusBarState:SHADE
05-09 19:03:09.955  1610  1610 D SecQSFragmentAnimator_QSCinema: [panelExpanding:true] qsExpanded:false, qsFullyExpanded:false, qsExpansionPosition:0, qsExpandImmediate:false, qsCollapsingWhilePanelClosing:false &&&  panelExpansionFraction:1, panelExpansionDragDownPxAmount:1153 ***   panelExpanded:true, panelExpanding:false %%%   barState:0, overScrolling:false, userId:-1, isRunningPanelOnHeightAnimation:false
05-09 19:03:09.955  1203  1203 D EdgeLightingManager: isCallingUserSupported : callingUserId=0, mUserId=0, isDualAppId=false, isKnoxId=false
05-09 19:03:09.955  1203  1203 D EdgeLightingManager: showForNotification : isInteractive=true, isHeadUp=true, color=0, canBypassDnd=false, sbn = StatusBarNotification(pkg=com.nisargjhaveri.netspeed user=UserHandle{0} id=1 tag=null key=0|com.nisargjhaveri.netspeed|1|null|10130: Notification(channel=NetSpeedIndicator shortcut=null contentView=com.nisargjhaveri.netspeed/0x7f0c002a vibrate=null sound=null defaults=0x0 flags=0x16a color=0x00000000 category=status vis=PRIVATE semFlags=0x0 semPriority=0 semMissedCount=0))
05-09 19:03:09.955  1203  1203 D EdgeLightingClientManager: isAvailableEdgeLighting: condition=1 mCondition=3 mIsConnected=false0
05-09 19:03:09.956  1203  1203 D EdgeLightingManager: showForNotificationScreenOn : return false by isAvailableEdgeLighting.
05-09 19:03:09.956  1610  1610 D KeyguardVisible: go panelState: OPEN -> OPEN tracking=true, expanded=true, fraction=1.0
05-09 19:03:09.957  1610  1610 D KeyguardVisible: cancelPendingPanelCollapse false
05-09 19:03:09.957  1610  1610 D PanelView: ACTION_DOWN, isFullyCollapsed:false, hasPinnedHeadsUp:false, isBouncerShowing:false, mGestureWaitForTouchSlop:false, mIgnoreXTouchSlop:true
05-09 19:03:09.957  1610  1610 D SecPanelLogger: NPVC FINAL (!mDozing:true || mPulsing:false || handled:true) = return:true onTouch(ACTION_DOWN)  |  StatusBarState:SHADE
05-09 19:03:09.959  3550  4069 D KnoxHelper: getActivityList callingUserId: 0, target user: 0
05-09 19:03:09.959  3826  3826 I Routine@Core[4.2.00.52]: PreloadNotificationListenerService: onNotificationPosted: - begin  - ($)
05-09 19:03:09.959  3826  3826 I Routine@Core[4.2.00.52]: PreloadNotificationListenerService: isScreenedOut: not interested:  - ($)
05-09 19:03:09.960  2018  2018 I Launcher.NotificationListener: onNotificationPosted : com.nisargjhaveri.netspeed number : 0
05-09 19:03:09.960  2018  2263 I Launcher.NotificationListener: notificationIsValidForUI : com.nisargjhaveri.netspeed missingTitleAndText : true isGroupHeader : false
05-09 19:03:09.962  1203  1203 I GestureDetector: obtain mCurrentMotionEventRaw. action: 2 id: 407967031
05-09 19:03:09.963  1203  1249 I GestureDetector: obtain mCurrentMotionEventRaw. action: 2 id: 407967031
05-09 19:03:09.963  1203  1249 I GestureDetector: obtain mCurrentMotionEventRaw. action: 2 id: 407967031
05-09 19:03:09.964  1610  1610 D SecPanelLogger: PanelView.dispatchTouchEvent() MotionEvent { action=ACTION_MOVE, actionButton=0, id[0]=0, x[0]=663.13257, y[0]=1422.6167, toolType[0]=TOOL_TYPE_FINGER, buttonState=0, classification=NONE, metaState=0, flags=0x0, edgeFlags=0x0, pointerCount=1, historySize=1, eventTime=213081921, downTime=213081915, deviceId=3, source=0x1002, displayId=0, eventId=407967031 } |  StatusBarState:SHADE
05-09 19:03:09.964  1610  1610 D SecPanelLogger: NPVC onTouch(ACTION_MOVE)  |  StatusBarState:SHADE
05-09 19:03:09.964  1610  1610 D SecPanelLogger:  PVC onTouch(ACTION_MOVE)  |  StatusBarState:SHADE
05-09 19:03:09.966  1610  1610 D SecQpScrimControlHelper:  secVisible?true (scrimState:UNLOCKED) (1stFrc:1, 2ndFrc:0, drgDown:0, PanelEx:true)   (dlyGed:264, dlySec:0)   [N(0.5|fff2f2f2)-B(0|fff2f2f2)]   (expanded:true, tracking:true, qsBottomVisible:true) MassBlur(a:0.999934   thm(a:1, rtEnabled:false) park(panel_on?false)   kgd(fw:false, gw:false, ocl:false)   (assetsSeq:0, themeSeq:0, uiMode:17)   GED[F(0|0)-N(0|0)-B(0,|ff000000)-Duration:360], caller:onPanelExpansionChanged()
05-09 19:03:09.967  1610  1610 D SecQSFragmentAnimator_QSCinema: [panelExpansionFraction:0.996] qsExpanded:false, qsFullyExpanded:false, qsExpansionPosition:0, qsExpandImmediate:false, qsCollapsingWhilePanelClosing:false &&&  panelExpansionFraction:1, panelExpansionDragDownPxAmount:1153 ***   panelExpanded:true, panelExpanding:true %%%   barState:0, overScrolling:false, userId:-1, isRunningPanelOnHeightAnimation:false
05-09 19:03:09.967  1610  1610 D SecQSFragmentAnimator_QSCinema: [panelExpansionDragDownPxAmount:1148.273] qsExpanded:false, qsFullyExpanded:false, qsExpansionPosition:0, qsExpandImmediate:false, qsCollapsingWhilePanelClosing:false &&&  panelExpansionFraction:1, panelExpansionDragDownPxAmount:1153 ***   panelExpanded:true, panelExpanding:true %%%   barState:0, overScrolling:false, userId:-1, isRunningPanelOnHeightAnimation:false
05-09 19:03:09.968  1610  1610 D SecPanelExpansionStateModel: !!! NOTIFY !!! PanelOpenState is Changed to <STATE_ANIMATING> from <STATE_OPEN> 1stFrc:1 2ndFrc:0 panelExpanded:true lcdOn:true Bar:SHADE wasUnlockedWhilePanelOpening:false
05-09 19:03:09.968  1610  1610 D SecQpScrimControlHelper:  secVisible?true (scrimState:UNLOCKED) (1stFrc:1, 2ndFrc:0, drgDown:0, PanelEx:true)   (dlyGed:264, dlySec:0)   [N(0.5|fff2f2f2)-B(0|fff2f2f2)]   (expanded:true, tracking:true, qsBottomVisible:true) MassBlur(a:0.999934   thm(a:1, rtEnabled:false) park(panel_on?false)   kgd(fw:false, gw:false, ocl:false)   (assetsSeq:0, themeSeq:0, uiMode:17)   GED[F(0|0)-N(0|0)-B(0,|ff000000)-Duration:360], caller:onSecPanelExpansionStateChanged(STATE_ANIMATING)
05-09 19:03:09.970  1203  1203 D InputMethodManagerService: mDesktopModeManager null!
05-09 19:03:09.981  1610  1610 D SecQSFragmentAnimator_QSCinema: [panelExpansionDragDownPxAmount:1098.938] qsExpanded:false, qsFullyExpanded:false, qsExpansionPosition:0, qsExpandImmediate:false, qsCollapsingWhilePanelClosing:false &&&  panelExpansionFraction:0.95, panelExpansionDragDownPxAmount:1148.27 ***   panelExpanded:true, panelExpanding:true %%%   barState:0, overScrolling:false, userId:-1, isRunningPanelOnHeightAnimation:false
05-09 19:03:09.984  1610  1610 D BubblesManager: onEntryUpdated : shouldBubbleUp=false ,key=0|com.nisargjhaveri.netspeed|1|null|10130
05-09 19:03:09.997  1610  1610 D SecQSFragmentAnimator_QSCinema: [panelExpansionFraction:0.861] qsExpanded:false, qsFullyExpanded:false, qsExpansionPosition:0, qsExpandImmediate:false, qsCollapsingWhilePanelClosing:false &&&  panelExpansionFraction:0.95, panelExpansionDragDownPxAmount:1098.94 ***   panelExpanded:true, panelExpanding:true %%%   barState:0, overScrolling:false, userId:-1, isRunningPanelOnHeightAnimation:false
05-09 19:03:09.998  1610  1610 D SecQSFragmentAnimator_QSCinema: [panelExpansionDragDownPxAmount:993.18] qsExpanded:false, qsFullyExpanded:false, qsExpansionPosition:0, qsExpandImmediate:false, qsCollapsingWhilePanelClosing:false &&&  panelExpansionFraction:0.86, panelExpansionDragDownPxAmount:1098.94 ***   panelExpanded:true, panelExpanding:true %%%   barState:0, overScrolling:false, userId:-1, isRunningPanelOnHeightAnimation:false
05-09 19:03:10.003  1610  1610 I FaceWidgetPositionAlgorithm: getClockContainerHeight() supplier = 462, bottom margin = 0, real height = 525
05-09 19:03:10.003  1610  1610 I FaceWidgetPositionAlgorithm: getClockContainerHeight() supplier = 462, bottom margin = 63, real height = 525
05-09 19:03:10.003  1610  1610 I FaceWidgetPositionAlgorithm: getMediaContainerHeight() height = 456 container Visibility = 8, isValid = false, mIsDozing = false, fraction = 1.0, source = 0, target = 0
05-09 19:03:10.003  1610  1610 I FaceWidgetPositionAlgorithm: getMediaContainerHeight() supplier = 0
05-09 19:03:10.014  1610  1610 D SecQSFragmentAnimator_QSCinema: [panelExpansionFraction:0.755] qsExpanded:false, qsFullyExpanded:false, qsExpansionPosition:0, qsExpandImmediate:false, qsCollapsingWhilePanelClosing:false &&&  panelExpansionFraction:0.86, panelExpansionDragDownPxAmount:993.18 ***   panelExpanded:true, panelExpanding:true %%%   barState:0, overScrolling:false, userId:-1, isRunningPanelOnHeightAnimation:false
05-09 19:03:10.014  1610  1610 D SecQSFragmentAnimator_QSCinema: [panelExpansionDragDownPxAmount:870.555] qsExpanded:false, qsFullyExpanded:false, qsExpansionPosition:0, qsExpandImmediate:false, qsCollapsingWhilePanelClosing:false &&&  panelExpansionFraction:0.76, panelExpansionDragDownPxAmount:993.18 ***   panelExpanded:true, panelExpanding:true %%%   barState:0, overScrolling:false, userId:-1, isRunningPanelOnHeightAnimation:false
05-09 19:03:10.015  1610  1610 D SecQpBlurCaptureUtils: Blur(240 >> 239) kgd:false, bouncer:false, videoW:true
05-09 19:03:10.031  1610  1610 D SecQSFragmentAnimator_QSCinema: [panelExpansionFraction:0.655] qsExpanded:false, qsFullyExpanded:false, qsExpansionPosition:0, qsExpandImmediate:false, qsCollapsingWhilePanelClosing:false &&&  panelExpansionFraction:0.76, panelExpansionDragDownPxAmount:870.56 ***   panelExpanded:true, panelExpanding:true %%%   barState:0, overScrolling:false, userId:-1, isRunningPanelOnHeightAnimation:false
05-09 19:03:10.031  1610  1610 D SecQSFragmentAnimator_QSCinema: [panelExpansionDragDownPxAmount:754.642] qsExpanded:false, qsFullyExpanded:false, qsExpansionPosition:0, qsExpandImmediate:false, qsCollapsingWhilePanelClosing:false &&&  panelExpansionFraction:0.65, panelExpansionDragDownPxAmount:870.56 ***   panelExpanded:true, panelExpanding:true %%%   barState:0, overScrolling:false, userId:-1, isRunningPanelOnHeightAnimation:false
05-09 19:03:10.039  1203  1419 D InputReader: Btn_touch(10): value=0 when=213082.004276
05-09 19:03:10.039  1203  1419 I InputReader: Touch event's action is 0x1 (id=3, t=0) [pCnt=1, s=] when=213082.004276
05-09 19:03:10.040  1203  1203 D InputDispatcher: Inject motion (0/0): action=0x1, time=213082004276000, f=0x0, d=0 dsdx=1.000000 dtdx=0.000000
05-09 19:03:10.040  1203  1418 I InputDispatcher: Delivering touch to (1610): action: 0x1, f=0x0, d=0, 'f79ac62', t=1 
05-09 19:03:10.041  1610  1610 I ViewRootImpl@19fa582[NotificationShade]: ViewPostIme pointer 1
05-09 19:03:10.041  1610  1610 D SecPanelLogger: PanelView.dispatchTouchEvent() MotionEvent { action=ACTION_UP, actionButton=0, id[0]=0, x[0]=771.24023, y[0]=1035.3516, toolType[0]=TOOL_TYPE_FINGER, buttonState=0, classification=NONE, metaState=0, flags=0x0, edgeFlags=0x0, pointerCount=1, historySize=0, eventTime=213082004, downTime=213081915, deviceId=3, source=0x1002, displayId=0, eventId=67403065 } |  StatusBarState:SHADE
05-09 19:03:10.041  1610  1610 D SecPanelLogger: NPVC onTouch(ACTION_UP)  |  StatusBarState:SHADE
05-09 19:03:10.041  1610  1610 D SecPanelLogger:  PVC onTouch(ACTION_UP)  |  StatusBarState:SHADE
05-09 19:03:10.041  1203  1203 D SGM:GameManager: identifyGamePackage. com.sec.android.app.launcher, mCurrentUserId: 0, callerUserId: 0, callingMethodInfo: com.android.server.ssrm.fgapps.GameAppUtils.isGame(GameAppUtils.java:84)
05-09 19:03:10.041  1610  1610 D PanelView: SecPanelLogger PVC.flingToHeight(vel:-9294.657, expand:false, target:0.0, collapseSpeedUpFactor:1.0, expandBecauseOfFalsing:false), mExpandedHeight:754.6416, mOverExpansion:0.0, mIsFlinging:false
05-09 19:03:10.041  1203  1203 D SGM:PkgDataHelper: getGamePkgData(). com.sec.android.app.launcher
05-09 19:03:10.041  1203  1203 I SemDvfsHyPerManager: acquire hyper - GESTURE_DETECTED_HRR/1203@28, type = -999
05-09 19:03:10.042   863   896 I HYPER-HAL: [RequestManager.cpp]acquire(): Acquired ID : 758324  [1203 / 28]    HINT : GESTURE_DETECTED_HRR    list : [TIMEOUT / 2094] 
05-09 19:03:10.042  1610  1610 D PanelView: set mHeightAnimator : ValueAnimator@aea3042
05-09 19:03:10.042  1610  1610 D PanelView:     :  754.6416  0.0  
05-09 19:03:10.042  1610  1610 D PanelView: call stack : java.lang.Throwable
05-09 19:03:10.042  1610  1610 D PanelView: 	at com.android.systemui.statusbar.phone.PanelViewController.setAnimator(PanelViewController.java:1220)
05-09 19:03:10.042  1610  1610 D PanelView: 	at com.android.systemui.statusbar.phone.PanelViewController.flingToHeight(PanelViewController.java:793)
05-09 19:03:10.042  1610  1610 D PanelView: 	at com.android.systemui.statusbar.phone.NotificationPanelViewController.flingToHeight(NotificationPanelViewController.java:2788)
05-09 19:03:10.042  1610  1610 D PanelView: 	at com.android.systemui.statusbar.phone.PanelViewController.fling(PanelViewController.java:675)
05-09 19:03:10.042  1610  1610 D PanelView: 	at com.android.systemui.statusbar.phone.PanelViewController.fling(PanelViewController.java:666)
05-09 19:03:10.042  1610  1610 D PanelView: 	at com.android.systemui.statusbar.phone.PanelViewController.endMotionEvent(PanelViewController.java:522)
05-09 19:03:10.042  1610  1610 D PanelView: 	at com.android.systemui.statusbar.phone.PanelViewController.endMotionEvent(PanelViewController.java:457)
05-09 19:03:10.042  1610  1610 D PanelView: 	at com.android.systemui.statusbar.phone.PanelViewController.-$$Nest$mendMotionEvent(Unknown Source:0)
05-09 19:03:10.042  1610  1610 D PanelView: 	at com.android.systemui.statusbar.phone.PanelViewController$TouchHandler.onTouch(PanelViewController.java:1771)
05-09 19:03:10.042  1610  1610 D PanelView: 	at com.android.systemui.statusbar.phone.NotificationPanelViewController$20.onTouch(NotificationPanelViewController.java:6109)
05-09 19:03:10.042  1610  1610 D PanelView: 	at android.view.View.dispatchTouchEvent(View.java:15540)
05-09 19:03:10.042  1610  1610 D PanelView: 	at android.view.ViewGroup.dispatchTransformedTouchEvent(ViewGroup.java:3310)
05-09 19:03:10.042  1610  1610 D PanelView: 	at android.view.ViewGroup.dispatchTouchEvent(ViewGroup.java:2974)
05-09 19:03:10.042  1610  1610 D PanelView: 	at com.android.systemui.statusbar.phone.PanelView.dispatchTouchEvent(PanelView.java:88)
05-09 19:03:10.042  1610  1610 D PanelView: 	at android.view.ViewGroup.dispatchTransformedTouchEvent(ViewGroup.java:3316)
05-09 19:03:10.042  1610  1610 D PanelView: 	at android.view.ViewGroup.dispatchTouchEvent(ViewGroup.java:2990)
05-09 19:03:10.042  1610  1610 D PanelView: 	at com.android.systemui.statusbar.phone.NotificationShadeWindowView.dispatchTouchEvent(NotificationShadeWindowView.java:225)
05-09 19:03:10.042  1610  1610 D PanelView: 	at android.view.View.dispatchPointerEvent(View.java:15803)
05-09 19:03:10.042  1610  1610 D PanelView: 	at android.view.ViewRootImpl$ViewPostImeInputStage.processPointerEvent(ViewRootImpl.java:8153)
05-09 19:03:10.042  1610  1610 D PanelView: 	at android.view.ViewRootImpl$ViewPostImeInputStage.onProcess(ViewRootImpl.java:7877)
05-09 19:03:10.042  1610  1610 D PanelView: 	at android.view.ViewRootImpl$InputStage.deliver(ViewRootImpl.java:7213)
05-09 19:03:10.042  1610  1610 D PanelView: 	at android.view.ViewRootImpl$InputStage.onDeliverToNext(ViewRootImpl.java:7270)
05-09 19:03:10.042  1610  1610 D PanelView: 	at android.view.ViewRootImpl$InputStage.forward(ViewRootImpl.java:7236)
05-09 19:03:10.042  1610  1610 D PanelView: 	at android.view.ViewRootImpl$AsyncInputStage.forward(ViewRootImpl.java:7434)
05-09 19:03:10.042  1610  1610 D PanelView: 	at android.view.ViewRootImpl$InputStage.apply(ViewRootImpl.java:7244)
05-09 19:03:10.042  1610  1610 D PanelView: 	at android.view.ViewRootImpl$AsyncInputStage.apply(ViewRootImpl.java:7491)
05-09 19:03:10.042  1610  1610 D PanelView: 	at android.view.ViewRootImpl$InputStage.deliver(ViewRootImpl.java:7217)
05-09 19:03:10.042  1610  1610 D PanelView: 	at android.view.ViewRootImpl$InputStage.onDeliverToNext(ViewRootImpl.java:7270)
05-09 19:03:10.042  1610  1610 D PanelView: 	at android.view.ViewRootImpl$InputStage.forward(ViewRootImpl.java:7236)
05-09 19:03:10.042  1610  1610 D PanelView: 	at android.view.ViewRootImpl$InputStage.apply(ViewRootImpl.java:7244)
05-09 19:03:10.042  1610  1610 D PanelView: 	at android.view.ViewRootImpl$InputStage.deliver(ViewRootImpl.java:7217)
05-09 19:03:10.042  1610  1610 D PanelView: 	at android.view.ViewRootImpl.deliverInputEvent(ViewRootImpl.java:10788)
05-09 19:03:10.042  1610  1610 D PanelView: 	at android.view.ViewRootImpl.doProcessInputEvents(ViewRootImpl.java:10676)
05-09 19:03:10.042  1610  1610 D PanelView: 	at android.view.ViewRootImpl.enqueueInputEvent(ViewRootImpl.java:10632)
05-09 19:03:10.042  1610  1610 D PanelView: 	at android.view.ViewRootImpl$WindowInputEventReceiver.onInputEvent(ViewRootImpl.java:10926)
05-09 19:03:10.042  1610  1610 D PanelView: 	at android.view.InputEventReceiver.dispatchInputEvent(InputEventReceiver.java:285)
05-09 19:03:10.042  1610  1610 D PanelView: 	at android.os.MessageQueue.nativePollOnce(Native Method)
05-09 19:03:10.042  1610  1610 D PanelView: 	at android.os.MessageQueue.next(MessageQueue.java:335)
05-09 19:03:10.042  1610  1610 D PanelView: 	at android.os.Looper.loopOnce(Looper.java:186)
05-09 19:03:10.042  1610  1610 D PanelView: 	at android.os.Looper.loop(Looper.java:313)
05-09 19:03:10.042  1610  1610 D PanelView: 	at android.app.ActivityThread.main(ActivityThread.java:8762)
05-09 19:03:10.042  1610  1610 D PanelView: 	at java.lang.reflect.Method.invoke(Native Method)
05-09 19:03:10.042  1610  1610 D PanelView: 	at com.android.internal.os.RuntimeInit$MethodAndArgsCaller.run(RuntimeInit.java:604)
05-09 19:03:10.042  1610  1610 D PanelView: 	at com.android.internal.os.ZygoteInit.main(ZygoteInit.java:1067)
05-09 19:03:10.042  1203  1203 D SGM:GameManager: identifyGamePackage. com.sec.android.app.launcher, mCurrentUserId: 0, callerUserId: 0, callingMethodInfo: com.android.server.ssrm.fgapps.GameAppUtils.isGame(GameAppUtils.java:84)
05-09 19:03:10.042  1203  1203 D SGM:PkgDataHelper: getGamePkgData(). com.sec.android.app.launcher
05-09 19:03:10.042  1203  1203 I SemDvfsHyPerManager: acquire hyper - GESTURE_DETECTED_HRR/1203@28, type = -999
05-09 19:03:10.042   863   896 I HYPER-HAL: [RequestManager.cpp]acquire(): Acquired ID : 758324  [1203 / 28]    HINT : GESTURE_DETECTED_HRR    list : [TIMEOUT / 2094] 
05-09 19:03:10.043  1203  1203 D SGM:GameManager: identifyGamePackage. com.sec.android.app.launcher, mCurrentUserId: 0, callerUserId: 0, callingMethodInfo: com.android.server.ssrm.fgapps.GameAppUtils.isGame(GameAppUtils.java:84)
05-09 19:03:10.043  1203  1203 D SGM:PkgDataHelper: getGamePkgData(). com.sec.android.app.launcher
05-09 19:03:10.043  1203  1203 I SemDvfsHyPerManager: acquire hyper - GESTURE_DETECTED_HRR/1203@28, type = -999
05-09 19:03:10.043  1203  1203 I SemDvfsHyPerManager: acquire hyper - SMOOTH_SCROLL/1203@22, type = -999
05-09 19:03:10.043   863   896 I HYPER-HAL: [RequestManager.cpp]acquire(): Acquired ID : 758324  [1203 / 28]    HINT : GESTURE_DETECTED_HRR    list : [TIMEOUT / 2094] 
05-09 19:03:10.043  1610  1610 D KeyguardVisible: go panelState: OPEN -> OPEN tracking=false, expanded=true, fraction=0.6545027
05-09 19:03:10.043  1610  1610 D SecPanelLogger: NPVC FINAL (!mDozing:true || mPulsing:false || handled:true) = return:true onTouch(ACTION_UP)  |  StatusBarState:SHADE
05-09 19:03:10.043   863   896 I HYPER-HAL: [RequestManager.cpp]acquire(): Acquired ID : 750947  [1203 / 22]    HINT : SMOOTH_SCROLL    list : 
05-09 19:03:10.044   863   896 I HYPER-HAL: [RequestManager.cpp]releaseLocked(): Released ID : 750947
05-09 19:03:10.064  1610  1610 D SecQSFragmentAnimator_QSCinema: [panelExpansionFraction:0.536] qsExpanded:false, qsFullyExpanded:false, qsExpansionPosition:0, qsExpandImmediate:false, qsCollapsingWhilePanelClosing:false &&&  panelExpansionFraction:0.65, panelExpansionDragDownPxAmount:754.64 ***   panelExpanded:true, panelExpanding:true %%%   barState:0, overScrolling:false, userId:-1, isRunningPanelOnHeightAnimation:false
05-09 19:03:10.064  1610  1610 D SecQSFragmentAnimator_QSCinema: [panelExpansionDragDownPxAmount:618.459] qsExpanded:false, qsFullyExpanded:false, qsExpansionPosition:0, qsExpandImmediate:false, qsCollapsingWhilePanelClosing:false &&&  panelExpansionFraction:0.54, panelExpansionDragDownPxAmount:754.64 ***   panelExpanded:true, panelExpanding:true %%%   barState:0, overScrolling:false, userId:-1, isRunningPanelOnHeightAnimation:false
05-09 19:03:10.067  1610  1610 I FaceWidgetPositionAlgorithm: getClockContainerHeight() supplier = 462, bottom margin = 0, real height = 525
05-09 19:03:10.067  1610  1610 I FaceWidgetPositionAlgorithm: getClockContainerHeight() supplier = 462, bottom margin = 63, real height = 525
05-09 19:03:10.067  1610  1610 I FaceWidgetPositionAlgorithm: getMediaContainerHeight() height = 456 container Visibility = 8, isValid = false, mIsDozing = false, fraction = 1.0, source = 0, target = 0
05-09 19:03:10.067  1610  1610 I FaceWidgetPositionAlgorithm: getMediaContainerHeight() supplier = 0
05-09 19:03:10.081  1610  1610 D SecQSFragmentAnimator_QSCinema: [panelExpansionFraction:0.423] qsExpanded:false, qsFullyExpanded:false, qsExpansionPosition:0, qsExpandImmediate:false, qsCollapsingWhilePanelClosing:false &&&  panelExpansionFraction:0.54, panelExpansionDragDownPxAmount:618.46 ***   panelExpanded:true, panelExpanding:true %%%   barState:0, overScrolling:false, userId:-1, isRunningPanelOnHeightAnimation:false
05-09 19:03:10.082  1610  1610 D SecQSFragmentAnimator_QSCinema: [panelExpansionDragDownPxAmount:488.236] qsExpanded:false, qsFullyExpanded:false, qsExpansionPosition:0, qsExpandImmediate:false, qsCollapsingWhilePanelClosing:false &&&  panelExpansionFraction:0.42, panelExpansionDragDownPxAmount:618.46 ***   panelExpanded:true, panelExpanding:true %%%   barState:0, overScrolling:false, userId:-1, isRunningPanelOnHeightAnimation:false
05-09 19:03:10.098  1610  1610 D SecQSFragmentAnimator_QSCinema: [panelExpansionFraction:0.321] qsExpanded:false, qsFullyExpanded:false, qsExpansionPosition:0, qsExpandImmediate:false, qsCollapsingWhilePanelClosing:false &&&  panelExpansionFraction:0.42, panelExpansionDragDownPxAmount:488.24 ***   panelExpanded:true, panelExpanding:true %%%   barState:0, overScrolling:false, userId:-1, isRunningPanelOnHeightAnimation:false
05-09 19:03:10.098  1610  1610 D SecQSFragmentAnimator_QSCinema: [panelExpansionDragDownPxAmount:370.44] qsExpanded:false, qsFullyExpanded:false, qsExpansionPosition:0, qsExpandImmediate:false, qsCollapsingWhilePanelClosing:false &&&  panelExpansionFraction:0.32, panelExpansionDragDownPxAmount:488.24 ***   panelExpanded:true, panelExpanding:true %%%   barState:0, overScrolling:false, userId:-1, isRunningPanelOnHeightAnimation:false
05-09 19:03:10.113  1610  1610 D SecQpBlurCaptureUtils: Blur(214 >> 187) kgd:false, bouncer:false, videoW:true
05-09 19:03:10.115  1610  1610 D SecQSFragmentAnimator_QSCinema: [panelExpansionDragDownPxAmount:266.466] qsExpanded:false, qsFullyExpanded:false, qsExpansionPosition:0, qsExpandImmediate:false, qsCollapsingWhilePanelClosing:false &&&  panelExpansionFraction:0.23, panelExpansionDragDownPxAmount:370.44 ***   panelExpanded:true, panelExpanding:true %%%   barState:0, overScrolling:false, userId:-1, isRunningPanelOnHeightAnimation:false
05-09 19:03:10.131  1610  1610 D SecQSFragmentAnimator_QSCinema: [panelExpansionFraction:0.156] qsExpanded:false, qsFullyExpanded:false, qsExpansionPosition:0, qsExpandImmediate:false, qsCollapsingWhilePanelClosing:false &&&  panelExpansionFraction:0.23, panelExpansionDragDownPxAmount:266.47 ***   panelExpanded:true, panelExpanding:true %%%   barState:0, overScrolling:false, userId:-1, isRunningPanelOnHeightAnimation:false
05-09 19:03:10.132  1610  1610 D SecQSFragmentAnimator_QSCinema: [panelExpansionDragDownPxAmount:180.39] qsExpanded:false, qsFullyExpanded:false, qsExpansionPosition:0, qsExpandImmediate:false, qsCollapsingWhilePanelClosing:false &&&  panelExpansionFraction:0.16, panelExpansionDragDownPxAmount:266.47 ***   panelExpanded:true, panelExpanding:true %%%   barState:0, overScrolling:false, userId:-1, isRunningPanelOnHeightAnimation:false
05-09 19:03:10.147  1610  1610 D SecQpBlurCaptureUtils: Blur(153 >> 115) kgd:false, bouncer:false, videoW:true
05-09 19:03:10.147  1610  1610 D SecQpScrimView sec_qp_scrim_notifications: setViewAlpha(0.40 >> 0.25)
05-09 19:03:10.148  1610  1610 D SamsungLightBarControlHelper: updateNavigation(White button) isLightBar:false, hasLightBarNavigationBarFlag:false, packageName:reevaluate, DirectReplying:false, NavBarColorManagerdByIme:false, ForceDarkForScrim:false, QsCustomizing:false, PanelHasWhiteBg:true
05-09 19:03:10.149  1610  1610 D SecQSFragmentAnimator_QSCinema: [panelExpansionDragDownPxAmount:105.338] qsExpanded:false, qsFullyExpanded:false, qsExpansionPosition:0, qsExpandImmediate:false, qsCollapsingWhilePanelClosing:false &&&  panelExpansionFraction:0.09, panelExpansionDragDownPxAmount:180.39 ***   panelExpanded:true, panelExpanding:true %%%   barState:0, overScrolling:false, userId:-1, isRunningPanelOnHeightAnimation:false
05-09 19:03:10.164  1610  1610 D CentralSurfaces: Received new disable state: enaihbcrsokt.qingr (unchanged)
05-09 19:03:10.165  1610  1610 D SecQpScrimView sec_qp_scrim_notifications: setViewAlpha(0.25 >> 0.12)
05-09 19:03:10.166  1610  1610 D SecQSFragmentAnimator_QSCinema: [panelExpansionFraction:0.041] qsExpanded:false, qsFullyExpanded:false, qsExpansionPosition:0, qsExpandImmediate:false, qsCollapsingWhilePanelClosing:false &&&  panelExpansionFraction:0.09, panelExpansionDragDownPxAmount:105.34 ***   panelExpanded:true, panelExpanding:true %%%   barState:0, overScrolling:false, userId:-1, isRunningPanelOnHeightAnimation:false
05-09 19:03:10.167  1610  1610 D SecQSFragmentAnimator_QSCinema: [panelExpansionDragDownPxAmount:46.781] qsExpanded:false, qsFullyExpanded:false, qsExpansionPosition:0, qsExpandImmediate:false, qsCollapsingWhilePanelClosing:false &&&  panelExpansionFraction:0.04, panelExpansionDragDownPxAmount:105.34 ***   panelExpanded:true, panelExpanding:true %%%   barState:0, overScrolling:false, userId:-1, isRunningPanelOnHeightAnimation:false
05-09 19:03:10.180  1610  1610 D SecQpBlurCaptureUtils: Blur(73 >> 34) kgd:false, bouncer:false, videoW:true
05-09 19:03:10.182  1610  1610 D SecQSFragmentAnimator_QSCinema: [panelExpansionDragDownPxAmount:12.141] qsExpanded:false, qsFullyExpanded:false, qsExpansionPosition:0, qsExpandImmediate:false, qsCollapsingWhilePanelClosing:false &&&  panelExpansionFraction:0.01, panelExpansionDragDownPxAmount:46.78 ***   panelExpanded:true, panelExpanding:true %%%   barState:0, overScrolling:false, userId:-1, isRunningPanelOnHeightAnimation:false
