05-09 19:03:00.905  1610  1610 I FaceWidgetPositionAlgorithm: getClockContainerHeight() supplier = 462, bottom margin = 0, real height = 525
05-09 19:03:00.905  1610  1610 I FaceWidgetPositionAlgorithm: getClockContainerHeight() supplier = 462, bottom margin = 63, real height = 525
05-09 19:03:00.905  1610  1610 I FaceWidgetPositionAlgorithm: getMediaContainerHeight() height = 456 container Visibility = 8, isValid = false, mIsDozing = false, fraction = 1.0, source = 0, target = 0
05-09 19:03:00.905  1610  1610 I FaceWidgetPositionAlgorithm: getMediaContainerHeight() supplier = 0
05-09 19:03:01.025  1610  1610 I FaceWidgetPositionAlgorithm: getClockContainerHeight() supplier = 462, bottom margin = 0, real height = 525
05-09 19:03:01.025  1610  1610 I FaceWidgetPositionAlgorithm: getClockContainerHeight() supplier = 462, bottom margin = 63, real height = 525
05-09 19:03:01.025  1610  1610 I FaceWidgetPositionAlgorithm: getMediaContainerHeight() height = 456 container Visibility = 8, isValid = false, mIsDozing = false, fraction = 1.0, source = 0, target = 0
05-09 19:03:01.025  1610  1610 I FaceWidgetPositionAlgorithm: getMediaContainerHeight() supplier = 0
05-09 19:03:01.589 15453 15624 I NearbyDiscovery: FastPair: isDestroyable: Scanner is alive. [CONTEXT service_id=265 ]
05-09 19:03:01.589 15453 15624 I NearbyDiscovery: DiscoveryService: Skip stopSelf(), fast pair controller is not destroyable. [CONTEXT service_id=265 ]
05-09 19:03:01.635  1203  3805 W ActivityManager: Foreground service started from background can not have location/camera/microphone access: service com.nisargjhaveri.netspeed/.IndicatorService
05-09 19:03:01.636  1610  2564 D SecFgsManagerControllerImpl: onForegroundStateChanged: dialogShown:false, isForeground:true, packageName:com.nisargjhaveri.netspeed , token:android.os.BinderProxy@4ec2826, userId:0
05-09 19:03:01.638  1203  1258 D ApplicationPolicy: isStatusBarNotificationAllowedAsUser: packageName = com.nisargjhaveri.netspeed,userId = 0
05-09 19:03:01.639  1203  1258 D ApplicationPolicy: isStatusBarNotificationAllowedAsUser: packageName = com.nisargjhaveri.netspeed,userId = 0
05-09 19:03:01.753   603   603 D io_stats: !@   8,0 r 14959141 271552348 w 10957613 137242476 d 0 0 f 0 0 iot 7470888 0 th 0 0 0 pt 0 inp 0 0 213073.718
05-09 19:03:01.853  1203  1203 I Telecom:SamsungTelecomServiceImpl: isInManagedCall - callingPackage : android
05-09 19:03:01.860  1203  1203 D EdgeLightingManager: isCallingUserSupported : callingUserId=0, mUserId=0, isDualAppId=false, isKnoxId=false
05-09 19:03:01.860  1203  1203 D EdgeLightingManager: showForNotification : isInteractive=true, isHeadUp=true, color=0, canBypassDnd=false, sbn = StatusBarNotification(pkg=com.nisargjhaveri.netspeed user=UserHandle{0} id=1 tag=null key=0|com.nisargjhaveri.netspeed|1|null|10130: Notification(channel=NetSpeedIndicator shortcut=null contentView=com.nisargjhaveri.netspeed/0x7f0c002a vibrate=null sound=null defaults=0x0 flags=0x16a color=0x00000000 category=status vis=PRIVATE semFlags=0x0 semPriority=0 semMissedCount=0))
05-09 19:03:01.861  1203  1203 D EdgeLightingClientManager: isAvailableEdgeLighting: condition=1 mCondition=3 mIsConnected=false0
05-09 19:03:01.861  1203  1203 D EdgeLightingManager: showForNotificationScreenOn : return false by isAvailableEdgeLighting.
05-09 19:03:01.874  3826  3826 I Routine@Core[4.2.00.52]: PreloadNotificationListenerService: onNotificationPosted: - begin  - ($)
05-09 19:03:01.874  3826  3826 I Routine@Core[4.2.00.52]: PreloadNotificationListenerService: isScreenedOut: not interested:  - ($)
05-09 19:03:01.874  2018  2018 I Launcher.NotificationListener: onNotificationPosted : com.nisargjhaveri.netspeed number : 0
05-09 19:03:01.875  3550  4069 D KnoxHelper: getActivityList callingUserId: 0, target user: 0
05-09 19:03:01.875  2018  2263 I Launcher.NotificationListener: notificationIsValidForUI : com.nisargjhaveri.netspeed missingTitleAndText : true isGroupHeader : false
05-09 19:03:01.878  1610  1610 D BubblesManager: onEntryUpdated : shouldBubbleUp=false ,key=0|com.nisargjhaveri.netspeed|1|null|10130
05-09 19:03:01.890 14718 14718 I ResourceOverlayService_0: waitAndQuit called
05-09 19:03:01.894 14718 14718 I ResourceOverlayService_0: activity user id 0 process id 0
05-09 19:03:01.941  1610  1610 I FaceWidgetPositionAlgorithm: getClockContainerHeight() supplier = 462, bottom margin = 0, real height = 525
05-09 19:03:01.942  1610  1610 I FaceWidgetPositionAlgorithm: getClockContainerHeight() supplier = 462, bottom margin = 63, real height = 525
05-09 19:03:01.942  1610  1610 I FaceWidgetPositionAlgorithm: getMediaContainerHeight() height = 456 container Visibility = 8, isValid = false, mIsDozing = false, fraction = 1.0, source = 0, target = 0
05-09 19:03:01.942  1610  1610 I FaceWidgetPositionAlgorithm: getMediaContainerHeight() supplier = 0
05-09 19:03:02.060  1610  1610 I FaceWidgetPositionAlgorithm: getClockContainerHeight() supplier = 462, bottom margin = 0, real height = 525
05-09 19:03:02.061  1610  1610 I FaceWidgetPositionAlgorithm: getClockContainerHeight() supplier = 462, bottom margin = 63, real height = 525
05-09 19:03:02.061  1610  1610 I FaceWidgetPositionAlgorithm: getMediaContainerHeight() height = 456 container Visibility = 8, isValid = false, mIsDozing = false, fraction = 1.0, source = 0, target = 0
05-09 19:03:02.061  1610  1610 I FaceWidgetPositionAlgorithm: getMediaContainerHeight() supplier = 0
05-09 19:03:02.581  1203  1466 D ConnectivityService: notifyType CALLBACK_CAP_CHANGED for [185 WIFI]
05-09 19:03:02.583  1203 29011 D SemWifiUsabilityStatsMonitor: onWifiUsabilityStats - seqNum 28184, isSameBssidAndFreq true
05-09 19:03:02.586  1203  1518 I SemWifiLinkQualityMonitor: Link Qos Query: 1.600 ms / 5.000 Mbps (5 / 0.000 / 1.000)
05-09 19:03:02.590  1610  1610 D NetworkController.WifiSignalController: notifyListener: visible=true, connected=true, inetCondition=1, isDefault=true, wifiTestReported=true, receivedInetCondition=-1, hideDuringMobileSwitching=false
05-09 19:03:02.596  1203  1493 D SemWifiSwitchForIndividualAppsService: stopTCPMonitoring : already stopped
05-09 19:03:02.597  1203  1493 I WifiConnectivityMonitor.NCC: sNetworkCallback(oCC) FULL : 185(true/false)[ Transports: WIFI Capabilities: NOT_METERED&INTERNET&NOT_RESTRICTED&TRUSTED&NOT_VPN&VALIDATED&NOT_ROAMING&FOREGROUND&NOT_CONGESTED&NOT_SUSPENDED&NOT_VCN_MANAGED LinkUpBandwidth>=1195Kbps LinkDnBandwidth>=3524Kbps TransportInfo: <SSID: <unknown ssid>, BSSID: 02:00:00:**:**:00, MAC: 02:00:00:**:**:00, IP: /192.168.100.2, Security type: 2, Supplicant state: COMPLETED, Wi-Fi standard: 4, RSSI: -74, Link speed: 5Mbps, Tx Link speed: 5Mbps, Max Supported Tx Link speed: 300Mbps, Rx Link speed: 6Mbps, Max Supported Rx Link speed: 300Mbps, Frequency: 2462MHz, Net ID: -1, Metered hint: false, score: 60, isUsable: true, CarrierMerged: false, SubscriptionId: -1, IsPrimary: 1, Trusted: true, Restricted: false, Ephemeral: false, OEM paid: false, OEM private: false, OSU AP: false, FQDN: <none>, Provider friendly name: <none>, Requesting package name: <none><none>MLO Information: , AP MLD Address: <none>, AP MLO Link Id: <none>, AP MLO Affiliated links: <none>> SignalStrength: -74 AdminUids: [1000] SSID: "WE_8BDC3E" UnderlyingNetworks: Null]
05-09 19:03:02.598  1203  1536 I WifiConnectivityMonitor: current mode : 1
05-09 19:03:02.599  1203  1536 D OpenNetworkQos[4.00]: updateBssidNoInternet: mBssidNoInternet = false
05-09 19:03:02.599  1203  1536 D OpenNetworkQos[4.00]: getOpenNetworkQosNoInternetStatus: false[Private DNS is active. Result is ignored.]
05-09 19:03:02.599  1610  1745 D Tile.WifiTile: handleUpdateState isTransient=false transientEnabling =false cb.isTransient=false state.state = 2 mStateBeforeClick.value =false enabled =true
05-09 19:03:02.599  1203  1536 D OpenNetworkQos[4.00]: getOpenNetworkQosScores: 26 26 26 [Private DNS is active. Result is ignored.]
05-09 19:03:02.599  1203  1536 I WifiProfileShare: network QoS data was changed (internet), updateQoSData networkType: true, qosData: false
05-09 19:03:02.600  1203  2783 D WifiProfileShare: nearby scanning settings stop
05-09 19:03:02.600  1203  2783 V WifiProfileShare.Caster: checkAndGetShareData - nearby scanning
05-09 19:03:02.654  1203  3805 W ActivityManager: Foreground service started from background can not have location/camera/microphone access: service com.nisargjhaveri.netspeed/.IndicatorService
05-09 19:03:02.654 14174 14385 I HBD     : g onCapabilitiesChanged network : 185 current network state : wifi 
05-09 19:03:02.654  1610  3420 D SecFgsManagerControllerImpl: onForegroundStateChanged: dialogShown:false, isForeground:true, packageName:com.nisargjhaveri.netspeed , token:android.os.BinderProxy@4ec2826, userId:0
05-09 19:03:02.656  1203  1258 D ApplicationPolicy: isStatusBarNotificationAllowedAsUser: packageName = com.nisargjhaveri.netspeed,userId = 0
05-09 19:03:02.657  1203  1258 D ApplicationPolicy: isStatusBarNotificationAllowedAsUser: packageName = com.nisargjhaveri.netspeed,userId = 0
05-09 19:03:02.676  1942  2019 I PdnController<0>: onCapabilitiesChanged: network 185 networkCapabilities [ Transports: WIFI Capabilities: NOT_METERED&INTERNET&NOT_RESTRICTED&TRUSTED&NOT_VPN&VALIDATED&NOT_ROAMING&FOREGROUND&NOT_CONGESTED&NOT_SUSPENDED&NOT_VCN_MANAGED LinkUpBandwidth>=1195Kbps LinkDnBandwidth>=3524Kbps TransportInfo: <SSID: <unknown ssid>, BSSID: 02:00:00:00:00:00, MAC: 02:00:00:00:00:00, IP: /192.168.100.2, Security type: 2, Supplicant state: COMPLETED, Wi-Fi standard: 4, RSSI: -74, Link speed: 5Mbps, Tx Link speed: 5Mbps, Max Supported Tx Link speed: 300Mbps, Rx Link speed: 6Mbps, Max Supported Rx Link speed: 300Mbps, Frequency: 2462MHz, Net ID: -1, Metered hint: false, score: 60, isUsable: true, CarrierMerged: false, SubscriptionId: -1, IsPrimary: 1, Trusted: true, Restricted: false, Ephemeral: false, OEM paid: false, OEM private: false, OSU AP: false, FQDN: <none>, Provider friendly name: <none>, Requesting package name: <none><none>MLO Information: , AP MLD Address: <none>, AP MLO Link Id: <none>, AP MLO Affiliated links: <none>> SignalStrength: -74 AdminUids: [1000] SSID: "WE_8BDC3E" UnderlyingNetworks: Null]
05-09 19:03:02.679  1610  1745 D NetworkController.WifiSignalController: notifyListener: visible=true, connected=true, inetCondition=1, isDefault=true, wifiTestReported=true, receivedInetCondition=-1, hideDuringMobileSwitching=false
05-09 19:03:02.684 28146 28433 D WM-NetworkStateTracker: Network capabilities changed: [ Transports: WIFI Capabilities: NOT_METERED&INTERNET&NOT_RESTRICTED&TRUSTED&NOT_VPN&VALIDATED&NOT_ROAMING&FOREGROUND&NOT_CONGESTED&NOT_SUSPENDED&NOT_VCN_MANAGED LinkUpBandwidth>=1195Kbps LinkDnBandwidth>=3524Kbps TransportInfo: <SSID: <unknown ssid>, BSSID: 02:00:00:00:00:00, MAC: 02:00:00:00:00:00, IP: /192.168.100.2, Security type: 2, Supplicant state: COMPLETED, Wi-Fi standard: 4, RSSI: -74, Link speed: 5Mbps, Tx Link speed: 5Mbps, Max Supported Tx Link speed: 300Mbps, Rx Link speed: 6Mbps, Max Supported Rx Link speed: 300Mbps, Frequency: 2462MHz, Net ID: -1, Metered hint: false, score: 60, isUsable: true, CarrierMerged: false, SubscriptionId: -1, IsPrimary: -1, Trusted: true, Restricted: false, Ephemeral: false, OEM paid: false, OEM private: false, OSU AP: false, FQDN: <none>, Provider friendly name: <none>, Requesting package name: <none><none>MLO Information: , AP MLD Address: <none>, AP MLO Link Id: <none>, AP MLO Affiliated links: <none>> SignalStrength: -74 UnderlyingNetworks: Null]
05-09 19:03:02.684  1610  1745 D Tile.WifiTile: handleUpdateState isTransient=false transientEnabling =false cb.isTransient=false state.state = 2 mStateBeforeClick.value =false enabled =true
05-09 19:03:02.759 14174 14174 I HBD     : g onCapabilityChanged  setNetworkState currentNetworkState : wifi 
05-09 19:03:02.866  1203  1203 I Telecom:SamsungTelecomServiceImpl: isInManagedCall - callingPackage : android
05-09 19:03:02.873  1203  1203 D EdgeLightingManager: isCallingUserSupported : callingUserId=0, mUserId=0, isDualAppId=false, isKnoxId=false
05-09 19:03:02.874  1203  1203 D EdgeLightingManager: showForNotification : isInteractive=true, isHeadUp=true, color=0, canBypassDnd=false, sbn = StatusBarNotification(pkg=com.nisargjhaveri.netspeed user=UserHandle{0} id=1 tag=null key=0|com.nisargjhaveri.netspeed|1|null|10130: Notification(channel=NetSpeedIndicator shortcut=null contentView=com.nisargjhaveri.netspeed/0x7f0c002a vibrate=null sound=null defaults=0x0 flags=0x16a color=0x00000000 category=status vis=PRIVATE semFlags=0x0 semPriority=0 semMissedCount=0))
05-09 19:03:02.874  1203  1203 D EdgeLightingClientManager: isAvailableEdgeLighting: condition=1 mCondition=3 mIsConnected=false0
05-09 19:03:02.874  1203  1203 D EdgeLightingManager: showForNotificationScreenOn : return false by isAvailableEdgeLighting.
05-09 19:03:02.886  1610  1610 D BubblesManager: onEntryUpdated : shouldBubbleUp=false ,key=0|com.nisargjhaveri.netspeed|1|null|10130
05-09 19:03:02.891  3550  4069 D KnoxHelper: getActivityList callingUserId: 0, target user: 0
05-09 19:03:02.893  3826  3826 I Routine@Core[4.2.00.52]: PreloadNotificationListenerService: onNotificationPosted: - begin  - ($)
05-09 19:03:02.893  3826  3826 I Routine@Core[4.2.00.52]: PreloadNotificationListenerService: isScreenedOut: not interested:  - ($)
05-09 19:03:02.897 14718 14718 I ResourceOverlayService_0: waitAndQuit called
05-09 19:03:02.901 14718 14718 I ResourceOverlayService_0: activity user id 0 process id 0
05-09 19:03:02.911  2018  2018 I Launcher.NotificationListener: onNotificationPosted : com.nisargjhaveri.netspeed number : 0
05-09 19:03:02.915  2018  2263 I Launcher.NotificationListener: notificationIsValidForUI : com.nisargjhaveri.netspeed missingTitleAndText : true isGroupHeader : false
05-09 19:03:02.943  1610  1610 I FaceWidgetPositionAlgorithm: getClockContainerHeight() supplier = 462, bottom margin = 0, real height = 525
05-09 19:03:02.944  1610  1610 I FaceWidgetPositionAlgorithm: getClockContainerHeight() supplier = 462, bottom margin = 63, real height = 525
05-09 19:03:02.944  1610  1610 I FaceWidgetPositionAlgorithm: getMediaContainerHeight() height = 456 container Visibility = 8, isValid = false, mIsDozing = false, fraction = 1.0, source = 0, target = 0
05-09 19:03:02.944  1610  1610 I FaceWidgetPositionAlgorithm: getMediaContainerHeight() supplier = 0
05-09 19:03:03.062  1610  1610 I FaceWidgetPositionAlgorithm: getClockContainerHeight() supplier = 462, bottom margin = 0, real height = 525
05-09 19:03:03.062  1610  1610 I FaceWidgetPositionAlgorithm: getClockContainerHeight() supplier = 462, bottom margin = 63, real height = 525
05-09 19:03:03.063  1610  1610 I FaceWidgetPositionAlgorithm: getMediaContainerHeight() height = 456 container Visibility = 8, isValid = false, mIsDozing = false, fraction = 1.0, source = 0, target = 0
05-09 19:03:03.063  1610  1610 I FaceWidgetPositionAlgorithm: getMediaContainerHeight() supplier = 0
05-09 19:03:03.180 15453 27684 I NearbySharing: Network state changed: NetworkState(isRestricted=false, isOnline=true, isCongested=false, isMetered=false, isWifiConnected=true)
05-09 19:03:03.670  1203  3748 W ActivityManager: Foreground service started from background can not have location/camera/microphone access: service com.nisargjhaveri.netspeed/.IndicatorService
05-09 19:03:03.672  1610  2564 D SecFgsManagerControllerImpl: onForegroundStateChanged: dialogShown:false, isForeground:true, packageName:com.nisargjhaveri.netspeed , token:android.os.BinderProxy@4ec2826, userId:0
05-09 19:03:03.674  1203  1258 D ApplicationPolicy: isStatusBarNotificationAllowedAsUser: packageName = com.nisargjhaveri.netspeed,userId = 0
05-09 19:03:03.675  1203  1258 D ApplicationPolicy: isStatusBarNotificationAllowedAsUser: packageName = com.nisargjhaveri.netspeed,userId = 0
05-09 19:03:03.755   603   603 D io_stats: !@   8,0 r 14959141 271552348 w 10957625 137242540 d 0 0 f 0 0 iot 7470900 0 th 0 0 0 pt 0 inp 0 0 213075.719
05-09 19:03:03.886  1203  1203 I Telecom:SamsungTelecomServiceImpl: isInManagedCall - callingPackage : android
05-09 19:03:03.893  1203  1203 D EdgeLightingManager: isCallingUserSupported : callingUserId=0, mUserId=0, isDualAppId=false, isKnoxId=false
05-09 19:03:03.893  1203  1203 D EdgeLightingManager: showForNotification : isInteractive=true, isHeadUp=true, color=0, canBypassDnd=false, sbn = StatusBarNotification(pkg=com.nisargjhaveri.netspeed user=UserHandle{0} id=1 tag=null key=0|com.nisargjhaveri.netspeed|1|null|10130: Notification(channel=NetSpeedIndicator shortcut=null contentView=com.nisargjhaveri.netspeed/0x7f0c002a vibrate=null sound=null defaults=0x0 flags=0x16a color=0x00000000 category=status vis=PRIVATE semFlags=0x0 semPriority=0 semMissedCount=0))
05-09 19:03:03.893  1203  1203 D EdgeLightingClientManager: isAvailableEdgeLighting: condition=1 mCondition=3 mIsConnected=false0
05-09 19:03:03.894  1203  1203 D EdgeLightingManager: showForNotificationScreenOn : return false by isAvailableEdgeLighting.
05-09 19:03:03.904 14718 14718 I ResourceOverlayService_0: waitAndQuit called
05-09 19:03:03.905 14718 14718 I ResourceOverlayService_0: activity user id 0 process id 0
05-09 19:03:03.912  3826  3826 I Routine@Core[4.2.00.52]: PreloadNotificationListenerService: onNotificationPosted: - begin  - ($)
05-09 19:03:03.912  3826  3826 I Routine@Core[4.2.00.52]: PreloadNotificationListenerService: isScreenedOut: not interested:  - ($)
05-09 19:03:03.912  3550  4069 D KnoxHelper: getActivityList callingUserId: 0, target user: 0
05-09 19:03:03.932  2018  2018 I Launcher.NotificationListener: onNotificationPosted : com.nisargjhaveri.netspeed number : 0
05-09 19:03:03.933  2018  2263 I Launcher.NotificationListener: notificationIsValidForUI : com.nisargjhaveri.netspeed missingTitleAndText : true isGroupHeader : false
05-09 19:03:03.935  1610  1610 D BubblesManager: onEntryUpdated : shouldBubbleUp=false ,key=0|com.nisargjhaveri.netspeed|1|null|10130
05-09 19:03:03.980  1610  1610 I FaceWidgetPositionAlgorithm: getClockContainerHeight() supplier = 462, bottom margin = 0, real height = 525
05-09 19:03:03.981  1610  1610 I FaceWidgetPositionAlgorithm: getClockContainerHeight() supplier = 462, bottom margin = 63, real height = 525
05-09 19:03:03.981  1610  1610 I FaceWidgetPositionAlgorithm: getMediaContainerHeight() height = 456 container Visibility = 8, isValid = false, mIsDozing = false, fraction = 1.0, source = 0, target = 0
05-09 19:03:03.981  1610  1610 I FaceWidgetPositionAlgorithm: getMediaContainerHeight() supplier = 0
05-09 19:03:04.108  1610  1610 I FaceWidgetPositionAlgorithm: getClockContainerHeight() supplier = 462, bottom margin = 0, real height = 525
05-09 19:03:04.109  1610  1610 I FaceWidgetPositionAlgorithm: getClockContainerHeight() supplier = 462, bottom margin = 63, real height = 525
05-09 19:03:04.109  1610  1610 I FaceWidgetPositionAlgorithm: getMediaContainerHeight() height = 456 container Visibility = 8, isValid = false, mIsDozing = false, fraction = 1.0, source = 0, target = 0
05-09 19:03:04.109  1610  1610 I FaceWidgetPositionAlgorithm: getMediaContainerHeight() supplier = 0
05-09 19:03:04.183  1610  1610 D SecPowerUI.Notification: showChargingNotice oldChargingType : 11 / currentChargingType : 11, oldChargingTime : 12811000 / mChargingTime : 12811000
05-09 19:03:04.183  1610  1610 D SecPowerUI.Notification: There is no change about charging status, so return!
05-09 19:03:04.688  1203  3747 W ActivityManager: Foreground service started from background can not have location/camera/microphone access: service com.nisargjhaveri.netspeed/.IndicatorService
05-09 19:03:04.690  1610  3420 D SecFgsManagerControllerImpl: onForegroundStateChanged: dialogShown:false, isForeground:true, packageName:com.nisargjhaveri.netspeed , token:android.os.BinderProxy@4ec2826, userId:0
05-09 19:03:04.693  1203  1258 D ApplicationPolicy: isStatusBarNotificationAllowedAsUser: packageName = com.nisargjhaveri.netspeed,userId = 0
05-09 19:03:04.695  1203  1258 D ApplicationPolicy: isStatusBarNotificationAllowedAsUser: packageName = com.nisargjhaveri.netspeed,userId = 0
05-09 19:03:04.908  1203  1203 I Telecom:SamsungTelecomServiceImpl: isInManagedCall - callingPackage : android
05-09 19:03:04.915  1203  1203 D EdgeLightingManager: isCallingUserSupported : callingUserId=0, mUserId=0, isDualAppId=false, isKnoxId=false
05-09 19:03:04.916  1203  1203 D EdgeLightingManager: showForNotification : isInteractive=true, isHeadUp=true, color=0, canBypassDnd=false, sbn = StatusBarNotification(pkg=com.nisargjhaveri.netspeed user=UserHandle{0} id=1 tag=null key=0|com.nisargjhaveri.netspeed|1|null|10130: Notification(channel=NetSpeedIndicator shortcut=null contentView=com.nisargjhaveri.netspeed/0x7f0c002a vibrate=null sound=null defaults=0x0 flags=0x16a color=0x00000000 category=status vis=PRIVATE semFlags=0x0 semPriority=0 semMissedCount=0))
05-09 19:03:04.916  1203  1203 D EdgeLightingClientManager: isAvailableEdgeLighting: condition=1 mCondition=3 mIsConnected=false0
05-09 19:03:04.916  1203  1203 D EdgeLightingManager: showForNotificationScreenOn : return false by isAvailableEdgeLighting.
05-09 19:03:04.923 14718 14718 I ResourceOverlayService_0: waitAndQuit called
05-09 19:03:04.924 14718 14718 I ResourceOverlayService_0: activity user id 0 process id 0
05-09 19:03:04.930  1610  1610 D BubblesManager: onEntryUpdated : shouldBubbleUp=false ,key=0|com.nisargjhaveri.netspeed|1|null|10130
05-09 19:03:04.932  3550  4069 D KnoxHelper: getActivityList callingUserId: 0, target user: 0
05-09 19:03:04.950  3826  3826 I Routine@Core[4.2.00.52]: PreloadNotificationListenerService: onNotificationPosted: - begin  - ($)
05-09 19:03:04.950  3826  3826 I Routine@Core[4.2.00.52]: PreloadNotificationListenerService: isScreenedOut: not interested:  - ($)
05-09 19:03:04.967  2018  2018 I Launcher.NotificationListener: onNotificationPosted : com.nisargjhaveri.netspeed number : 0
05-09 19:03:04.968  2018  2263 I Launcher.NotificationListener: notificationIsValidForUI : com.nisargjhaveri.netspeed missingTitleAndText : true isGroupHeader : false
05-09 19:03:04.982  1610  1610 I FaceWidgetPositionAlgorithm: getClockContainerHeight() supplier = 462, bottom margin = 0, real height = 525
05-09 19:03:04.983  1610  1610 I FaceWidgetPositionAlgorithm: getClockContainerHeight() supplier = 462, bottom margin = 63, real height = 525
05-09 19:03:04.983  1610  1610 I FaceWidgetPositionAlgorithm: getMediaContainerHeight() height = 456 container Visibility = 8, isValid = false, mIsDozing = false, fraction = 1.0, source = 0, target = 0
05-09 19:03:04.983  1610  1610 I FaceWidgetPositionAlgorithm: getMediaContainerHeight() supplier = 0
05-09 19:03:05.094  1610  1610 I FaceWidgetPositionAlgorithm: getClockContainerHeight() supplier = 462, bottom margin = 0, real height = 525
05-09 19:03:05.095  1610  1610 I FaceWidgetPositionAlgorithm: getClockContainerHeight() supplier = 462, bottom margin = 63, real height = 525
05-09 19:03:05.095  1610  1610 I FaceWidgetPositionAlgorithm: getMediaContainerHeight() height = 456 container Visibility = 8, isValid = false, mIsDozing = false, fraction = 1.0, source = 0, target = 0
05-09 19:03:05.095  1610  1610 I FaceWidgetPositionAlgorithm: getMediaContainerHeight() supplier = 0
05-09 19:03:05.620  1203 29011 D SemWifiUsabilityStatsMonitor: onWifiUsabilityStats - seqNum 28185, isSameBssidAndFreq true
05-09 19:03:05.624  1203  1518 I SemWifiLinkQualityMonitor: Link Qos Query: 1.600 ms / 5.000 Mbps (5 / 0.000 / 1.000)
05-09 19:03:05.707  1203  3730 W ActivityManager: Foreground service started from background can not have location/camera/microphone access: service com.nisargjhaveri.netspeed/.IndicatorService
05-09 19:03:05.709  1610  3420 D SecFgsManagerControllerImpl: onForegroundStateChanged: dialogShown:false, isForeground:true, packageName:com.nisargjhaveri.netspeed , token:android.os.BinderProxy@4ec2826, userId:0
05-09 19:03:05.710  1203  1258 D ApplicationPolicy: isStatusBarNotificationAllowedAsUser: packageName = com.nisargjhaveri.netspeed,userId = 0
05-09 19:03:05.711  1203  1258 D ApplicationPolicy: isStatusBarNotificationAllowedAsUser: packageName = com.nisargjhaveri.netspeed,userId = 0
05-09 19:03:05.757   603   603 D io_stats: !@   8,0 r 14959141 271552348 w 10957629 137242556 d 0 0 f 0 0 iot 7470908 0 th 0 0 0 pt 0 inp 0 0 213077.721
05-09 19:03:05.920  1203  1203 I Telecom:SamsungTelecomServiceImpl: isInManagedCall - callingPackage : android
05-09 19:03:05.926  1203  1203 D EdgeLightingManager: isCallingUserSupported : callingUserId=0, mUserId=0, isDualAppId=false, isKnoxId=false
05-09 19:03:05.927  1203  1203 D EdgeLightingManager: showForNotification : isInteractive=true, isHeadUp=true, color=0, canBypassDnd=false, sbn = StatusBarNotification(pkg=com.nisargjhaveri.netspeed user=UserHandle{0} id=1 tag=null key=0|com.nisargjhaveri.netspeed|1|null|10130: Notification(channel=NetSpeedIndicator shortcut=null contentView=com.nisargjhaveri.netspeed/0x7f0c002a vibrate=null sound=null defaults=0x0 flags=0x16a color=0x00000000 category=status vis=PRIVATE semFlags=0x0 semPriority=0 semMissedCount=0))
05-09 19:03:05.927  1203  1203 D EdgeLightingClientManager: isAvailableEdgeLighting: condition=1 mCondition=3 mIsConnected=false0
05-09 19:03:05.927  1203  1203 D EdgeLightingManager: showForNotificationScreenOn : return false by isAvailableEdgeLighting.
05-09 19:03:05.928 14718 14718 I ResourceOverlayService_0: waitAndQuit called
05-09 19:03:05.929 14718 14718 I ResourceOverlayService_0: activity user id 0 process id 0
05-09 19:03:05.937  1610  1610 D BubblesManager: onEntryUpdated : shouldBubbleUp=false ,key=0|com.nisargjhaveri.netspeed|1|null|10130
05-09 19:03:05.945  3826  3826 I Routine@Core[4.2.00.52]: PreloadNotificationListenerService: onNotificationPosted: - begin  - ($)
05-09 19:03:05.946  3826  3826 I Routine@Core[4.2.00.52]: PreloadNotificationListenerService: isScreenedOut: not interested:  - ($)
05-09 19:03:05.947  2018  2018 I Launcher.NotificationListener: onNotificationPosted : com.nisargjhaveri.netspeed number : 0
05-09 19:03:05.947  3550  4069 D KnoxHelper: getActivityList callingUserId: 0, target user: 0
05-09 19:03:05.957  2018  2263 I Launcher.NotificationListener: notificationIsValidForUI : com.nisargjhaveri.netspeed missingTitleAndText : true isGroupHeader : false
05-09 19:03:05.968  1610  1610 I FaceWidgetPositionAlgorithm: getClockContainerHeight() supplier = 462, bottom margin = 0, real height = 525
05-09 19:03:05.969  1610  1610 I FaceWidgetPositionAlgorithm: getClockContainerHeight() supplier = 462, bottom margin = 63, real height = 525
05-09 19:03:05.969  1610  1610 I FaceWidgetPositionAlgorithm: getMediaContainerHeight() height = 456 container Visibility = 8, isValid = false, mIsDozing = false, fraction = 1.0, source = 0, target = 0
05-09 19:03:05.969  1610  1610 I FaceWidgetPositionAlgorithm: getMediaContainerHeight() supplier = 0
05-09 19:03:06.055  1610  1610 I FaceWidgetPositionAlgorithm: getClockContainerHeight() supplier = 462, bottom margin = 0, real height = 525
05-09 19:03:06.056  1610  1610 I FaceWidgetPositionAlgorithm: getClockContainerHeight() supplier = 462, bottom margin = 63, real height = 525
05-09 19:03:06.056  1610  1610 I FaceWidgetPositionAlgorithm: getMediaContainerHeight() height = 456 container Visibility = 8, isValid = false, mIsDozing = false, fraction = 1.0, source = 0, target = 0
05-09 19:03:06.056  1610  1610 I FaceWidgetPositionAlgorithm: getMediaContainerHeight() supplier = 0
05-09 19:03:06.498 22763 22763 I wpa_supplicant: Heartbeat 2088
05-09 19:03:06.723  1203  3748 W ActivityManager: Foreground service started from background can not have location/camera/microphone access: service com.nisargjhaveri.netspeed/.IndicatorService
05-09 19:03:06.725  1610  3420 D SecFgsManagerControllerImpl: onForegroundStateChanged: dialogShown:false, isForeground:true, packageName:com.nisargjhaveri.netspeed , token:android.os.BinderProxy@4ec2826, userId:0
05-09 19:03:06.728  1203  1258 D ApplicationPolicy: isStatusBarNotificationAllowedAsUser: packageName = com.nisargjhaveri.netspeed,userId = 0
05-09 19:03:06.729  1203  1258 D ApplicationPolicy: isStatusBarNotificationAllowedAsUser: packageName = com.nisargjhaveri.netspeed,userId = 0
05-09 19:03:06.842  1203  1419 D InputReader: Btn_touch(10): value=1 when=213078.806075
05-09 19:03:06.842  1203  1419 I InputReader: Touch event's action is 0x0 (id=3, t=0) [pCnt=1, s=0.37284 ] when=213078.806075
05-09 19:03:06.845  1203  1203 D PowerManagerService: [api] userActivity : event: 0 flags: 0 (uid: 1000 pid: 1203) <- handleMotionEvent() in com.android.server.accessibility.AccessibilityInputFilter:481 eventTime = 213078806 displayId = 0
05-09 19:03:06.845  1203  1203 I GestureDetector: obtain mCurrentDownEvent. id: 463170528 caller: com.android.server.accessibility.magnification.FullScreenMagnificationGestureHandler.handleEventWith:205 com.android.server.accessibility.magnification.FullScreenMagnificationGestureHandler.onMotionEventInternal:199 com.android.server.accessibility.magnification.MagnificationGestureHandler.onMotionEvent:119 
05-09 19:03:06.845  1203  1203 I GestureDetector: obtain mCurrentMotionEventRaw. action: 0 id: 463170528
05-09 19:03:06.846  1203  1203 I GestureDetector: obtain mCurrentDownEvent. id: 463170528 caller: com.android.server.accessibility.magnification.FullScreenMagnificationGestureHandler.handleEventWith:205 com.android.server.accessibility.magnification.FullScreenMagnificationGestureHandler.-$$Nest$mhandleEventWith:0 com.android.server.accessibility.magnification.FullScreenMagnificationGestureHandler$DetectingState.sendDelayedMotionEvents:892 
05-09 19:03:06.846  1203  1203 D InputDispatcher: Inject motion (0/0): action=0x0, time=213078806075000, f=0x0, d=0 dsdx=1.000000 dtdx=0.000000
05-09 19:03:06.846  1203  1418 I InputDispatcher: Delivering touch to (1610): action: 0x4, f=0x0, d=0, '4b5d54c', t=1 
05-09 19:03:06.847  1203  1418 I InputDispatcher: Delivering touch to (1610): action: 0x0, f=0x0, d=0, '53b86e5', t=1 
05-09 19:03:06.847  1203  1418 D PowerManagerService: [api] userActivityFromNative :  (event: 2 flags: 0 displayId: 0) eventTime = 213078806
05-09 19:03:06.847  1203  1249 I GestureDetector: obtain mCurrentDownEvent. id: 463170528 caller: com.android.server.wm.SystemGesturesPointerEventListener.onPointerEvent:203 com.android.server.wm.PointerEventDispatcher.onInputEvent:53 android.view.InputEventReceiver.dispatchInputEvent:285 
05-09 19:03:06.848  1203  1249 I GestureDetector: obtain mCurrentDownEvent. id: 463170528 caller: com.android.server.wm.SystemPerformancePointerEventListener.onPointerEvent:89 com.android.server.wm.PointerEventDispatcher.onInputEvent:53 android.view.InputEventReceiver.dispatchInputEvent:285 
05-09 19:03:06.848  1203  1418 D PowerManagerService: UserActivityStateListenerState: 1
05-09 19:03:06.848  1610  1610 I ViewRootImpl@31862da[StatusBar]: ViewPostIme pointer 0
05-09 19:03:06.849  1610  1610 D SecPanelLogger: PanelView.dispatchTouchEvent() MotionEvent { action=ACTION_DOWN, actionButton=0, id[0]=0, x[0]=862.20703, y[0]=26.953125, toolType[0]=TOOL_TYPE_FINGER, buttonState=0, classification=NONE, metaState=0, flags=0x0, edgeFlags=0x0, pointerCount=1, historySize=0, eventTime=213078806, downTime=213078810, deviceId=3, source=0x1002, displayId=0, eventId=463170528 } |  StatusBarState:SHADE
05-09 19:03:06.849  1610  1610 D SecPanelLogger: NPVC InterceptTouch(ACTION_DOWN) (mQsExpansionEnabledPolicy:true && mQsExpansionEnabledAmbient:true && !isRemoteInputActive:true) |  StatusBarState:SHADE
05-09 19:03:06.849  1610  1610 D KeyguardTouchAnimator: intercepted: action=0 mQsExpanded=false, mQsFullyExpanded=false
05-09 19:03:06.849  1610  1610 D SecPanelLogger:  PVC InterceptTouch(ACTION_DOWN)  |  StatusBarState:SHADE
05-09 19:03:06.849  1610  1610 D SecPanelLogger: NotificationsQuickSettingsContainer InterceptTouch(ACTION_DOWN)  |  StatusBarState:SHADE
05-09 19:03:06.849  1610  1610 D SecPanelLogger: StackScrollerController InterceptTouch(ACTION_DOWN)  |  StatusBarState:SHADE
05-09 19:03:06.850  1610  1610 I GestureDetector: obtain mCurrentDownEvent. id: 463170528 caller: android.view.ScaleGestureDetector.onTouchEvent:275 com.android.systemui.ExpandHelper.onInterceptTouchEvent:302 com.android.systemui.statusbar.notification.stack.NotificationStackScrollLayoutController$TouchHandler.onInterceptTouchEvent:2011 
05-09 19:03:06.850  1610  1610 D SecPanelLogger: StackScrollerController onTouch(ACTION_DOWN)  |  StatusBarState:SHADE
05-09 19:03:06.850  1610  1610 D SecPanelLogger: QSContainerImpl InterceptTouch(ACTION_DOWN)  |  StatusBarState:SHADE
05-09 19:03:06.850  1610  1610 D SecPanelLogger: SecQuickStatusBarHeaderView InterceptTouch(ACTION_DOWN) mExpanded:false, needToInterceptTouchEvent:false, BeAbleToListen:false, if(!BeAbleToListen || needToInterceptTouchEvent) return true; |  StatusBarState:SHADE
05-09 19:03:06.851  1610  1610 D SecPanelLogger: SecQuickStatusBarHeaderView onTouch(ACTION_DOWN) mExpanded:false, (if needToConsumeTouchEvent true, return true) needToConsumeTouchEvent:false |  StatusBarState:SHADE
05-09 19:03:06.851  1610  1610 D SecPanelLogger: QSContainerImpl onTouch(ACTION_DOWN)  |  StatusBarState:SHADE
05-09 19:03:06.851  1610  1610 D SecPanelLogger: NotificationsQuickSettingsContainer onTouch(ACTION_DOWN)  |  StatusBarState:SHADE
05-09 19:03:06.851  1610  1610 D SecPanelLogger: NPVC onTouch(ACTION_DOWN)  |  StatusBarState:SHADE
05-09 19:03:06.851  1610  1610 D SecPanelLogger:  PVC onTouch(ACTION_DOWN)  |  StatusBarState:SHADE
05-09 19:03:06.851  1610  1610 D PanelView: ACTION_DOWN, isFullyCollapsed:true, hasPinnedHeadsUp:false, isBouncerShowing:false, mGestureWaitForTouchSlop:true, mIgnoreXTouchSlop:true
05-09 19:03:06.852  1610  1610 D SecPanelLogger: NPVC FINAL (!mDozing:true || mPulsing:false || handled:true) = return:true onTouch(ACTION_DOWN)  |  StatusBarState:SHADE
05-09 19:03:06.866  1203  1203 I GestureDetector: obtain mCurrentMotionEventRaw. action: 2 id: 793148927
05-09 19:03:06.866  1203  1249 I GestureDetector: obtain mCurrentMotionEventRaw. action: 2 id: 793148927
05-09 19:03:06.866  1203  1249 I GestureDetector: obtain mCurrentMotionEventRaw. action: 2 id: 793148927
05-09 19:03:06.884  1610  1610 D SecPanelLogger: PanelView.dispatchTouchEvent() MotionEvent { action=ACTION_MOVE, actionButton=0, id[0]=0, x[0]=858.0254, y[0]=34.871082, toolType[0]=TOOL_TYPE_FINGER, buttonState=0, classification=NONE, metaState=0, flags=0x0, edgeFlags=0x0, pointerCount=1, historySize=2, eventTime=213078843, downTime=213078810, deviceId=3, source=0x1002, displayId=0, eventId=793148927 } |  StatusBarState:SHADE
05-09 19:03:06.884  1610  1610 D SecPanelLogger: NPVC onTouch(ACTION_MOVE)  |  StatusBarState:SHADE
05-09 19:03:06.884  1610  1610 D SecPanelLogger:  PVC onTouch(ACTION_MOVE)  |  StatusBarState:SHADE
05-09 19:03:06.904  1610  1610 D SecQSFragmentAnimator_QSCinema: [panelExpanding:true] qsExpanded:false, qsFullyExpanded:false, qsExpansionPosition:0, qsExpandImmediate:false, qsCollapsingWhilePanelClosing:false &&&  panelExpansionFraction:0, panelExpansionDragDownPxAmount:0 ***   panelExpanded:false, panelExpanding:false %%%   barState:0, overScrolling:false, userId:-1, isRunningPanelOnHeightAnimation:false
05-09 19:03:06.905  1610  1610 D SecPanelLogger: makeExpandedVisible(force:false) mExpandedVisible:false, panelsEnabled: true
05-09 19:03:06.906  1610  1610 D KeyguardVisible: isExpanded: false -> true
05-09 19:03:06.906  1610  1610 D KeyguardVisible: Window state diff only {
05-09 19:03:06.906  1610  1610 D KeyguardVisible:   mNotificationShadeFocusable: false -> true
05-09 19:03:06.906  1610  1610 D KeyguardVisible:   mPanelVisible: false -> true
05-09 19:03:06.906  1610  1610 D KeyguardVisible: }
05-09 19:03:06.906  1610  1610 D KeyguardSurface: restoreKeyguardSurfaceIfVisible true
05-09 19:03:06.906  1610  1610 I KeyguardVideoWallpaper: onVisibilityChanged: 0 , isKeyguardShowing = false, mIsSurfaceViewAdded = false view = com.android.systemui.statusbar.phone.NotificationShadeWindowView{c7cf80f V.E...... ......ID 0,0-1080,2400}
05-09 19:03:06.906  1610  1610 D KeyguardVideoWallpaper: releaseMediaPlayer()
05-09 19:03:06.906  1610  2223 D VideoPlayer: releaseMediaPlayer() mp = null
05-09 19:03:06.908  1203  3748 I AppOps  : updateUidProcState uid: 10053 procState: 1 capability:15
05-09 19:03:06.909  1203  1249 D WindowManager: requestTransientBars: swipeTarget=Window{53b86e5 u0 StatusBar}, controlTarget=Window{13c9809 u0 com.sec.android.app.launcher/com.sec.android.app.launcher.activities.LauncherActivity}, canShowTransient=true, restorePositionTypes=0x3, from=com.android.server.wm.DisplayPolicy.-$$Nest$mrequestTransientBars:0 com.android.server.wm.DisplayPolicy$1.onSwipeFromTop:597 
05-09 19:03:06.909  1610  1610 D CentralSurfaces: Received new disable state: enaihbcrsokt.qingr (unchanged)
05-09 19:03:06.910  1203  1263 W libprocessgroup: Failed to open /dev/blkio//cgroup.procs: No such file or directory
05-09 19:03:06.910  1610  1610 D KeyguardVisible: go panelState: CLOSED -> OPENING tracking=false, expanded=false, fraction=0.0
05-09 19:03:06.911  1610  1610 D KeyguardVisible: go panelState: OPENING -> OPENING tracking=true, expanded=true, fraction=0.0
05-09 19:03:06.911  1610  1610 D PanelView: shouldPanelBeVisible true / headUpVisible=false, why=-1
05-09 19:03:06.911  1026  1026 I CameraService: onUidStateChanged: uid=10053, procState is changed. (0 -> 1)
05-09 19:03:06.912  1610  1610 D KeyguardVisible: cancelPendingPanelCollapse false
05-09 19:03:06.915  1610  1610 D SecQSFragmentAnimator_QSCinema: [panelExpanded:true] qsExpanded:false, qsFullyExpanded:false, qsExpansionPosition:0, qsExpandImmediate:false, qsCollapsingWhilePanelClosing:false &&&  panelExpansionFraction:0, panelExpansionDragDownPxAmount:0 ***   panelExpanded:false, panelExpanding:true %%%   barState:0, overScrolling:false, userId:-1, isRunningPanelOnHeightAnimation:false
05-09 19:03:06.915  1203  3748 I EasyMuteController: UnRegister failed. no registered
05-09 19:03:06.915  1203  3748 D VibratorManagerService: Canceling vibration
05-09 19:03:06.915  1610  1610 D SecQpScrimControlHelper:  secVisible?false (scrimState:UNLOCKED) (1stFrc:0.03, 2ndFrc:0, drgDown:0, PanelEx:false)   (dlyGed:264, dlySec:0)   [N(0.1|fff2f2f2)-B(0|fff2f2f2)]   (expanded:true, tracking:true, qsBottomVisible:true) MassBlur(a:0.096946776   thm(a:1, rtEnabled:false) park(panel_on?false)   kgd(fw:false, gw:false, ocl:false)   (assetsSeq:0, themeSeq:0, uiMode:17)   GED[F(0|0)-N(0|0)-B(0,|ff000000)-Duration:360], caller:onPanelExpansionChanged()
05-09 19:03:06.916  1610  1610 D SecQpScrimView sec_qp_scrim_notifications: setViewAlpha(0.00 >> 0.10)
05-09 19:03:06.916  1610  1610 D SecQSFragmentAnimator_QSCinema: [panelExpansionFraction:0.033] qsExpanded:false, qsFullyExpanded:false, qsExpansionPosition:0, qsExpandImmediate:false, qsCollapsingWhilePanelClosing:false &&&  panelExpansionFraction:0, panelExpansionDragDownPxAmount:0 ***   panelExpanded:true, panelExpanding:true %%%   barState:0, overScrolling:false, userId:-1, isRunningPanelOnHeightAnimation:false
05-09 19:03:06.917  1610  1610 D SecQSFragmentAnimator_QSCinema: [panelExpansionDragDownPxAmount:44.383] qsExpanded:false, qsFullyExpanded:false, qsExpansionPosition:0, qsExpandImmediate:false, qsCollapsingWhilePanelClosing:false &&&  panelExpansionFraction:0.03, panelExpansionDragDownPxAmount:0 ***   panelExpanded:true, panelExpanding:true %%%   barState:0, overScrolling:false, userId:-1, isRunningPanelOnHeightAnimation:false
05-09 19:03:06.917  1610  1610 D SecPanelExpansionStateModel: !!! NOTIFY !!! PanelOpenState is Changed to <STATE_ANIMATING> from <STATE_CLOSED> 1stFrc:0.03 2ndFrc:0 panelExpanded:true lcdOn:true Bar:SHADE wasUnlockedWhilePanelOpening:false
05-09 19:03:06.917  1610  1610 D SecQpScrimControlHelper:  secVisible?true (scrimState:UNLOCKED) (1stFrc:0.03, 2ndFrc:0, drgDown:0, PanelEx:true)   (dlyGed:264, dlySec:0)   [N(0.1|fff2f2f2)-B(0|fff2f2f2)]   (expanded:true, tracking:true, qsBottomVisible:true) MassBlur(a:0.096946776   thm(a:1, rtEnabled:false) park(panel_on?false)   kgd(fw:false, gw:false, ocl:false)   (assetsSeq:0, themeSeq:0, uiMode:17)   GED[F(0|0)-N(0|0)-B(0,|ff000000)-Duration:360], caller:onSecPanelExpansionStateChanged(STATE_ANIMATING)
05-09 19:03:06.918  1610  1610 D SecQpScrimControlHelper:  secVisible?true (scrimState:UNLOCKED) (1stFrc:0.03, 2ndFrc:0, drgDown:0, PanelEx:true)   (dlyGed:264, dlySec:0)   [N(0.1|fff2f2f2)-B(0|fff2f2f2)]   (expanded:true, tracking:true, qsBottomVisible:true) MassBlur(a:0.096946776   thm(a:1, rtEnabled:false) park(panel_on?false)   kgd(fw:false, gw:false, ocl:false)   (assetsSeq:0, themeSeq:0, uiMode:17)   GED[F(0|0)-N(0|0)-B(0,|ff000000)-Duration:360], caller:mUpdateSecScrimVisibilityRunnable(true)
05-09 19:03:06.918  1610  1610 D SecQpScrimView sec_qp_scrim_behind: setVisibility() 8 >> 0
05-09 19:03:06.919  1610  1610 D SecQpScrimControlHelper:  secVisible?true (scrimState:UNLOCKED) (1stFrc:0.03, 2ndFrc:0, drgDown:0, PanelEx:true)   (dlyGed:264, dlySec:0)   [N(0.1|fff2f2f2)-B(0|fff2f2f2)]   (expanded:true, tracking:true, qsBottomVisible:true) MassBlur(a:0.096946776   thm(a:1, rtEnabled:false) park(panel_on?false)   kgd(fw:false, gw:false, ocl:false)   (assetsSeq:0, themeSeq:0, uiMode:17)   GED[F(0|0)-N(0|0)-B(0,|ff000000)-Duration:360], caller:UpdateGedScrimVisibilityRunnable(noti:alwaysGONE, behind:false)
05-09 19:03:06.919  1610  1610 D ScrimController: updateScrimColor main=0xfff0f0f3 front=0xfff0f0f3|0.000000|0 noti=0xfff0f0f3|0.000000|8 behind=0xff000000|0.000000|8 vis=0
05-09 19:03:06.920  1610  1610 D KeyguardEditModeAnimatorController: startCancelAnimation
05-09 19:03:06.920  1610  1610 D KeyguardEditModeAnimatorController: startCancelAnimation : is not keyguard state
05-09 19:03:06.920  1610  1610 D KeyguardEditModeAnimatorController: resetViews
05-09 19:03:06.920  1610  1610 D KeyguardEditModeController: cancel() true
05-09 19:03:06.921  1610  1610 D SecQpBlurCaptureUtils: Blur(0 >> 28) kgd:false, bouncer:false, videoW:true
05-09 19:03:06.921  1610  1610 D SecQpBlurCaptureUtils: getPanelScreenShot() SHADE WM screenshot
05-09 19:03:06.922  1203  3805 D WindowManager: takeScreenshotToTargetWindow: display=0, target=2000, containsTarget=false, crop=Rect(0, 0 - 0, 0), w=216, h=480, useIdentityTransform=false, ignorePolicy=true, caller=com.android.server.wm.WindowManagerService.takeScreenshotToTargetWindow:11119 android.view.IWindowManager$Stub.onTransact:3755 com.android.server.wm.WindowManagerService.onTransact:1601 
05-09 19:03:06.922  1203  1203 D InputMethodManagerService: mDesktopModeManager null!
05-09 19:03:06.922  1203  3805 D WindowManager: takeScreenshotToTargetWindow: targetSurface=Surface(name=13c9809 com.sec.android.app.launcher/com.sec.android.app.launcher.activities.LauncherActivity)/@0xd000db0, sourceCrop=Rect(0, 0 - 0, 0)
05-09 19:03:06.931 14718 14718 I ResourceOverlayService_0: waitAndQuit called
05-09 19:03:06.931 14718 14718 I ResourceOverlayService_0: activity user id 0 process id 0
05-09 19:03:06.939  1203  1203 I Telecom:SamsungTelecomServiceImpl: isInManagedCall - callingPackage : android
05-09 19:03:06.941  1203  1203 D EdgeLightingManager: isCallingUserSupported : callingUserId=0, mUserId=0, isDualAppId=false, isKnoxId=false
05-09 19:03:06.941  1203  1203 D EdgeLightingManager: showForNotification : isInteractive=true, isHeadUp=true, color=0, canBypassDnd=false, sbn = StatusBarNotification(pkg=com.nisargjhaveri.netspeed user=UserHandle{0} id=1 tag=null key=0|com.nisargjhaveri.netspeed|1|null|10130: Notification(channel=NetSpeedIndicator shortcut=null contentView=com.nisargjhaveri.netspeed/0x7f0c002a vibrate=null sound=null defaults=0x0 flags=0x16a color=0x00000000 category=status vis=PRIVATE semFlags=0x0 semPriority=0 semMissedCount=0))
05-09 19:03:06.941  1203  1203 D EdgeLightingClientManager: isAvailableEdgeLighting: condition=1 mCondition=3 mIsConnected=false0
05-09 19:03:06.941  1203  1203 D EdgeLightingManager: showForNotificationScreenOn : return false by isAvailableEdgeLighting.
05-09 19:03:06.945  2018  2018 I Launcher.NotificationListener: onNotificationPosted : com.nisargjhaveri.netspeed number : 0
05-09 19:03:06.945  2018  2263 I Launcher.NotificationListener: notificationIsValidForUI : com.nisargjhaveri.netspeed missingTitleAndText : true isGroupHeader : false
05-09 19:03:06.948  3550  4069 D KnoxHelper: getActivityList callingUserId: 0, target user: 0
05-09 19:03:06.952  3826  3826 I Routine@Core[4.2.00.52]: PreloadNotificationListenerService: onNotificationPosted: - begin  - ($)
05-09 19:03:06.952  3826  3826 I Routine@Core[4.2.00.52]: PreloadNotificationListenerService: isScreenedOut: not interested:  - ($)
05-09 19:03:06.955  1610  1610 D KeyguardVisible: visibilityChanged 4 -> 0
05-09 19:03:06.955  1610  1610 D SecPanelConfigurationBellTower: onWindowViewVisibilityChanged (cSeq.10644 : vSeq.10644) dState(dW:1080, dH:2400) rPicker(pW:1080, pH:2126, adH:2126, cH:85, nbH:126) Rotation(0, c:0, v:0) 
05-09 19:03:06.959  1610  1610 I ViewRootImpl@19fa582[NotificationShade]: performTraversals params={(0,0)(fillxfill) gr=TOP CENTER_VERTICAL sim={adjust=resize} layoutInDisplayCutoutMode=always ty=NOTIFICATION_SHADE fmt=TRANSLUCENT
05-09 19:03:06.959  1610  1610 I ViewRootImpl@19fa582[NotificationShade]:   fl=81860040
05-09 19:03:06.959  1610  1610 I ViewRootImpl@19fa582[NotificationShade]:   pfl=1a000000
05-09 19:03:06.959  1610  1610 I ViewRootImpl@19fa582[NotificationShade]:   vsysui=10
05-09 19:03:06.959  1610  1610 I ViewRootImpl@19fa582[NotificationShade]:   apr=LIGHT_NAVIGATION_BARS
05-09 19:03:06.959  1610  1610 I ViewRootImpl@19fa582[NotificationShade]:   bhv=SHOW_TRANSIENT_BARS_BY_SWIPE naviIconColor=0
05-09 19:03:06.959  1610  1610 I ViewRootImpl@19fa582[NotificationShade]:   sfl=60000}
05-09 19:03:06.959  1610  1610 I ViewRootImpl@19fa582[NotificationShade]: performTraversals mFirst=false windowShouldResize=false viewVisibilityChanged=true mForceNextWindowRelayout=false params={(0,0)(fillxfill) gr=TOP CENTER_VERTICAL sim={adjust=resize} layoutInDisplayCutoutMode=always ty=NOTIFICATION_SHADE fmt=TRANSLUCENT
05-09 19:03:06.959  1610  1610 I ViewRootImpl@19fa582[NotificationShade]:   fl=81860040
05-09 19:03:06.959  1610  1610 I ViewRootImpl@19fa582[NotificationShade]:   pfl=1a000000
05-09 19:03:06.959  1610  1610 I ViewRootImpl@19fa582[NotificationShade]:   vsysui=10
05-09 19:03:06.959  1610  1610 I ViewRootImpl@19fa582[NotificationShade]:   apr=LIGHT_NAVIGATION_BARS
05-09 19:03:06.959  1610  1610 I ViewRootImpl@19fa582[NotificationShade]:   bhv=SHOW_TRANSIENT_BARS_BY_SWIPE naviIconColor=0
05-09 19:03:06.959  1610  1610 I ViewRootImpl@19fa582[NotificationShade]:   sfl=60000}
05-09 19:03:06.960  1203  3749 V WindowManager: Relayout Window{f79ac62 u0 NotificationShade}: viewVisibility=0 req=1080x2400 d0
05-09 19:03:06.960  1203  3749 D RestrictionPolicy: isScreenCaptureEnabled : ret=true userId=0
05-09 19:03:06.961   918   945 I SurfaceFlinger: id=83374 createSurf flag=40004, NotificationShade$_1610#83374
05-09 19:03:06.961  1203  3749 D WindowManager: makeSurface duration=1 name=NotificationShade$_1610
05-09 19:03:06.964  1203  3749 V WindowManager: Changing focus from Window{13c9809 u0 com.sec.android.app.launcher/com.sec.android.app.launcher.activities.LauncherActivity} to Window{f79ac62 u0 NotificationShade} displayId=0 Callers=com.android.server.wm.RootWindowContainer.updateFocusedWindowLocked:595 com.android.server.wm.WindowManagerService.updateFocusedWindowLocked:6803 com.android.server.wm.WindowManagerService.relayoutWindow:2813 com.android.server.wm.Session.relayout:274 
05-09 19:03:06.965  1203  3749 I WindowManager: Cancelling animation restarting=true, leash=Surface(name=Surface(name=53b86e5 StatusBar)/@0x58652b4 - animation-leash of insets_animation)/@0xba3a1bc
05-09 19:03:06.965  1203  3749 I WindowManager: Reparenting to original parent: Surface(name=WindowToken{34515dc type=2000 android.os.BinderProxy@4a2cae})/@0x29c3edd, destroy=false, surface=Surface(name=53b86e5 StatusBar)/@0x58652b4
05-09 19:03:06.965  1203  3749 I WindowManager: Reparenting to leash, surface=Surface(name=53b86e5 StatusBar)/@0x58652b4, leashParent=Surface(name=WindowToken{34515dc type=2000 android.os.BinderProxy@4a2cae})/@0x29c3edd
05-09 19:03:06.965   918   945 I SurfaceFlinger: id=83375 createSurf flag=24000, Surface(name=53b86e5 StatusBar)/@0x58652b4 - animation-leash of insets_animation#83375
05-09 19:03:06.965  1203  3749 D WindowManager: makeSurface duration=1 leash=Surface(name=Surface(name=53b86e5 StatusBar)/@0x58652b4 - animation-leash of insets_animation)/@0x23d720
05-09 19:03:06.966  1203  3749 I WindowManager: Cancelling animation restarting=true, leash=Surface(name=Surface(name=4b5d54c NavigationBar0)/@0x2615c7f - animation-leash of insets_animation)/@0x54791cb
05-09 19:03:06.966  1203  3749 I WindowManager: Reparenting to original parent: Surface(name=WindowToken{eed917f type=2019 android.os.BinderProxy@ed4d8d9})/@0x6dd444c, destroy=false, surface=Surface(name=4b5d54c NavigationBar0)/@0x2615c7f
05-09 19:03:06.966  1203  3749 I WindowManager: Reparenting to leash, surface=Surface(name=4b5d54c NavigationBar0)/@0x2615c7f, leashParent=Surface(name=WindowToken{eed917f type=2019 android.os.BinderProxy@ed4d8d9})/@0x6dd444c
05-09 19:03:06.966   918   945 I SurfaceFlinger: id=83376 createSurf flag=24000, Surface(name=4b5d54c NavigationBar0)/@0x2615c7f - animation-leash of insets_animation#83376
05-09 19:03:06.966  1203  3749 D WindowManager: makeSurface duration=1 leash=Surface(name=Surface(name=4b5d54c NavigationBar0)/@0x2615c7f - animation-leash of insets_animation)/@0x438929e
