05-09 19:02:53.721  1203  1203 I Telecom:SamsungTelecomServiceImpl: isInManagedCall - callingPackage : android
05-09 19:02:53.727  1203  1203 D EdgeLightingManager: isCallingUserSupported : callingUserId=0, mUserId=0, isDualAppId=false, isKnoxId=false
05-09 19:02:53.728  1203  1203 D EdgeLightingManager: showForNotification : isInteractive=true, isHeadUp=true, color=0, canBypassDnd=false, sbn = StatusBarNotification(pkg=com.nisargjhaveri.netspeed user=UserHandle{0} id=1 tag=null key=0|com.nisargjhaveri.netspeed|1|null|10130: Notification(channel=NetSpeedIndicator shortcut=null contentView=com.nisargjhaveri.netspeed/0x7f0c002a vibrate=null sound=null defaults=0x0 flags=0x16a color=0x00000000 category=status vis=PRIVATE semFlags=0x0 semPriority=0 semMissedCount=0))
05-09 19:02:53.728  1203  1203 D EdgeLightingClientManager: isAvailableEdgeLighting: condition=1 mCondition=3 mIsConnected=false0
05-09 19:02:53.728  1203  1203 D EdgeLightingManager: showForNotificationScreenOn : return false by isAvailableEdgeLighting.
05-09 19:02:53.749   603   603 D io_stats: !@   8,0 r 14959141 271552348 w 10957587 137242352 d 0 0 f 0 0 iot 7470852 0 th 0 0 0 pt 0 inp 0 0 213065.713
05-09 19:02:53.761  2018  2018 I Launcher.NotificationListener: onNotificationPosted : com.nisargjhaveri.netspeed number : 0
05-09 19:02:53.761  2018  2263 I Launcher.NotificationListener: notificationIsValidForUI : com.nisargjhaveri.netspeed missingTitleAndText : true isGroupHeader : false
05-09 19:02:53.769  3550  4069 D KnoxHelper: getActivityList callingUserId: 0, target user: 0
05-09 19:02:53.770  3826  3826 I Routine@Core[4.2.00.52]: PreloadNotificationListenerService: onNotificationPosted: - begin  - ($)
05-09 19:02:53.770  3826  3826 I Routine@Core[4.2.00.52]: PreloadNotificationListenerService: isScreenedOut: not interested:  - ($)
05-09 19:02:53.784  1610  1610 D BubblesManager: onEntryUpdated : shouldBubbleUp=false ,key=0|com.nisargjhaveri.netspeed|1|null|10130
05-09 19:02:53.826  1610  1610 I FaceWidgetPositionAlgorithm: getClockContainerHeight() supplier = 462, bottom margin = 0, real height = 525
05-09 19:02:53.827  1610  1610 I FaceWidgetPositionAlgorithm: getClockContainerHeight() supplier = 462, bottom margin = 63, real height = 525
05-09 19:02:53.827  1610  1610 I FaceWidgetPositionAlgorithm: getMediaContainerHeight() height = 456 container Visibility = 8, isValid = false, mIsDozing = false, fraction = 1.0, source = 0, target = 0
05-09 19:02:53.827  1610  1610 I FaceWidgetPositionAlgorithm: getMediaContainerHeight() supplier = 0
05-09 19:02:53.857 14718 14718 I ResourceOverlayService_0: waitAndQuit called
05-09 19:02:53.858 14718 14718 I ResourceOverlayService_0: activity user id 0 process id 0
05-09 19:02:53.892 15453 27684 I NearbySharing: Network state changed: NetworkState(isRestricted=false, isOnline=true, isCongested=false, isMetered=false, isWifiConnected=true)
05-09 19:02:53.896  1610  1610 D SecPowerUI.Notification: showChargingNotice oldChargingType : 11 / currentChargingType : 11, oldChargingTime : 12844000 / mChargingTime : 12844000
05-09 19:02:53.896  1610  1610 D SecPowerUI.Notification: There is no change about charging status, so return!
05-09 19:02:53.946  1610  1610 I FaceWidgetPositionAlgorithm: getClockContainerHeight() supplier = 462, bottom margin = 0, real height = 525
05-09 19:02:53.947  1610  1610 I FaceWidgetPositionAlgorithm: getClockContainerHeight() supplier = 462, bottom margin = 63, real height = 525
05-09 19:02:53.947  1610  1610 I FaceWidgetPositionAlgorithm: getMediaContainerHeight() height = 456 container Visibility = 8, isValid = false, mIsDozing = false, fraction = 1.0, source = 0, target = 0
05-09 19:02:53.947  1610  1610 I FaceWidgetPositionAlgorithm: getMediaContainerHeight() supplier = 0
05-09 19:02:54.523  1203  5040 W ActivityManager: Foreground service started from background can not have location/camera/microphone access: service com.nisargjhaveri.netspeed/.IndicatorService
05-09 19:02:54.525  1610  3420 D SecFgsManagerControllerImpl: onForegroundStateChanged: dialogShown:false, isForeground:true, packageName:com.nisargjhaveri.netspeed , token:android.os.BinderProxy@4ec2826, userId:0
05-09 19:02:54.528  1203  1258 D ApplicationPolicy: isStatusBarNotificationAllowedAsUser: packageName = com.nisargjhaveri.netspeed,userId = 0
05-09 19:02:54.529  1203  1258 D ApplicationPolicy: isStatusBarNotificationAllowedAsUser: packageName = com.nisargjhaveri.netspeed,userId = 0
05-09 19:02:54.741  1203  1203 I Telecom:SamsungTelecomServiceImpl: isInManagedCall - callingPackage : android
05-09 19:02:54.747  1203  1203 D EdgeLightingManager: isCallingUserSupported : callingUserId=0, mUserId=0, isDualAppId=false, isKnoxId=false
05-09 19:02:54.747  1203  1203 D EdgeLightingManager: showForNotification : isInteractive=true, isHeadUp=true, color=0, canBypassDnd=false, sbn = StatusBarNotification(pkg=com.nisargjhaveri.netspeed user=UserHandle{0} id=1 tag=null key=0|com.nisargjhaveri.netspeed|1|null|10130: Notification(channel=NetSpeedIndicator shortcut=null contentView=com.nisargjhaveri.netspeed/0x7f0c002a vibrate=null sound=null defaults=0x0 flags=0x16a color=0x00000000 category=status vis=PRIVATE semFlags=0x0 semPriority=0 semMissedCount=0))
05-09 19:02:54.748  1203  1203 D EdgeLightingClientManager: isAvailableEdgeLighting: condition=1 mCondition=3 mIsConnected=false0
05-09 19:02:54.748  1203  1203 D EdgeLightingManager: showForNotificationScreenOn : return false by isAvailableEdgeLighting.
05-09 19:02:54.777  3826  3826 I Routine@Core[4.2.00.52]: PreloadNotificationListenerService: onNotificationPosted: - begin  - ($)
05-09 19:02:54.777  3826  3826 I Routine@Core[4.2.00.52]: PreloadNotificationListenerService: isScreenedOut: not interested:  - ($)
05-09 19:02:54.785  2018  2018 I Launcher.NotificationListener: onNotificationPosted : com.nisargjhaveri.netspeed number : 0
05-09 19:02:54.786  2018  2263 I Launcher.NotificationListener: notificationIsValidForUI : com.nisargjhaveri.netspeed missingTitleAndText : true isGroupHeader : false
05-09 19:02:54.792  3550  4069 D KnoxHelper: getActivityList callingUserId: 0, target user: 0
05-09 19:02:54.802  1610  1610 D BubblesManager: onEntryUpdated : shouldBubbleUp=false ,key=0|com.nisargjhaveri.netspeed|1|null|10130
05-09 19:02:54.835  1610  1610 I FaceWidgetPositionAlgorithm: getClockContainerHeight() supplier = 462, bottom margin = 0, real height = 525
05-09 19:02:54.836  1610  1610 I FaceWidgetPositionAlgorithm: getClockContainerHeight() supplier = 462, bottom margin = 63, real height = 525
05-09 19:02:54.836  1610  1610 I FaceWidgetPositionAlgorithm: getMediaContainerHeight() height = 456 container Visibility = 8, isValid = false, mIsDozing = false, fraction = 1.0, source = 0, target = 0
05-09 19:02:54.836  1610  1610 I FaceWidgetPositionAlgorithm: getMediaContainerHeight() supplier = 0
05-09 19:02:54.859 14718 14718 I ResourceOverlayService_0: waitAndQuit called
05-09 19:02:54.860 14718 14718 I ResourceOverlayService_0: activity user id 0 process id 0
05-09 19:02:54.955  1610  1610 I FaceWidgetPositionAlgorithm: getClockContainerHeight() supplier = 462, bottom margin = 0, real height = 525
05-09 19:02:54.956  1610  1610 I FaceWidgetPositionAlgorithm: getClockContainerHeight() supplier = 462, bottom margin = 63, real height = 525
05-09 19:02:54.956  1610  1610 I FaceWidgetPositionAlgorithm: getMediaContainerHeight() height = 456 container Visibility = 8, isValid = false, mIsDozing = false, fraction = 1.0, source = 0, target = 0
05-09 19:02:54.956  1610  1610 I FaceWidgetPositionAlgorithm: getMediaContainerHeight() supplier = 0
05-09 19:02:55.541  1203  1729 W ActivityManager: Foreground service started from background can not have location/camera/microphone access: service com.nisargjhaveri.netspeed/.IndicatorService
05-09 19:02:55.544  1610  3420 D SecFgsManagerControllerImpl: onForegroundStateChanged: dialogShown:false, isForeground:true, packageName:com.nisargjhaveri.netspeed , token:android.os.BinderProxy@4ec2826, userId:0
05-09 19:02:55.546  1203  1258 D ApplicationPolicy: isStatusBarNotificationAllowedAsUser: packageName = com.nisargjhaveri.netspeed,userId = 0
05-09 19:02:55.547  1203  1258 D ApplicationPolicy: isStatusBarNotificationAllowedAsUser: packageName = com.nisargjhaveri.netspeed,userId = 0
05-09 19:02:55.750   603   603 D io_stats: !@   8,0 r 14959141 271552348 w 10957591 137242368 d 0 0 f 0 0 iot 7470860 0 th 0 0 0 pt 0 inp 0 0 213067.715
05-09 19:02:55.760  1203  1203 I Telecom:SamsungTelecomServiceImpl: isInManagedCall - callingPackage : android
05-09 19:02:55.766  1203  1203 D EdgeLightingManager: isCallingUserSupported : callingUserId=0, mUserId=0, isDualAppId=false, isKnoxId=false
05-09 19:02:55.766  1203  1203 D EdgeLightingManager: showForNotification : isInteractive=true, isHeadUp=true, color=0, canBypassDnd=false, sbn = StatusBarNotification(pkg=com.nisargjhaveri.netspeed user=UserHandle{0} id=1 tag=null key=0|com.nisargjhaveri.netspeed|1|null|10130: Notification(channel=NetSpeedIndicator shortcut=null contentView=com.nisargjhaveri.netspeed/0x7f0c002a vibrate=null sound=null defaults=0x0 flags=0x16a color=0x00000000 category=status vis=PRIVATE semFlags=0x0 semPriority=0 semMissedCount=0))
05-09 19:02:55.767  1203  1203 D EdgeLightingClientManager: isAvailableEdgeLighting: condition=1 mCondition=3 mIsConnected=false0
05-09 19:02:55.767  1203  1203 D EdgeLightingManager: showForNotificationScreenOn : return false by isAvailableEdgeLighting.
05-09 19:02:55.778  1610  1610 D BubblesManager: onEntryUpdated : shouldBubbleUp=false ,key=0|com.nisargjhaveri.netspeed|1|null|10130
05-09 19:02:55.782  3550  4069 D KnoxHelper: getActivityList callingUserId: 0, target user: 0
05-09 19:02:55.787  2018  2018 I Launcher.NotificationListener: onNotificationPosted : com.nisargjhaveri.netspeed number : 0
05-09 19:02:55.790  2018  2263 I Launcher.NotificationListener: notificationIsValidForUI : com.nisargjhaveri.netspeed missingTitleAndText : true isGroupHeader : false
05-09 19:02:55.798  3826  3826 I Routine@Core[4.2.00.52]: PreloadNotificationListenerService: onNotificationPosted: - begin  - ($)
05-09 19:02:55.798  3826  3826 I Routine@Core[4.2.00.52]: PreloadNotificationListenerService: isScreenedOut: not interested:  - ($)
05-09 19:02:55.832  1610  1610 I FaceWidgetPositionAlgorithm: getClockContainerHeight() supplier = 462, bottom margin = 0, real height = 525
05-09 19:02:55.832  1610  1610 I FaceWidgetPositionAlgorithm: getClockContainerHeight() supplier = 462, bottom margin = 63, real height = 525
05-09 19:02:55.833  1610  1610 I FaceWidgetPositionAlgorithm: getMediaContainerHeight() height = 456 container Visibility = 8, isValid = false, mIsDozing = false, fraction = 1.0, source = 0, target = 0
05-09 19:02:55.833  1610  1610 I FaceWidgetPositionAlgorithm: getMediaContainerHeight() supplier = 0
05-09 19:02:55.862 14718 14718 I ResourceOverlayService_0: waitAndQuit called
05-09 19:02:55.864 14718 14718 I ResourceOverlayService_0: activity user id 0 process id 0
05-09 19:02:55.935  1610  1610 I FaceWidgetPositionAlgorithm: getClockContainerHeight() supplier = 462, bottom margin = 0, real height = 525
05-09 19:02:55.935  1610  1610 I FaceWidgetPositionAlgorithm: getClockContainerHeight() supplier = 462, bottom margin = 63, real height = 525
05-09 19:02:55.936  1610  1610 I FaceWidgetPositionAlgorithm: getMediaContainerHeight() height = 456 container Visibility = 8, isValid = false, mIsDozing = false, fraction = 1.0, source = 0, target = 0
05-09 19:02:55.936  1610  1610 I FaceWidgetPositionAlgorithm: getMediaContainerHeight() supplier = 0
05-09 19:02:56.422  1203  1466 D ConnectivityService: notifyType CALLBACK_CAP_CHANGED for [185 WIFI]
05-09 19:02:56.453  1203 29011 D SemWifiUsabilityStatsMonitor: onWifiUsabilityStats - seqNum 28182, isSameBssidAndFreq true
05-09 19:02:56.454  1203  1493 D SemWifiSwitchForIndividualAppsService: stopTCPMonitoring : already stopped
05-09 19:02:56.454  1203  1518 I SemWifiLinkQualityMonitor: Link Qos Query: 1.600 ms / 5.000 Mbps (5 / 0.000 / 1.000)
05-09 19:02:56.455  1203  1493 I WifiConnectivityMonitor.NCC: sNetworkCallback(oCC) FULL : 185(true/false)[ Transports: WIFI Capabilities: NOT_METERED&INTERNET&NOT_RESTRICTED&TRUSTED&NOT_VPN&VALIDATED&NOT_ROAMING&FOREGROUND&NOT_CONGESTED&NOT_SUSPENDED&NOT_VCN_MANAGED LinkUpBandwidth>=10000Kbps LinkDnBandwidth>=3464Kbps TransportInfo: <SSID: <unknown ssid>, BSSID: 02:00:00:**:**:00, MAC: 02:00:00:**:**:00, IP: /192.168.100.2, Security type: 2, Supplicant state: COMPLETED, Wi-Fi standard: 4, RSSI: -75, Link speed: 5Mbps, Tx Link speed: 5Mbps, Max Supported Tx Link speed: 300Mbps, Rx Link speed: 6Mbps, Max Supported Rx Link speed: 300Mbps, Frequency: 2462MHz, Net ID: -1, Metered hint: false, score: 60, isUsable: true, CarrierMerged: false, SubscriptionId: -1, IsPrimary: 1, Trusted: true, Restricted: false, Ephemeral: false, OEM paid: false, OEM private: false, OSU AP: false, FQDN: <none>, Provider friendly name: <none>, Requesting package name: <none><none>MLO Information: , AP MLD Address: <none>, AP MLO Link Id: <none>, AP MLO Affiliated links: <none>> SignalStrength: -75 AdminUids: [1000] SSID: "WE_8BDC3E" UnderlyingNetworks: Null]
05-09 19:02:56.456  1203  1536 I WifiConnectivityMonitor: current mode : 1
05-09 19:02:56.457  1203  1536 D OpenNetworkQos[4.00]: updateBssidNoInternet: mBssidNoInternet = false
05-09 19:02:56.457  1203  1536 D OpenNetworkQos[4.00]: getOpenNetworkQosNoInternetStatus: false[Private DNS is active. Result is ignored.]
05-09 19:02:56.457  1203  1536 D OpenNetworkQos[4.00]: getOpenNetworkQosScores: 26 26 26 [Private DNS is active. Result is ignored.]
05-09 19:02:56.457  1203  1536 I WifiProfileShare: network QoS data was changed (internet), updateQoSData networkType: true, qosData: false
05-09 19:02:56.458  1203  2783 D WifiProfileShare: nearby scanning settings stop
05-09 19:02:56.458  1203  2783 V WifiProfileShare.Caster: checkAndGetShareData - nearby scanning
05-09 19:02:56.472  1610  1745 D NetworkController.WifiSignalController: notifyListener: visible=true, connected=true, inetCondition=1, isDefault=true, wifiTestReported=true, receivedInetCondition=-1, hideDuringMobileSwitching=false
05-09 19:02:56.473  1610  1745 D Tile.WifiTile: handleUpdateState isTransient=false transientEnabling =false cb.isTransient=false state.state = 2 mStateBeforeClick.value =false enabled =true
05-09 19:02:56.489 14174 14385 I HBD     : g onCapabilitiesChanged network : 185 current network state : wifi 
05-09 19:02:56.497 22763 22763 I wpa_supplicant: Heartbeat 2087
05-09 19:02:56.517  1942  2019 I PdnController<0>: onCapabilitiesChanged: network 185 networkCapabilities [ Transports: WIFI Capabilities: NOT_METERED&INTERNET&NOT_RESTRICTED&TRUSTED&NOT_VPN&VALIDATED&NOT_ROAMING&FOREGROUND&NOT_CONGESTED&NOT_SUSPENDED&NOT_VCN_MANAGED LinkUpBandwidth>=10000Kbps LinkDnBandwidth>=3464Kbps TransportInfo: <SSID: <unknown ssid>, BSSID: 02:00:00:00:00:00, MAC: 02:00:00:00:00:00, IP: /192.168.100.2, Security type: 2, Supplicant state: COMPLETED, Wi-Fi standard: 4, RSSI: -75, Link speed: 5Mbps, Tx Link speed: 5Mbps, Max Supported Tx Link speed: 300Mbps, Rx Link speed: 6Mbps, Max Supported Rx Link speed: 300Mbps, Frequency: 2462MHz, Net ID: -1, Metered hint: false, score: 60, isUsable: true, CarrierMerged: false, SubscriptionId: -1, IsPrimary: 1, Trusted: true, Restricted: false, Ephemeral: false, OEM paid: false, OEM private: false, OSU AP: false, FQDN: <none>, Provider friendly name: <none>, Requesting package name: <none><none>MLO Information: , AP MLD Address: <none>, AP MLO Link Id: <none>, AP MLO Affiliated links: <none>> SignalStrength: -75 AdminUids: [1000] SSID: "WE_8BDC3E" UnderlyingNetworks: Null]
05-09 19:02:56.525 28146 28433 D WM-NetworkStateTracker: Network capabilities changed: [ Transports: WIFI Capabilities: NOT_METERED&INTERNET&NOT_RESTRICTED&TRUSTED&NOT_VPN&VALIDATED&NOT_ROAMING&FOREGROUND&NOT_CONGESTED&NOT_SUSPENDED&NOT_VCN_MANAGED LinkUpBandwidth>=10000Kbps LinkDnBandwidth>=3464Kbps TransportInfo: <SSID: <unknown ssid>, BSSID: 02:00:00:00:00:00, MAC: 02:00:00:00:00:00, IP: /192.168.100.2, Security type: 2, Supplicant state: COMPLETED, Wi-Fi standard: 4, RSSI: -75, Link speed: 5Mbps, Tx Link speed: 5Mbps, Max Supported Tx Link speed: 300Mbps, Rx Link speed: 6Mbps, Max Supported Rx Link speed: 300Mbps, Frequency: 2462MHz, Net ID: -1, Metered hint: false, score: 60, isUsable: true, CarrierMerged: false, SubscriptionId: -1, IsPrimary: -1, Trusted: true, Restricted: false, Ephemeral: false, OEM paid: false, OEM private: false, OSU AP: false, FQDN: <none>, Provider friendly name: <none>, Requesting package name: <none><none>MLO Information: , AP MLD Address: <none>, AP MLO Link Id: <none>, AP MLO Affiliated links: <none>> SignalStrength: -75 UnderlyingNetworks: Null]
05-09 19:02:56.555  1203  3747 W ActivityManager: Foreground service started from background can not have location/camera/microphone access: service com.nisargjhaveri.netspeed/.IndicatorService
05-09 19:02:56.555  1610 17819 D SecFgsManagerControllerImpl: onForegroundStateChanged: dialogShown:false, isForeground:true, packageName:com.nisargjhaveri.netspeed , token:android.os.BinderProxy@4ec2826, userId:0
05-09 19:02:56.557  1203  1258 D ApplicationPolicy: isStatusBarNotificationAllowedAsUser: packageName = com.nisargjhaveri.netspeed,userId = 0
05-09 19:02:56.557  1203  1258 D ApplicationPolicy: isStatusBarNotificationAllowedAsUser: packageName = com.nisargjhaveri.netspeed,userId = 0
05-09 19:02:56.593 14174 14174 I HBD     : g onCapabilityChanged  setNetworkState currentNetworkState : wifi 
05-09 19:02:56.765  1203  1203 I Telecom:SamsungTelecomServiceImpl: isInManagedCall - callingPackage : android
05-09 19:02:56.772  1203  1203 D EdgeLightingManager: isCallingUserSupported : callingUserId=0, mUserId=0, isDualAppId=false, isKnoxId=false
05-09 19:02:56.772  1203  1203 D EdgeLightingManager: showForNotification : isInteractive=true, isHeadUp=true, color=0, canBypassDnd=false, sbn = StatusBarNotification(pkg=com.nisargjhaveri.netspeed user=UserHandle{0} id=1 tag=null key=0|com.nisargjhaveri.netspeed|1|null|10130: Notification(channel=NetSpeedIndicator shortcut=null contentView=com.nisargjhaveri.netspeed/0x7f0c002a vibrate=null sound=null defaults=0x0 flags=0x16a color=0x00000000 category=status vis=PRIVATE semFlags=0x0 semPriority=0 semMissedCount=0))
05-09 19:02:56.773  1203  1203 D EdgeLightingClientManager: isAvailableEdgeLighting: condition=1 mCondition=3 mIsConnected=false0
05-09 19:02:56.773  1203  1203 D EdgeLightingManager: showForNotificationScreenOn : return false by isAvailableEdgeLighting.
05-09 19:02:56.794  3550  4069 D KnoxHelper: getActivityList callingUserId: 0, target user: 0
05-09 19:02:56.798  2018  2018 I Launcher.NotificationListener: onNotificationPosted : com.nisargjhaveri.netspeed number : 0
05-09 19:02:56.799  2018  2263 I Launcher.NotificationListener: notificationIsValidForUI : com.nisargjhaveri.netspeed missingTitleAndText : true isGroupHeader : false
05-09 19:02:56.805  3826  3826 I Routine@Core[4.2.00.52]: PreloadNotificationListenerService: onNotificationPosted: - begin  - ($)
05-09 19:02:56.805  3826  3826 I Routine@Core[4.2.00.52]: PreloadNotificationListenerService: isScreenedOut: not interested:  - ($)
05-09 19:02:56.821  1610  1610 D BubblesManager: onEntryUpdated : shouldBubbleUp=false ,key=0|com.nisargjhaveri.netspeed|1|null|10130
05-09 19:02:56.869 14718 14718 I ResourceOverlayService_0: waitAndQuit called
05-09 19:02:56.871  1610  1610 I FaceWidgetPositionAlgorithm: getClockContainerHeight() supplier = 462, bottom margin = 0, real height = 525
05-09 19:02:56.872  1610  1610 I FaceWidgetPositionAlgorithm: getClockContainerHeight() supplier = 462, bottom margin = 63, real height = 525
05-09 19:02:56.872  1610  1610 I FaceWidgetPositionAlgorithm: getMediaContainerHeight() height = 456 container Visibility = 8, isValid = false, mIsDozing = false, fraction = 1.0, source = 0, target = 0
05-09 19:02:56.872  1610  1610 I FaceWidgetPositionAlgorithm: getMediaContainerHeight() supplier = 0
05-09 19:02:56.872 14718 14718 I ResourceOverlayService_0: activity user id 0 process id 0
05-09 19:02:57.007 15453 27684 I NearbySharing: Network state changed: NetworkState(isRestricted=false, isOnline=true, isCongested=false, isMetered=false, isWifiConnected=true)
05-09 19:02:57.028  1610  1610 I FaceWidgetPositionAlgorithm: getClockContainerHeight() supplier = 462, bottom margin = 0, real height = 525
05-09 19:02:57.029  1610  1610 I FaceWidgetPositionAlgorithm: getClockContainerHeight() supplier = 462, bottom margin = 63, real height = 525
05-09 19:02:57.029  1610  1610 I FaceWidgetPositionAlgorithm: getMediaContainerHeight() height = 456 container Visibility = 8, isValid = false, mIsDozing = false, fraction = 1.0, source = 0, target = 0
05-09 19:02:57.029  1610  1610 I FaceWidgetPositionAlgorithm: getMediaContainerHeight() supplier = 0
05-09 19:02:57.248  1610  1620 I ndroid.systemui: Background concurrent copying GC freed 23MB AllocSpace bytes, 0(0B) LOS objects, 44% free, 30MB/54MB, paused 298us,111us total 279.440ms
05-09 19:02:57.569  1203  3804 W ActivityManager: Foreground service started from background can not have location/camera/microphone access: service com.nisargjhaveri.netspeed/.IndicatorService
05-09 19:02:57.571  1610 17819 D SecFgsManagerControllerImpl: onForegroundStateChanged: dialogShown:false, isForeground:true, packageName:com.nisargjhaveri.netspeed , token:android.os.BinderProxy@4ec2826, userId:0
05-09 19:02:57.574  1203  1258 D ApplicationPolicy: isStatusBarNotificationAllowedAsUser: packageName = com.nisargjhaveri.netspeed,userId = 0
05-09 19:02:57.574  1203  1258 D ApplicationPolicy: isStatusBarNotificationAllowedAsUser: packageName = com.nisargjhaveri.netspeed,userId = 0
05-09 19:02:57.752   603   603 D io_stats: !@   8,0 r 14959141 271552348 w 10957595 137242384 d 0 0 f 0 0 iot 7470868 0 th 0 0 0 pt 0 inp 0 0 213069.716
05-09 19:02:57.789  1203  1203 I Telecom:SamsungTelecomServiceImpl: isInManagedCall - callingPackage : android
05-09 19:02:57.795  1203  1203 D EdgeLightingManager: isCallingUserSupported : callingUserId=0, mUserId=0, isDualAppId=false, isKnoxId=false
05-09 19:02:57.796  1203  1203 D EdgeLightingManager: showForNotification : isInteractive=true, isHeadUp=true, color=0, canBypassDnd=false, sbn = StatusBarNotification(pkg=com.nisargjhaveri.netspeed user=UserHandle{0} id=1 tag=null key=0|com.nisargjhaveri.netspeed|1|null|10130: Notification(channel=NetSpeedIndicator shortcut=null contentView=com.nisargjhaveri.netspeed/0x7f0c002a vibrate=null sound=null defaults=0x0 flags=0x16a color=0x00000000 category=status vis=PRIVATE semFlags=0x0 semPriority=0 semMissedCount=0))
05-09 19:02:57.796  1203  1203 D EdgeLightingClientManager: isAvailableEdgeLighting: condition=1 mCondition=3 mIsConnected=false0
05-09 19:02:57.796  1203  1203 D EdgeLightingManager: showForNotificationScreenOn : return false by isAvailableEdgeLighting.
05-09 19:02:57.807  3550  4069 D KnoxHelper: getActivityList callingUserId: 0, target user: 0
05-09 19:02:57.810  1610  1610 D BubblesManager: onEntryUpdated : shouldBubbleUp=false ,key=0|com.nisargjhaveri.netspeed|1|null|10130
05-09 19:02:57.812  2018  2018 I Launcher.NotificationListener: onNotificationPosted : com.nisargjhaveri.netspeed number : 0
05-09 19:02:57.814  2018  2263 I Launcher.NotificationListener: notificationIsValidForUI : com.nisargjhaveri.netspeed missingTitleAndText : true isGroupHeader : false
05-09 19:02:57.824  3826  3826 I Routine@Core[4.2.00.52]: PreloadNotificationListenerService: onNotificationPosted: - begin  - ($)
05-09 19:02:57.824  3826  3826 I Routine@Core[4.2.00.52]: PreloadNotificationListenerService: isScreenedOut: not interested:  - ($)
05-09 19:02:57.862  1610  1610 I FaceWidgetPositionAlgorithm: getClockContainerHeight() supplier = 462, bottom margin = 0, real height = 525
05-09 19:02:57.863  1610  1610 I FaceWidgetPositionAlgorithm: getClockContainerHeight() supplier = 462, bottom margin = 63, real height = 525
05-09 19:02:57.863  1610  1610 I FaceWidgetPositionAlgorithm: getMediaContainerHeight() height = 456 container Visibility = 8, isValid = false, mIsDozing = false, fraction = 1.0, source = 0, target = 0
05-09 19:02:57.863  1610  1610 I FaceWidgetPositionAlgorithm: getMediaContainerHeight() supplier = 0
05-09 19:02:57.874 14718 14718 I ResourceOverlayService_0: waitAndQuit called
05-09 19:02:57.875 14718 14718 I ResourceOverlayService_0: activity user id 0 process id 0
05-09 19:02:57.985  1610  1610 I FaceWidgetPositionAlgorithm: getClockContainerHeight() supplier = 462, bottom margin = 0, real height = 525
05-09 19:02:57.985  1610  1610 I FaceWidgetPositionAlgorithm: getClockContainerHeight() supplier = 462, bottom margin = 63, real height = 525
05-09 19:02:57.985  1610  1610 I FaceWidgetPositionAlgorithm: getMediaContainerHeight() height = 456 container Visibility = 8, isValid = false, mIsDozing = false, fraction = 1.0, source = 0, target = 0
05-09 19:02:57.985  1610  1610 I FaceWidgetPositionAlgorithm: getMediaContainerHeight() supplier = 0
05-09 19:02:58.586  1203  3805 W ActivityManager: Foreground service started from background can not have location/camera/microphone access: service com.nisargjhaveri.netspeed/.IndicatorService
05-09 19:02:58.588  1610 17819 D SecFgsManagerControllerImpl: onForegroundStateChanged: dialogShown:false, isForeground:true, packageName:com.nisargjhaveri.netspeed , token:android.os.BinderProxy@4ec2826, userId:0
05-09 19:02:58.591  1203  1258 D ApplicationPolicy: isStatusBarNotificationAllowedAsUser: packageName = com.nisargjhaveri.netspeed,userId = 0
05-09 19:02:58.593  1203  1258 D ApplicationPolicy: isStatusBarNotificationAllowedAsUser: packageName = com.nisargjhaveri.netspeed,userId = 0
05-09 19:02:58.806  1203  1203 I Telecom:SamsungTelecomServiceImpl: isInManagedCall - callingPackage : android
05-09 19:02:58.813  1203  1203 D EdgeLightingManager: isCallingUserSupported : callingUserId=0, mUserId=0, isDualAppId=false, isKnoxId=false
05-09 19:02:58.814  1203  1203 D EdgeLightingManager: showForNotification : isInteractive=true, isHeadUp=true, color=0, canBypassDnd=false, sbn = StatusBarNotification(pkg=com.nisargjhaveri.netspeed user=UserHandle{0} id=1 tag=null key=0|com.nisargjhaveri.netspeed|1|null|10130: Notification(channel=NetSpeedIndicator shortcut=null contentView=com.nisargjhaveri.netspeed/0x7f0c002a vibrate=null sound=null defaults=0x0 flags=0x16a color=0x00000000 category=status vis=PRIVATE semFlags=0x0 semPriority=0 semMissedCount=0))
05-09 19:02:58.814  1203  1203 D EdgeLightingClientManager: isAvailableEdgeLighting: condition=1 mCondition=3 mIsConnected=false0
05-09 19:02:58.814  1203  1203 D EdgeLightingManager: showForNotificationScreenOn : return false by isAvailableEdgeLighting.
05-09 19:02:58.829  2018  2018 I Launcher.NotificationListener: onNotificationPosted : com.nisargjhaveri.netspeed number : 0
05-09 19:02:58.830  2018  2263 I Launcher.NotificationListener: notificationIsValidForUI : com.nisargjhaveri.netspeed missingTitleAndText : true isGroupHeader : false
05-09 19:02:58.834  3550  4069 D KnoxHelper: getActivityList callingUserId: 0, target user: 0
05-09 19:02:58.835  3826  3826 I Routine@Core[4.2.00.52]: PreloadNotificationListenerService: onNotificationPosted: - begin  - ($)
05-09 19:02:58.836  3826  3826 I Routine@Core[4.2.00.52]: PreloadNotificationListenerService: isScreenedOut: not interested:  - ($)
05-09 19:02:58.837  1610  1610 D BubblesManager: onEntryUpdated : shouldBubbleUp=false ,key=0|com.nisargjhaveri.netspeed|1|null|10130
05-09 19:02:58.875  1610  1610 I FaceWidgetPositionAlgorithm: getClockContainerHeight() supplier = 462, bottom margin = 0, real height = 525
05-09 19:02:58.876  1610  1610 I FaceWidgetPositionAlgorithm: getClockContainerHeight() supplier = 462, bottom margin = 63, real height = 525
05-09 19:02:58.876  1610  1610 I FaceWidgetPositionAlgorithm: getMediaContainerHeight() height = 456 container Visibility = 8, isValid = false, mIsDozing = false, fraction = 1.0, source = 0, target = 0
05-09 19:02:58.876  1610  1610 I FaceWidgetPositionAlgorithm: getMediaContainerHeight() supplier = 0
05-09 19:02:58.880 14718 14718 I ResourceOverlayService_0: waitAndQuit called
05-09 19:02:58.881 14718 14718 I ResourceOverlayService_0: activity user id 0 process id 0
05-09 19:02:58.969  1610  1610 I FaceWidgetPositionAlgorithm: getClockContainerHeight() supplier = 462, bottom margin = 0, real height = 525
05-09 19:02:58.970  1610  1610 I FaceWidgetPositionAlgorithm: getClockContainerHeight() supplier = 462, bottom margin = 63, real height = 525
05-09 19:02:58.970  1610  1610 I FaceWidgetPositionAlgorithm: getMediaContainerHeight() height = 456 container Visibility = 8, isValid = false, mIsDozing = false, fraction = 1.0, source = 0, target = 0
05-09 19:02:58.970  1610  1610 I FaceWidgetPositionAlgorithm: getMediaContainerHeight() supplier = 0
05-09 19:02:59.130   868   868 E sehhealth-service: Could not open /sys/class/power_supply/battery/lrp
05-09 19:02:59.131  1203  1729 D BatteryService: Sending ACTION_BATTERY_CHANGED: level:46, status:2, health:2, ac:false, usb:true, wireless:false, pogo:false, misc:0x20000, charge_type:1, charger_type:0, voltage:3911, temperature:222, online:4, current_avg:379, ps:false, hvc:false, capacity:280000, current_event:0x10000, current_now:412, mcc:0, mcv:0, cc:2027680, present:true, scale:100, technology:Li-ion
05-09 19:02:59.134  1203  1408 D MotionRecognitionService: [SAR]  onReceive : ACTION_BATTERY_CHANGED, Plugged: 2
05-09 19:02:59.137  1203  1551 I DeviceBatteryInfoService: action: android.intent.action.BATTERY_CHANGED
05-09 19:02:59.137  1203  1551 I DeviceBatteryInfoService: phone battery level: 46
05-09 19:02:59.137  1203  1551 I DeviceBatteryInfoService: phone battery status: 2
05-09 19:02:59.141  1610  1610 D KeyguardUpdateMonitor: received broadcast android.intent.action.BATTERY_CHANGED
05-09 19:02:59.142  1610  1610 I PowerUI : mBootCompleted = true |  mFullyConnected = true
05-09 19:02:59.142  1610  1610 I PowerUI : BATTERY_HEALTH_CHECK extraHealth=2 mBatteryMiscEvent=131072
05-09 19:02:59.142  1203  1203 E PocketModeEvent: PocketModeSetting is off 
05-09 19:02:59.142  1610  1610 W PowerUI : Plug reason
05-09 19:02:59.142  1610  1610 W PowerUI : Skip charging animation - by plug status
05-09 19:02:59.142  1610  1610 D PowerUI : priorPlugType = 2 mPlugType = 2 priorBatteryStatus = 2 mBatteryStatus = 2
05-09 19:02:59.142  1203  1203 D PhoneWindowManagerExt: ACTION_BATTERY_CHANGED - Level=46, status=2
05-09 19:02:59.142  1610  1610 W PowerUI : Plug reason
05-09 19:02:59.142  1610  1610 W PowerUI : Skip charging sound - by plug status
05-09 19:02:59.142  1610  1610 I PowerUI : oldMisalign : false, curMisalign : false
05-09 19:02:59.143  1203  1203 D AdaptiveBrightnessLongtermModelBuilder: Received android.intent.action.BATTERY_CHANGED
05-09 19:02:59.143  1203  1203 D SemWifiApBroadcastReceiver: Received : android.intent.action.BATTERY_CHANGED
05-09 19:02:59.144  1610 10824 D SecPowerUI.Notification: dismissing low battery warning: level=46
05-09 19:02:59.144  1610 10824 D SecPowerUI.Notification: updateNotification mWarning=false mPlaySound=false
05-09 19:02:59.144  1610 10824 D SecPowerUI.Notification: SecBatteryStatsSnapshot{batteryLevel=46, currentBatteryMode=0, chargingTime=12844000, chargingType=11, batteryHealth=2, automaticTestMode=false, isHiccupState=false}
05-09 19:02:59.146  1610  1610 D SecPowerUI.Notification: showChargingNotice oldChargingType : 11 / currentChargingType : 11, oldChargingTime : 12844000 / mChargingTime : 12811000
05-09 19:02:59.146  1610  1610 D SecPowerUI.Notification: showChargingNotification()
05-09 19:02:59.146  1610  1610 D SecPowerUI.Notification: SecBatteryStatsSnapshot{batteryLevel=46, currentBatteryMode=0, chargingTime=12811000, chargingType=11, batteryHealth=2, automaticTestMode=false, isHiccupState=false}
05-09 19:02:59.147  1610 10824 D SecPowerUI.Notification: 1. restoreScreenTimeOut - saved_value : :
05-09 19:02:59.147  1610 10824 E SecPowerUI.Notification: no saved value, so we do nothing !!
05-09 19:02:59.150  1593  1593 D SemBigDataInfoController: Intent: android.intent.action.BATTERY_CHANGED
05-09 19:02:59.152  1593  1593 D SemBigDataInfoController: Intent: android.intent.action.BATTERY_CHANGED
05-09 19:02:59.172 10233 10233 I [SCPMV2][SystemMonitorReceiver]: onReceive: android.intent.action.BATTERY_CHANGED
05-09 19:02:59.177  1203  5040 D ApplicationPolicy: isStatusBarNotificationAllowedAsUser: packageName = com.android.systemui,userId = 0
05-09 19:02:59.178  1203  5040 D ApplicationPolicy: isStatusBarNotificationAllowedAsUser: packageName = com.android.systemui,userId = -1
05-09 19:02:59.178  1203  5040 D ApplicationPolicy: isStatusBarNotificationAllowedAsUser: converting userId from USER_ALLto 0
05-09 19:02:59.179  1610  1610 D PowerUI : Battery swelling mode - priorBatterySwellingMode = 0 mBatterySwellingMode = 0 mBatteryStatus = 2
05-09 19:02:59.180  1610  1610 I PowerUI : mBatteryMiscEvent = 131072
05-09 19:02:59.181  1610  1610 I PowerUI : checkShouldTurnOffProtectBattery : 0, Scheduling start ? : false
05-09 19:02:59.181  1610  1610 I PowerUI : Clear time
05-09 19:02:59.183  1203  5040 D SettingsProvider: isChangeAllowed() : name = charger_connected_time
05-09 19:02:59.183  1203  5040 D SettingsProvider: edmUri: content://com.sec.knox.provider/RestrictionPolicy3
05-09 19:02:59.183  1203  5040 D SettingsProvider: projectionArgs: isSettingsChangesAllowed
05-09 19:02:59.183  1203  5040 D SettingsProvider: selectionArgs: false
05-09 19:02:59.183  1203  5040 D SettingsProvider: selectionArgs: 10053
05-09 19:02:59.183  1203  5040 D SecContentProvider: query(), uri = 17 selection = isSettingsChangesAllowed
05-09 19:02:59.183  1203  5040 D SecContentProvider: called from android.uid.systemui:10053
05-09 19:02:59.183  1203  5040 D RestrictionPolicy: isSettingsChangesAllowedAsUser, userId 0 : true
05-09 19:02:59.184  1203  5040 D SettingsProvider: ret = 1
05-09 19:02:59.186  1610  1610 D SamsungBatteryMeterDrawable: onBatteryLevelChanged isSomethingChanged: false
05-09 19:02:59.186  1610  1610 D SamsungBatteryMeterDrawable: onBatteryLevelChanged isSomethingChanged: false
05-09 19:02:59.187  1610  1610 D SamsungBatteryMeterDrawable: onBatteryLevelChanged isSomethingChanged: false
05-09 19:02:59.187  1610  1610 D SamsungBatteryMeterDrawable: onBatteryLevelChanged isSomethingChanged: false
05-09 19:02:59.188  1610  1610 D KeyguardUpdateMonitor: handleBatteryUpdate
05-09 19:02:59.194  1610  1610 D KeyguardSecIndicationController: addIndicationTimeout() returned - unlocking
05-09 19:02:59.195  1610  1610 D KeyguardSecIndicationController: addIndication() returned - unlocking
05-09 19:02:59.196  1610  1610 D KeyguardSecIndicationPolicy:  remove Item pos = DEFAULT, type =           OWNER_INFO
05-09 19:02:59.196  1610  1610 D KeyguardSecIndicationController: addBatteryAndOwnerInfoIndication() battery status = BatteryStatus{status=2,level=46,plugged=2,health=2,maxChargingWattage=-1,remaining=12811000ultraFastCharger=0}
05-09 19:02:59.196  1610  1610 I AODBatteryManager: updateBatteryData: ACTION_BATTERY_CHANGED
05-09 19:02:59.198  1610  1610 I AODBatteryManager: saveBatteryData : AOD BatteryData [mBatteryLevel=46, mBatteryStatus=CHARGING, mBatteryPlugType=USB, mBatteryPlugged=true, mRemainingChargeTime=12811000, mBatteryChargingType=1, mBatteryChargerType=NORMAL, mBatteryOnline=USB, mBatterySwellingMode=NONE, mBatteryProtectMode=false]
05-09 19:02:59.198  1610  1610 I ChargingInfoManager: updateChargingInfo: newState = AOD ChargingInfo [mState=BATTERY_AND_REMAIN_TIME, mIsCharging=true, mIsFullyCharged=false, mIsBatteryProtectMode=false], oldState = AOD ChargingInfo [mState=BATTERY_AND_REMAIN_TIME, mIsCharging=true, mIsFullyCharged=false, mIsBatteryProtectMode=false]
05-09 19:02:59.287   815   815 E audit   : type=1400 audit(1746806579.281:92683): avc:  denied  { getattr } for  pid=10715 comm="roid.myservices" path="/dev/pmsg0" dev="tmpfs" ino=14572 scontext=u:r:untrusted_app:s0:c95,c257,c512,c768 tcontext=u:object_r:pmsg_device:s0 tclass=chr_file permissive=0 SEPF_SM-N770F_13_0001 audit_filtered
05-09 19:02:59.287   815   815 E audit   : type=1300 audit(1746806579.281:92683): arch=c00000b7 syscall=80 success=no exit=-13 a0=4 a1=7ff3147720 a2=7ff3148240 a3=4 items=0 ppid=837 pid=10715 auid=4294967295 uid=10351 gid=10351 euid=10351 suid=10351 fsuid=10351 egid=10351 sgid=10351 fsgid=10351 tty=(none) ses=4294967295 comm="roid.myservices" exe="/system/bin/app_process64" subj=u:r:untrusted_app:s0:c95,c257,c512,c768 key=(null)
05-09 19:02:59.287   815   815 E audit   : type=1327 audit(1746806579.281:92683): proctitle="com.emeint.android.myservices"
05-09 19:02:59.385  1203  1203 I Telecom:SamsungTelecomServiceImpl: isInManagedCall - callingPackage : android
05-09 19:02:59.390  2018  2018 I Launcher.NotificationListener: onNotificationPosted : com.android.systemui number : 0
05-09 19:02:59.392  3826  3826 I Routine@Core[4.2.00.52]: PreloadNotificationListenerService: onNotificationPosted: - begin  - ($)
05-09 19:02:59.392  3826  3826 I Routine@Core[4.2.00.52]: PreloadNotificationListenerService: isScreenedOut: package on denyList  - ($)
05-09 19:02:59.475  1203 29011 D SemWifiUsabilityStatsMonitor: onWifiUsabilityStats - seqNum 28183, isSameBssidAndFreq true
05-09 19:02:59.476  1203  1518 I SemWifiLinkQualityMonitor: Link Qos Query: 1.600 ms / 5.000 Mbps (5 / 0.000 / 1.000)
05-09 19:02:59.476  1610  1610 D NetworkController.WifiSignalController: notifyListener: visible=true, connected=true, inetCondition=1, isDefault=true, wifiTestReported=true, receivedInetCondition=-1, hideDuringMobileSwitching=false
05-09 19:02:59.479  1610  1745 D Tile.WifiTile: handleUpdateState isTransient=false transientEnabling =false cb.isTransient=false state.state = 2 mStateBeforeClick.value =false enabled =true
05-09 19:02:59.596  1203  3805 W ActivityManager: Foreground service started from background can not have location/camera/microphone access: service com.nisargjhaveri.netspeed/.IndicatorService
05-09 19:02:59.597  1610 17819 D SecFgsManagerControllerImpl: onForegroundStateChanged: dialogShown:false, isForeground:true, packageName:com.nisargjhaveri.netspeed , token:android.os.BinderProxy@4ec2826, userId:0
05-09 19:02:59.598  1203  1258 D ApplicationPolicy: isStatusBarNotificationAllowedAsUser: packageName = com.nisargjhaveri.netspeed,userId = 0
05-09 19:02:59.598  1610  1610 D BubblesManager: onEntryUpdated : shouldBubbleUp=false ,key=-1|com.android.systemui|2131428972|charging_state|10053
05-09 19:02:59.598  1203  1258 D ApplicationPolicy: isStatusBarNotificationAllowedAsUser: packageName = com.nisargjhaveri.netspeed,userId = 0
05-09 19:02:59.621  1610  1610 I FaceWidgetPositionAlgorithm: getClockContainerHeight() supplier = 462, bottom margin = 0, real height = 525
05-09 19:02:59.621  1610  1610 I FaceWidgetPositionAlgorithm: getClockContainerHeight() supplier = 462, bottom margin = 63, real height = 525
05-09 19:02:59.621  1610  1610 I FaceWidgetPositionAlgorithm: getMediaContainerHeight() height = 456 container Visibility = 8, isValid = false, mIsDozing = false, fraction = 1.0, source = 0, target = 0
05-09 19:02:59.621  1610  1610 I FaceWidgetPositionAlgorithm: getMediaContainerHeight() supplier = 0
05-09 19:02:59.652  1610  1610 I FaceWidgetPositionAlgorithm: getClockContainerHeight() supplier = 462, bottom margin = 0, real height = 525
05-09 19:02:59.652  1610  1610 I FaceWidgetPositionAlgorithm: getClockContainerHeight() supplier = 462, bottom margin = 63, real height = 525
05-09 19:02:59.652  1610  1610 I FaceWidgetPositionAlgorithm: getMediaContainerHeight() height = 456 container Visibility = 8, isValid = false, mIsDozing = false, fraction = 1.0, source = 0, target = 0
05-09 19:02:59.652  1610  1610 I FaceWidgetPositionAlgorithm: getMediaContainerHeight() supplier = 0
05-09 19:02:59.684  1610  1610 I FaceWidgetPositionAlgorithm: getClockContainerHeight() supplier = 462, bottom margin = 0, real height = 525
05-09 19:02:59.684  1610  1610 I FaceWidgetPositionAlgorithm: getClockContainerHeight() supplier = 462, bottom margin = 63, real height = 525
05-09 19:02:59.684  1610  1610 I FaceWidgetPositionAlgorithm: getMediaContainerHeight() height = 456 container Visibility = 8, isValid = false, mIsDozing = false, fraction = 1.0, source = 0, target = 0
05-09 19:02:59.684  1610  1610 I FaceWidgetPositionAlgorithm: getMediaContainerHeight() supplier = 0
05-09 19:02:59.736   815   815 E audit   : type=1400 audit(1746806579.729:92684): avc:  denied  { read } for  pid=10715 comm="roid.myservices" name="current_tracer" dev="tracefs" ino=4430 scontext=u:r:untrusted_app:s0:c95,c257,c512,c768 tcontext=u:object_r:debugfs_tracing_debug:s0 tclass=file permissive=0 SEPF_SM-N770F_13_0001 audit_filtered
05-09 19:02:59.752   603   603 D io_stats: !@   8,0 r 14959141 271552348 w 10957609 137242460 d 0 0 f 0 0 iot 7470884 0 th 0 0 0 pt 0 inp 0 0 213071.717
05-09 19:02:59.804  1203  1203 I Telecom:SamsungTelecomServiceImpl: isInManagedCall - callingPackage : android
05-09 19:02:59.809  1203  1203 D EdgeLightingManager: isCallingUserSupported : callingUserId=0, mUserId=0, isDualAppId=false, isKnoxId=false
05-09 19:02:59.809  1203  1203 D EdgeLightingManager: showForNotification : isInteractive=true, isHeadUp=true, color=0, canBypassDnd=false, sbn = StatusBarNotification(pkg=com.nisargjhaveri.netspeed user=UserHandle{0} id=1 tag=null key=0|com.nisargjhaveri.netspeed|1|null|10130: Notification(channel=NetSpeedIndicator shortcut=null contentView=com.nisargjhaveri.netspeed/0x7f0c002a vibrate=null sound=null defaults=0x0 flags=0x16a color=0x00000000 category=status vis=PRIVATE semFlags=0x0 semPriority=0 semMissedCount=0))
05-09 19:02:59.809  1203  1203 D EdgeLightingClientManager: isAvailableEdgeLighting: condition=1 mCondition=3 mIsConnected=false0
05-09 19:02:59.809  1203  1203 D EdgeLightingManager: showForNotificationScreenOn : return false by isAvailableEdgeLighting.
05-09 19:02:59.816  3550  4069 D KnoxHelper: getActivityList callingUserId: 0, target user: 0
05-09 19:02:59.818  3826  3826 I Routine@Core[4.2.00.52]: PreloadNotificationListenerService: onNotificationPosted: - begin  - ($)
05-09 19:02:59.819  3826  3826 I Routine@Core[4.2.00.52]: PreloadNotificationListenerService: isScreenedOut: not interested:  - ($)
05-09 19:02:59.823  2018  2018 I Launcher.NotificationListener: onNotificationPosted : com.nisargjhaveri.netspeed number : 0
05-09 19:02:59.824  2018  2263 I Launcher.NotificationListener: notificationIsValidForUI : com.nisargjhaveri.netspeed missingTitleAndText : true isGroupHeader : false
05-09 19:02:59.825  1610  1610 D BubblesManager: onEntryUpdated : shouldBubbleUp=false ,key=0|com.nisargjhaveri.netspeed|1|null|10130
05-09 19:02:59.845  1610  1610 I FaceWidgetPositionAlgorithm: getClockContainerHeight() supplier = 462, bottom margin = 0, real height = 525
05-09 19:02:59.846  1610  1610 I FaceWidgetPositionAlgorithm: getClockContainerHeight() supplier = 462, bottom margin = 63, real height = 525
05-09 19:02:59.846  1610  1610 I FaceWidgetPositionAlgorithm: getMediaContainerHeight() height = 456 container Visibility = 8, isValid = false, mIsDozing = false, fraction = 1.0, source = 0, target = 0
05-09 19:02:59.846  1610  1610 I FaceWidgetPositionAlgorithm: getMediaContainerHeight() supplier = 0
05-09 19:02:59.883 14718 14718 I ResourceOverlayService_0: waitAndQuit called
05-09 19:02:59.884 14718 14718 I ResourceOverlayService_0: activity user id 0 process id 0
05-09 19:02:59.923  1610  1610 I FaceWidgetPositionAlgorithm: getClockContainerHeight() supplier = 462, bottom margin = 0, real height = 525
05-09 19:02:59.923  1610  1610 I FaceWidgetPositionAlgorithm: getClockContainerHeight() supplier = 462, bottom margin = 63, real height = 525
05-09 19:02:59.923  1610  1610 I FaceWidgetPositionAlgorithm: getMediaContainerHeight() height = 456 container Visibility = 8, isValid = false, mIsDozing = false, fraction = 1.0, source = 0, target = 0
05-09 19:02:59.923  1610  1610 I FaceWidgetPositionAlgorithm: getMediaContainerHeight() supplier = 0
05-09 19:03:00.003  1610  2108 D QSClockBellTower: onReceive(android.intent.action.TIME_TICK) mTimeZoneString:null
05-09 19:03:00.004  1610  1610 D KeyguardUpdateMonitor: received broadcast android.intent.action.TIME_TICK
05-09 19:03:00.008  1203  1203 I EyeComfortSolutionService: action  :  android.intent.action.TIME_TICK
05-09 19:03:00.010  1203  1853 I EyeComfortSolutionService: Week : Fri , Hour : 19 , Minute : 03 , TimeValue : 1143 , wakeup state, defaultBedTime : 0 , start sleep : -360
05-09 19:03:00.010  1203  1853 I EyeComfortSolutionService: currentWakeupStep : 7
05-09 19:03:00.016  1610  1610 D QSClockBellTower: He is ready to ring the bell. (((QSClockBellSound - TimeText:7:03, TimeContentDescription:7:03 pm, DateText:Fri, 9 May, ShortDateText:Fri, 9 May, Demo:false, QuickStar-Second(false|12:34:56))))
05-09 19:03:00.019  1610  1610 D QSClockIndicatorView: Home Indicator status_bar_clock 7:03 notifyTimeChanged(QSClockBellSound - TimeText:7:03, TimeContentDescription:7:03 pm, DateText:Fri, 9 May, ShortDateText:Fri, 9 May, Demo:false, QuickStar-Second(false|12:34:56)) ClockVisibleByPolicy:true, ClockVisibleByUser:true, visible?true, parent:android.widget.LinearLayout{aaa5833 V.E...... ......ID 0,0-74,54 #7f0b04f0 app:id/left_clock_container}
05-09 19:03:00.019  1610  1610 D QSClockBellTower: Everyone heard the bell. run(currentTime:1746806580014,   getTime():Fri May 09 19:03:00 GMT+03:00 2025,   getTimeZone():libcore.util.ZoneInfo[mDstSavings=3600000,mUseDst=true,mDelegate=[id="Africa/Cairo",mRawOffset=7200000,mEarliestRawOffset=7509000,transitions=157]])
05-09 19:03:00.019  1610  1610 D KeyguardUpdateMonitor: handleTimeUpdate
05-09 19:03:00.020  1610  1610 D FaceWidgetPagesController: onTimeChanged()
05-09 19:03:00.038  1610  1610 I FaceWidgetPositionAlgorithm: getClockContainerHeight() supplier = 462, bottom margin = 0, real height = 525
05-09 19:03:00.039  1610  1610 I FaceWidgetPositionAlgorithm: getClockContainerHeight() supplier = 462, bottom margin = 63, real height = 525
05-09 19:03:00.039  1610  1610 I FaceWidgetPositionAlgorithm: getMediaContainerHeight() height = 456 container Visibility = 8, isValid = false, mIsDozing = false, fraction = 1.0, source = 0, target = 0
05-09 19:03:00.039  1610  1610 I FaceWidgetPositionAlgorithm: getMediaContainerHeight() supplier = 0
05-09 19:03:00.041  1610  1610 V QsExpandAnimator: setQsExpansionPosition 0.0
05-09 19:03:00.048  1610  1610 V QsExpandAnimator: updateAnimators
05-09 19:03:00.048  1610  1610 V QsExpandAnimator: clearAnimationState 
05-09 19:03:00.049  1610  1610 V QsExpandAnimator: updateViews
05-09 19:03:00.052  1610  1610 V QsExpandAnimator: updateTileAnimator
05-09 19:03:00.054  1610  1610 V QsExpandAnimator: updateHeaderAnimator
05-09 19:03:00.054  1610  1610 V QsExpandAnimator: updateBarAnimator
05-09 19:03:00.054  1610  1610 V QsExpandAnimator: setQsExpansionPosition 0.0
05-09 19:03:00.054  1610  1610 V QsExpandAnimator: onAnimationAtStart
05-09 19:03:00.617  1203  3747 W ActivityManager: Foreground service started from background can not have location/camera/microphone access: service com.nisargjhaveri.netspeed/.IndicatorService
05-09 19:03:00.620  1610  2564 D SecFgsManagerControllerImpl: onForegroundStateChanged: dialogShown:false, isForeground:true, packageName:com.nisargjhaveri.netspeed , token:android.os.BinderProxy@4ec2826, userId:0
05-09 19:03:00.621  1203  1258 D ApplicationPolicy: isStatusBarNotificationAllowedAsUser: packageName = com.nisargjhaveri.netspeed,userId = 0
05-09 19:03:00.622  1203  1258 D ApplicationPolicy: isStatusBarNotificationAllowedAsUser: packageName = com.nisargjhaveri.netspeed,userId = 0
05-09 19:03:00.836  1203  1203 I Telecom:SamsungTelecomServiceImpl: isInManagedCall - callingPackage : android
05-09 19:03:00.842  1203  1203 D EdgeLightingManager: isCallingUserSupported : callingUserId=0, mUserId=0, isDualAppId=false, isKnoxId=false
05-09 19:03:00.842  1203  1203 D EdgeLightingManager: showForNotification : isInteractive=true, isHeadUp=true, color=0, canBypassDnd=false, sbn = StatusBarNotification(pkg=com.nisargjhaveri.netspeed user=UserHandle{0} id=1 tag=null key=0|com.nisargjhaveri.netspeed|1|null|10130: Notification(channel=NetSpeedIndicator shortcut=null contentView=com.nisargjhaveri.netspeed/0x7f0c002a vibrate=null sound=null defaults=0x0 flags=0x16a color=0x00000000 category=status vis=PRIVATE semFlags=0x0 semPriority=0 semMissedCount=0))
05-09 19:03:00.842  1203  1203 D EdgeLightingClientManager: isAvailableEdgeLighting: condition=1 mCondition=3 mIsConnected=false0
05-09 19:03:00.843  1203  1203 D EdgeLightingManager: showForNotificationScreenOn : return false by isAvailableEdgeLighting.
05-09 19:03:00.854  3826  3826 I Routine@Core[4.2.00.52]: PreloadNotificationListenerService: onNotificationPosted: - begin  - ($)
05-09 19:03:00.855  3826  3826 I Routine@Core[4.2.00.52]: PreloadNotificationListenerService: isScreenedOut: not interested:  - ($)
05-09 19:03:00.855  3550  4069 D KnoxHelper: getActivityList callingUserId: 0, target user: 0
05-09 19:03:00.858  2018  2018 I Launcher.NotificationListener: onNotificationPosted : com.nisargjhaveri.netspeed number : 0
05-09 19:03:00.860  2018  2263 I Launcher.NotificationListener: notificationIsValidForUI : com.nisargjhaveri.netspeed missingTitleAndText : true isGroupHeader : false
05-09 19:03:00.868  1610  1610 D BubblesManager: onEntryUpdated : shouldBubbleUp=false ,key=0|com.nisargjhaveri.netspeed|1|null|10130
05-09 19:03:00.886 14718 14718 I ResourceOverlayService_0: waitAndQuit called
05-09 19:03:00.888 14718 14718 I ResourceOverlayService_0: activity user id 0 process id 0
